Archive member included to satisfy reference by file (symbol)

/home/repo/SimplicityStudio/zigbee_end_device/simplicity_sdk_2025.6.1/platform/radio/rail_lib/autogen/librail_release/librail_config_mgm210pa32jia_gcc.a(rail_pa_curves.o)
                              ./simplicity_sdk_2025.6.1/platform/radio/rail_lib/plugin/pa-conversions/pa_conversions_efr32.o (symbol from plugin) (RAIL_TxPowerCurvesVbat)
/home/repo/SimplicityStudio/zigbee_end_device/simplicity_sdk_2025.6.1/platform/radio/rail_lib/autogen/librail_release/librail_module_efr32xg21_gcc_release.a(rail_rf.o)
                              ./simplicity_sdk_2025.6.1/platform/radio/rail_lib/plugin/rail_util_rf_path/sl_rail_util_rf_path.o (symbol from plugin) (sl_rail_config_antenna)
/home/repo/SimplicityStudio/zigbee_end_device/simplicity_sdk_2025.6.1/platform/radio/rail_lib/autogen/librail_release/librail_module_efr32xg21_gcc_release.a(rail_rx.o)
                              ./simplicity_sdk_2025.6.1/platform/service/legacy_hal/src/base-replacement.o (symbol from plugin) (RAIL_GetRadioEntropy)
/home/repo/SimplicityStudio/zigbee_end_device/simplicity_sdk_2025.6.1/platform/radio/rail_lib/autogen/librail_release/librail_module_efr32xg21_gcc_release.a(rail_tx.o)
                              ./simplicity_sdk_2025.6.1/platform/radio/rail_lib/plugin/pa-conversions/pa_conversions_efr32.o (symbol from plugin) (RAIL_SetTxPowerDbm)
/home/repo/SimplicityStudio/zigbee_end_device/simplicity_sdk_2025.6.1/platform/radio/rail_lib/autogen/librail_release/librail_module_efr32xg21_gcc_release.a(rail_data.o)
                              /home/repo/SimplicityStudio/zigbee_end_device/simplicity_sdk_2025.6.1/platform/radio/rail_lib/autogen/librail_release/librail_module_efr32xg21_gcc_release.a(rail_rx.o) (sli_rail_f66fab2bd9ca95e764ec1163bf5d8b5d)
/home/repo/SimplicityStudio/zigbee_end_device/simplicity_sdk_2025.6.1/platform/radio/rail_lib/autogen/librail_release/librail_module_efr32xg21_gcc_release.a(rail_assert.o)
                              /home/repo/SimplicityStudio/zigbee_end_device/simplicity_sdk_2025.6.1/platform/radio/rail_lib/autogen/librail_release/librail_module_efr32xg21_gcc_release.a(rail_rf.o) (sli_rail_205167ae842e22724c3f35c6430eeddb)
/home/repo/SimplicityStudio/zigbee_end_device/simplicity_sdk_2025.6.1/platform/radio/rail_lib/autogen/librail_release/librail_module_efr32xg21_gcc_release.a(rail_pti.o)
                              ./simplicity_sdk_2025.6.1/platform/radio/rail_lib/plugin/rail_util_pti/sl_rail_util_pti.o (symbol from plugin) (sl_rail_config_pti)
/home/repo/SimplicityStudio/zigbee_end_device/simplicity_sdk_2025.6.1/platform/radio/rail_lib/autogen/librail_release/librail_module_efr32xg21_gcc_release.a(rail_timer.o)
                              ./simplicity_sdk_2025.6.1/platform/service/legacy_hal/src/base-replacement.o (symbol from plugin) (RAIL_DelayUs)
/home/repo/SimplicityStudio/zigbee_end_device/simplicity_sdk_2025.6.1/platform/radio/rail_lib/autogen/librail_release/librail_module_efr32xg21_gcc_release.a(rail_features.o)
                              ./simplicity_sdk_2025.6.1/platform/radio/rail_lib/plugin/pa-conversions/pa_conversions_efr32.o (symbol from plugin) (RAIL_SupportsTxPowerModeAlt)
/home/repo/SimplicityStudio/zigbee_end_device/simplicity_sdk_2025.6.1/platform/radio/rail_lib/autogen/librail_release/librail_module_efr32xg21_gcc_release.a(tmrdrv.o)
                              /home/repo/SimplicityStudio/zigbee_end_device/simplicity_sdk_2025.6.1/platform/radio/rail_lib/autogen/librail_release/librail_module_efr32xg21_gcc_release.a(rail_timer.o) (sli_rail_03a02e949ccb07bdf2c116a95bc1063d)
/home/repo/SimplicityStudio/zigbee_end_device/simplicity_sdk_2025.6.1/platform/radio/rail_lib/autogen/librail_release/librail_module_efr32xg21_gcc_release.a(tmrdrv_config.o)
                              /home/repo/SimplicityStudio/zigbee_end_device/simplicity_sdk_2025.6.1/platform/radio/rail_lib/autogen/librail_release/librail_module_efr32xg21_gcc_release.a(tmrdrv.o) (sli_rail_47ca1afb9bdf7beb1cf53c552f662e9e)
/home/repo/SimplicityStudio/zigbee_end_device/simplicity_sdk_2025.6.1/platform/radio/rail_lib/autogen/librail_release/librail_module_efr32xg21_gcc_release.a(pa_auto_mode.o)
                              /home/repo/SimplicityStudio/zigbee_end_device/simplicity_sdk_2025.6.1/platform/radio/rail_lib/autogen/librail_release/librail_module_efr32xg21_gcc_release.a(rail_tx.o) (RAILCb_PaAutoModeDecision)
/home/repo/SimplicityStudio/zigbee_end_device/simplicity_sdk_2025.6.1/platform/radio/rail_lib/autogen/librail_release/librail_module_efr32xg21_gcc_release.a(rail_ieee802154.o)
                              ./simplicity_sdk_2025.6.1/protocol/zigbee/app/framework/cli/core-cli.o (symbol from plugin) (sl_rail_ieee802154_get_phy_id)
/home/repo/SimplicityStudio/zigbee_end_device/simplicity_sdk_2025.6.1/platform/radio/rail_lib/autogen/librail_release/librail_module_efr32xg21_gcc_release.a(rail_ble.o)
[...]
Memory Configuration

Name             Origin             Length             Attributes
FLASH            0x0000000000004000 0x00000000000fa000 xr
RAM              0x0000000020000004 0x0000000000017ffc xrw
BOOTLOADER_RESET_REGION 0x0000000020000000 0x0000000000000004 xrw
*default*        0x0000000000000000 0xffffffffffffffff

Linker script and memory map

LOAD /opt/ss/SimplicityStudio_v5/developer/toolchains/gnu_arm/12.2.rel1_2023.7/bin/../lib/gcc/arm-none-eabi/12.2.1/thumb/v8-m.main+fp/hard/crti.o
LOAD /opt/ss/SimplicityStudio_v5/developer/toolchains/gnu_arm/12.2.rel1_2023.7/bin/../lib/gcc/arm-none-eabi/12.2.1/thumb/v8-m.main+fp/hard/crtbegin.o
LOAD /opt/ss/SimplicityStudio_v5/developer/toolchains/gnu_arm/12.2.rel1_2023.7/bin/../lib/gcc/arm-none-eabi/12.2.1/../../../../arm-none-eabi/lib/thumb/v8-m.main+fp/hard/crt0.o
START GROUP
LOAD ./app.o
LOAD /tmp/cc5lVH1L.ltrans0.ltrans.o
LOAD /tmp/cc5lVH1L.ltrans1.ltrans.o
LOAD /tmp/cc5lVH1L.ltrans2.ltrans.o
LOAD /tmp/cc5lVH1L.ltrans3.ltrans.o
LOAD /tmp/cc5lVH1L.ltrans4.ltrans.o
LOAD /tmp/ccfiFqHL.debug.temp.o
LOAD /tmp/ccf8YhxD.debug.temp.o
LOAD /tmp/cc6k4KSv.debug.temp.o
LOAD /tmp/ccXfvgNc.debug.temp.o
LOAD /tmp/ccSqznDh.debug.temp.o
LOAD /tmp/ccmwraA7.debug.temp.o
LOAD /tmp/ccorz7Hj.debug.temp.o
LOAD /tmp/cc5pUkmc.debug.temp.o
LOAD /tmp/ccqpX8Ju.debug.temp.o
LOAD /tmp/ccDkdVUU.debug.temp.o
LOAD /tmp/ccoZQpX8.debug.temp.o
LOAD /tmp/cc0TOrYY.debug.temp.o
LOAD /tmp/cctEHp6O.debug.temp.o
LOAD /tmp/ccjYSIB1.debug.temp.o
LOAD /tmp/ccNXddsI.debug.temp.o
LOAD /tmp/ccf7kyjF.debug.temp.o
LOAD /tmp/cc756yjd.debug.temp.o
LOAD /tmp/ccQzaVRV.debug.temp.o
LOAD /tmp/ccOYfdk9.debug.temp.o
LOAD /tmp/ccOr8RoC.debug.temp.o
LOAD /tmp/ccCJKlwc.debug.temp.o
LOAD /tmp/cc4OZc8p.debug.temp.o
LOAD /tmp/cc9mDA55.debug.temp.o
LOAD /tmp/ccejdfuw.debug.temp.o
LOAD /tmp/ccazoZq2.debug.temp.o
LOAD /tmp/ccCiex8h.debug.temp.o
LOAD /tmp/ccJcrLKx.debug.temp.o
LOAD /tmp/ccp4Bv9l.debug.temp.o
LOAD /tmp/cchPurFt.debug.temp.o
LOAD /tmp/cc3PdIM5.debug.temp.o
LOAD /tmp/ccgOfzqr.debug.temp.o
LOAD /tmp/ccrDUdJE.debug.temp.o
LOAD /tmp/cc8m9x70.debug.temp.o
LOAD /tmp/ccpGLJxW.debug.temp.o
LOAD /tmp/ccXlZzQy.debug.temp.o
LOAD /tmp/ccQVIvgz.debug.temp.o
LOAD /tmp/ccTnKJQP.debug.temp.o
LOAD /tmp/ccHLFWw8.debug.temp.o
LOAD /tmp/ccDuxxx4.debug.temp.o
LOAD /tmp/ccswxvTA.debug.temp.o
LOAD /tmp/ccj4oXt0.debug.temp.o
LOAD /tmp/ccLWgPp6.debug.temp.o
LOAD /tmp/ccgtkyPb.debug.temp.o
LOAD /tmp/ccGlR8dN.debug.temp.o
LOAD /tmp/ccP6rRzE.debug.temp.o
LOAD /tmp/ccL8T0yI.debug.temp.o
LOAD /tmp/ccZGD5sl.debug.temp.o
LOAD /tmp/ccO4tRJ4.debug.temp.o
LOAD /tmp/cchzBDfa.debug.temp.o
LOAD /tmp/ccyFvHo2.debug.temp.o
LOAD /tmp/ccr3x04J.debug.temp.o
LOAD /tmp/ccP9vCsO.debug.temp.o
LOAD /tmp/cctilW4o.debug.temp.o
LOAD /tmp/cc0SUv0e.debug.temp.o
LOAD /tmp/ccFEURIL.debug.temp.o
LOAD /tmp/cc9BZybP.debug.temp.o
LOAD /tmp/ccFMuPPL.debug.temp.o
LOAD /tmp/cc9wBdwR.debug.temp.o
LOAD /tmp/ccIUkOJb.debug.temp.o
LOAD /tmp/cc0Zn5Gc.debug.temp.o
LOAD /tmp/ccxvTnz5.debug.temp.o
LOAD /tmp/ccJ3po4k.debug.temp.o
LOAD /tmp/ccUhfauV.debug.temp.o
LOAD /tmp/cc9hrkqu.debug.temp.o
LOAD /tmp/cc7lLxz5.debug.temp.o
LOAD /tmp/ccqWZ4y6.debug.temp.o
LOAD /tmp/ccVQZibE.debug.temp.o
LOAD /tmp/ccf9IBOL.debug.temp.o
LOAD /tmp/ccw0ysZs.debug.temp.o
LOAD /tmp/cckNAvC5.debug.temp.o
LOAD /tmp/ccnSznff.debug.temp.o
LOAD /tmp/cci4Smg9.debug.temp.o
LOAD /tmp/ccNqaTXj.debug.temp.o
LOAD /tmp/ccf5OMHI.debug.temp.o
LOAD /tmp/ccrBRunJ.debug.temp.o
LOAD /tmp/ccJsB3H8.debug.temp.o
LOAD /tmp/ccUsPp22.debug.temp.o
LOAD /tmp/ccNloIZE.debug.temp.o
LOAD /tmp/cc4DAkjQ.debug.temp.o
LOAD /tmp/ccGpW4Gz.debug.temp.o
LOAD /tmp/ccRbdTu0.debug.temp.o
LOAD /tmp/ccJ0PUd0.debug.temp.o
LOAD /tmp/ccgNSvum.debug.temp.o
LOAD /tmp/ccTUW6ks.debug.temp.o
LOAD /tmp/cc883Zk2.debug.temp.o
LOAD /tmp/cchEP0L8.debug.temp.o
LOAD /tmp/cceBDNyF.debug.temp.o
LOAD /tmp/ccyaUHSl.debug.temp.o
LOAD /tmp/ccDkb8mM.debug.temp.o
LOAD /tmp/ccupLoNj.debug.temp.o
LOAD /tmp/ccMEhMuR.debug.temp.o
LOAD /tmp/cczeGcmP.debug.temp.o
LOAD /tmp/ccf8a1FX.debug.temp.o
LOAD /tmp/ccfjuFpg.debug.temp.o
LOAD /tmp/cclZKU00.debug.temp.o
LOAD /tmp/ccXcpCpJ.debug.temp.o
LOAD /tmp/cctM0ufi.debug.temp.o
LOAD /tmp/ccNs0bqv.debug.temp.o
LOAD /tmp/ccn0LeMr.debug.temp.o
LOAD /tmp/cc3yKgmz.debug.temp.o
LOAD /tmp/ccbJBp4G.debug.temp.o
LOAD /tmp/cc8or01i.debug.temp.o
LOAD /tmp/cc9sHip5.debug.temp.o
LOAD /tmp/ccdIKENo.debug.temp.o
LOAD /tmp/ccRlLMRm.debug.temp.o
LOAD /tmp/ccbSaBkA.debug.temp.o
LOAD /tmp/ccNpC3OW.debug.temp.o
LOAD /tmp/cczssUyv.debug.temp.o
LOAD /tmp/cchNIgZB.debug.temp.o
LOAD /tmp/ccq6CoV8.debug.temp.o
LOAD /tmp/ccT3KjvJ.debug.temp.o
LOAD /tmp/ccKmqlZQ.debug.temp.o
LOAD /tmp/ccFN3Xea.debug.temp.o
LOAD /tmp/cczFVUFV.debug.temp.o
LOAD /tmp/ccvsCjer.debug.temp.o
LOAD /tmp/ccSFpsOx.debug.temp.o
LOAD /tmp/ccSrkn24.debug.temp.o
LOAD /tmp/ccKvnNPZ.debug.temp.o
LOAD /tmp/ccf9WQAL.debug.temp.o
LOAD /tmp/cc2UlmJE.debug.temp.o
LOAD /tmp/ccsRQd4Q.debug.temp.o
LOAD /tmp/ccUZ3bVK.debug.temp.o
LOAD /tmp/cczwflgh.debug.temp.o
LOAD /tmp/cclRfKHM.debug.temp.o
LOAD /tmp/ccuzWA7E.debug.temp.o
LOAD /tmp/ccVJBorn.debug.temp.o
LOAD /tmp/cc0Dg3tt.debug.temp.o
LOAD /tmp/ccmaONlj.debug.temp.o
LOAD /tmp/ccU2DNkn.debug.temp.o
LOAD /tmp/ccHniI14.debug.temp.o
LOAD /tmp/ccsnjIjE.debug.temp.o
LOAD /tmp/cc8RN4W7.debug.temp.o
LOAD /tmp/ccxapQGF.debug.temp.o
LOAD /tmp/ccDFlKLp.debug.temp.o
LOAD /tmp/cccxJBsy.debug.temp.o
LOAD /tmp/ccqP4hyV.debug.temp.o
LOAD /tmp/ccN3DWkX.debug.temp.o
LOAD /tmp/cca8GeAB.debug.temp.o
LOAD /tmp/ccUUlDch.debug.temp.o
LOAD /tmp/ccGsxiTM.debug.temp.o
LOAD /tmp/ccjigdWz.debug.temp.o
LOAD /tmp/ccOelTz4.debug.temp.o
LOAD /tmp/ccqMjp0P.debug.temp.o
LOAD /tmp/ccW8LQiB.debug.temp.o
LOAD /tmp/cc19A7gU.debug.temp.o
LOAD /tmp/ccgZtXb3.debug.temp.o
LOAD /tmp/cccsa5Qx.debug.temp.o
LOAD /tmp/cck2zeJt.debug.temp.o
LOAD /tmp/ccZ9QFdf.debug.temp.o
LOAD /tmp/ccjnm1Zr.debug.temp.o
LOAD /tmp/ccldWFNO.debug.temp.o
LOAD /tmp/ccfQi4iy.debug.temp.o
LOAD /tmp/cc0auUZH.debug.temp.o
LOAD /tmp/cccNpR6h.debug.temp.o
LOAD /tmp/ccrmwHFb.debug.temp.o
LOAD /tmp/cc8fCxrI.debug.temp.o
LOAD /tmp/ccP6YYrt.debug.temp.o
LOAD /tmp/cc1vcsIL.debug.temp.o
LOAD /tmp/ccyyZfkh.debug.temp.o
LOAD /tmp/cc7Vkd9f.debug.temp.o
LOAD /tmp/cc9pfXRG.debug.temp.o
LOAD /tmp/ccWcIrl8.debug.temp.o
LOAD /tmp/cct61kZ4.debug.temp.o
LOAD /tmp/ccsGREsG.debug.temp.o
LOAD /tmp/ccHOtiZg.debug.temp.o
LOAD /tmp/ccw3rA7m.debug.temp.o
LOAD /tmp/cca3PJHP.debug.temp.o
LOAD /tmp/cc3hAaPa.debug.temp.o
LOAD /tmp/ccjWX1j4.debug.temp.o
LOAD /tmp/cc6kiTR7.debug.temp.o
LOAD /tmp/ccg8b7dl.debug.temp.o
LOAD /tmp/ccEGkT9k.debug.temp.o
LOAD /tmp/ccmnKwxE.debug.temp.o
LOAD /tmp/ccAbV7t6.debug.temp.o
LOAD /tmp/ccqTfeeq.debug.temp.o
LOAD /tmp/ccTszRJF.debug.temp.o
LOAD /tmp/ccbSAAIf.debug.temp.o
LOAD /tmp/ccgeQrU0.debug.temp.o
LOAD /tmp/cchwpG45.debug.temp.o
LOAD /tmp/ccGr1zEk.debug.temp.o
LOAD /tmp/ccGDQ8EP.debug.temp.o
LOAD /tmp/ccddr2Um.debug.temp.o
LOAD /tmp/ccGu8yIe.debug.temp.o
LOAD /tmp/cc1ADeQ4.debug.temp.o
LOAD /tmp/ccsfaf61.debug.temp.o
LOAD /tmp/ccrtim5F.debug.temp.o
LOAD /tmp/cc9bf0QJ.debug.temp.o
LOAD /tmp/ccZnuNk6.debug.temp.o
LOAD /tmp/cc49o8ra.debug.temp.o
LOAD /tmp/ccwekBx2.debug.temp.o
LOAD /tmp/ccSRQdoX.debug.temp.o
LOAD /tmp/ccquvODY.debug.temp.o
LOAD /tmp/cc4pWSVl.debug.temp.o
LOAD /tmp/cc1kz3bY.debug.temp.o
LOAD /tmp/ccfdgzCz.debug.temp.o
LOAD /tmp/ccjoHsBb.debug.temp.o
LOAD /tmp/ccIRHic3.debug.temp.o
LOAD /tmp/ccZckDYF.debug.temp.o
LOAD /tmp/ccnSF4WD.debug.temp.o
LOAD /tmp/ccCHUiJC.debug.temp.o
LOAD /tmp/ccPyGBRK.debug.temp.o
LOAD /tmp/cczEp1OC.debug.temp.o
LOAD /tmp/ccGdWI8j.debug.temp.o
LOAD /tmp/cckdxObd.debug.temp.o
LOAD /tmp/ccEhJYiH.debug.temp.o
LOAD /tmp/ccSgPsMz.debug.temp.o
LOAD /tmp/ccHsWmMu.debug.temp.o
LOAD /tmp/ccTIA2cu.debug.temp.o
LOAD /tmp/ccNabZIs.debug.temp.o
LOAD /tmp/cc7BIBLr.debug.temp.o
LOAD /tmp/ccvbufQQ.debug.temp.o
LOAD /tmp/ccppLskC.debug.temp.o
LOAD /tmp/cclI1xnk.debug.temp.o
LOAD /tmp/ccsaqqYx.debug.temp.o
LOAD /tmp/ccR3HPXo.debug.temp.o
LOAD /tmp/ccnq0sby.debug.temp.o
LOAD /tmp/cc4iRExX.debug.temp.o
LOAD /tmp/ccrngmE3.debug.temp.o
LOAD /tmp/ccVCa88g.debug.temp.o
LOAD /tmp/ccCHjEUh.debug.temp.o
LOAD /tmp/ccu7kQZc.debug.temp.o
LOAD /tmp/ccctI4RK.debug.temp.o
LOAD /tmp/ccIue5pB.debug.temp.o
LOAD /tmp/cc226Yi7.debug.temp.o
LOAD /tmp/ccAx1uAj.debug.temp.o
LOAD /tmp/cciMjSSy.debug.temp.o
LOAD /tmp/ccksHgnF.debug.temp.o
LOAD /tmp/cccXVY8Q.debug.temp.o
LOAD /tmp/cct9CLE6.debug.temp.o
LOAD /tmp/ccm7ZRxt.debug.temp.o
LOAD /tmp/ccTiu2GD.debug.temp.o
LOAD /tmp/ccHD5kQd.debug.temp.o
LOAD /tmp/ccBJitBN.debug.temp.o
LOAD /tmp/ccP0wiK6.debug.temp.o
LOAD /tmp/cceJGipa.debug.temp.o
LOAD /tmp/ccIjxvOx.debug.temp.o
LOAD /tmp/ccDF64LB.debug.temp.o
LOAD /tmp/ccbrzznf.debug.temp.o
LOAD /tmp/cclVa7ja.debug.temp.o
LOAD /tmp/cc4l4orn.debug.temp.o
LOAD /tmp/ccmDiA3Q.debug.temp.o
LOAD /tmp/cciFz8p5.debug.temp.o
LOAD /tmp/ccut3hJU.debug.temp.o
LOAD /tmp/ccmvJmzN.debug.temp.o
LOAD /tmp/cc0a4yy5.debug.temp.o
LOAD /tmp/ccwtoYGB.debug.temp.o
LOAD /tmp/ccArxqqF.debug.temp.o
LOAD /tmp/ccL9PLn9.debug.temp.o
LOAD /tmp/cccbseYq.debug.temp.o
LOAD /tmp/ccp2BKPQ.debug.temp.o
LOAD /tmp/ccbDC6AC.debug.temp.o
LOAD /tmp/cctJyFXg.debug.temp.o
LOAD /tmp/ccX9LJCy.debug.temp.o
LOAD /tmp/cce1MPcL.debug.temp.o
LOAD /tmp/cc2CtUB0.debug.temp.o
LOAD /tmp/ccq8BcAE.debug.temp.o
LOAD /tmp/ccv31VTg.debug.temp.o
LOAD /tmp/cccNhHsh.debug.temp.o
LOAD /tmp/ccJVJMxl.debug.temp.o
LOAD /tmp/cckMoKw4.debug.temp.o
LOAD /tmp/ccTBTqJk.debug.temp.o
LOAD /tmp/ccvnd8tU.debug.temp.o
LOAD /tmp/cc9ikyA9.debug.temp.o
LOAD /tmp/ccPW2nyE.debug.temp.o
LOAD /tmp/ccUdP7Sa.debug.temp.o
LOAD /tmp/cck6KMQL.debug.temp.o
LOAD /tmp/ccPzBjBM.debug.temp.o
LOAD /tmp/ccJU2kLR.debug.temp.o
LOAD /tmp/ccNfv0SU.debug.temp.o
LOAD /tmp/ccOL1cEw.debug.temp.o
LOAD /tmp/cc5zuP9z.debug.temp.o
LOAD /tmp/cclOYmYt.debug.temp.o
LOAD /tmp/ccHjCngq.debug.temp.o
LOAD /tmp/cc8EaSq1.debug.temp.o
LOAD /tmp/cc6N5Btk.debug.temp.o
LOAD /tmp/ccc89iJN.debug.temp.o
LOAD /tmp/ccHXnjwI.debug.temp.o
LOAD /tmp/ccIoBqqE.debug.temp.o
LOAD /tmp/ccrc1UtO.debug.temp.o
LOAD /tmp/ccs6y4VW.debug.temp.o
LOAD /tmp/cczIfmlM.debug.temp.o
LOAD /tmp/cccggnZj.debug.temp.o
LOAD /tmp/ccKpH0Zm.debug.temp.o
LOAD /tmp/ccP5M64z.debug.temp.o
LOAD /tmp/ccfHJvCs.debug.temp.o
LOAD /tmp/cc6O5qQR.debug.temp.o
LOAD /tmp/ccAPYfp0.debug.temp.o
LOAD /tmp/ccD6yAgv.debug.temp.o
LOAD /tmp/ccXJoZev.debug.temp.o
LOAD /tmp/ccTV2zrz.debug.temp.o
LOAD /tmp/cci1vZoY.debug.temp.o
LOAD /tmp/ccnshsfM.debug.temp.o
LOAD /tmp/ccL0bRxH.debug.temp.o
LOAD /tmp/cc8X1Km3.debug.temp.o
LOAD /tmp/ccCis6EX.debug.temp.o
LOAD /tmp/cc0xXRFn.debug.temp.o
LOAD /tmp/ccLrGMI5.debug.temp.o
LOAD /tmp/ccUWPcNP.debug.temp.o
LOAD /tmp/ccF4o7yf.debug.temp.o
LOAD /tmp/ccPOENix.debug.temp.o
LOAD /tmp/ccrn8npE.debug.temp.o
LOAD /tmp/cchbjtyr.debug.temp.o
LOAD /tmp/ccwwh4fX.debug.temp.o
LOAD /tmp/ccmA93Qr.debug.temp.o
LOAD /tmp/cclV6pfO.debug.temp.o
LOAD /tmp/ccsXwqKY.debug.temp.o
LOAD /tmp/ccqYRsil.debug.temp.o
LOAD /tmp/ccDUKwhe.debug.temp.o
LOAD /tmp/ccME940L.debug.temp.o
LOAD /tmp/ccM7OdiS.debug.temp.o
LOAD /tmp/ccq2y0BA.debug.temp.o
LOAD /tmp/ccSeb9Pw.debug.temp.o
LOAD /tmp/ccDpOndy.debug.temp.o
LOAD /tmp/ccAx1sC6.debug.temp.o
LOAD /tmp/ccMf0ymi.debug.temp.o
LOAD /tmp/ccHQCkNW.debug.temp.o
LOAD ./main.o
LOAD ./autogen/sl_board_default_init.o
LOAD ./autogen/sl_cli_command_table.o
LOAD ./autogen/sl_cli_instances.o
LOAD ./autogen/sl_cluster_service_gen.o
LOAD ./autogen/sl_event_handler.o
LOAD ./autogen/sl_iostream_handles.o
LOAD ./autogen/sl_iostream_init_usart_instances.o
LOAD ./autogen/sl_power_manager_handler.o
LOAD ./autogen/sl_rail_util_ieee802154_phy_select.o
LOAD ./autogen/sl_rail_util_ieee802154_stack_event.o
LOAD ./autogen/sl_simple_button_instances.o
LOAD ./autogen/sli_cli_hooks.o
LOAD ./autogen/zap-cli.o
LOAD ./autogen/zap-cluster-command-parser.o
LOAD ./autogen/zap-event.o
LOAD ./autogen/zigbee_common_callback_dispatcher.o
LOAD ./autogen/zigbee_stack_callback_dispatcher.o
LOAD ./autogen/zigbee_zcl_callback_dispatcher.o
LOAD ./simplicity_sdk_2025.6.1/hardware/board/src/sl_board_control_gpio.o
LOAD ./simplicity_sdk_2025.6.1/hardware/board/src/sl_board_init.o
LOAD ./simplicity_sdk_2025.6.1/hardware/driver/configuration_over_swo/src/sl_cos.o
LOAD ./simplicity_sdk_2025.6.1/platform/Device/SiliconLabs/MGM21/Source/startup_mgm21.o
LOAD ./simplicity_sdk_2025.6.1/platform/Device/SiliconLabs/MGM21/Source/system_mgm21.o
LOAD ./simplicity_sdk_2025.6.1/platform/bootloader/api/btl_interface.o
LOAD ./simplicity_sdk_2025.6.1/platform/bootloader/api/btl_interface_storage.o
LOAD ./simplicity_sdk_2025.6.1/platform/bootloader/app_properties/app_properties.o
LOAD ./simplicity_sdk_2025.6.1/platform/bootloader/core/flash/btl_internal_flash.o
LOAD ./simplicity_sdk_2025.6.1/platform/common/src/sl_assert.o
LOAD ./simplicity_sdk_2025.6.1/platform/common/src/sl_core_cortexm.o
LOAD ./simplicity_sdk_2025.6.1/platform/common/src/sl_slist.o
LOAD ./simplicity_sdk_2025.6.1/platform/common/src/sl_string.o
LOAD ./simplicity_sdk_2025.6.1/platform/common/src/sl_syscalls.o
LOAD ./simplicity_sdk_2025.6.1/platform/driver/button/src/sl_button.o
LOAD ./simplicity_sdk_2025.6.1/platform/driver/button/src/sl_simple_button.o
LOAD ./simplicity_sdk_2025.6.1/platform/driver/debug/src/sl_debug_swo.o
LOAD ./simplicity_sdk_2025.6.1/platform/driver/gpio/src/sl_gpio.o
LOAD ./simplicity_sdk_2025.6.1/platform/emdrv/dmadrv/src/dmadrv.o
LOAD ./simplicity_sdk_2025.6.1/platform/emdrv/nvm3/src/nvm3.o
LOAD ./simplicity_sdk_2025.6.1/platform/emdrv/nvm3/src/nvm3_cache.o
LOAD ./simplicity_sdk_2025.6.1/platform/emdrv/nvm3/src/nvm3_default_common_linker.o
LOAD ./simplicity_sdk_2025.6.1/platform/emdrv/nvm3/src/nvm3_hal_flash.o
LOAD ./simplicity_sdk_2025.6.1/platform/emdrv/nvm3/src/nvm3_lock.o
LOAD ./simplicity_sdk_2025.6.1/platform/emdrv/nvm3/src/nvm3_object.o
LOAD ./simplicity_sdk_2025.6.1/platform/emdrv/nvm3/src/nvm3_page.o
LOAD ./simplicity_sdk_2025.6.1/platform/emdrv/nvm3/src/nvm3_utils.o
LOAD ./simplicity_sdk_2025.6.1/platform/emlib/src/em_burtc.o
LOAD ./simplicity_sdk_2025.6.1/platform/emlib/src/em_cmu.o
LOAD ./simplicity_sdk_2025.6.1/platform/emlib/src/em_emu.o
LOAD ./simplicity_sdk_2025.6.1/platform/emlib/src/em_gpio.o
LOAD ./simplicity_sdk_2025.6.1/platform/emlib/src/em_ldma.o
LOAD ./simplicity_sdk_2025.6.1/platform/emlib/src/em_msc.o
LOAD ./simplicity_sdk_2025.6.1/platform/emlib/src/em_prs.o
LOAD ./simplicity_sdk_2025.6.1/platform/emlib/src/em_rmu.o
LOAD ./simplicity_sdk_2025.6.1/platform/emlib/src/em_rtcc.o
LOAD ./simplicity_sdk_2025.6.1/platform/emlib/src/em_system.o
LOAD ./simplicity_sdk_2025.6.1/platform/emlib/src/em_timer.o
LOAD ./simplicity_sdk_2025.6.1/platform/emlib/src/em_usart.o
LOAD ./simplicity_sdk_2025.6.1/platform/emlib/src/em_wdog.o
LOAD ./simplicity_sdk_2025.6.1/platform/peripheral/src/sl_hal_gpio.o
LOAD ./simplicity_sdk_2025.6.1/platform/peripheral/src/sl_hal_prs.o
LOAD ./simplicity_sdk_2025.6.1/platform/radio/rail_lib/plugin/coexistence/protocol/ieee802154_uc/coexistence-802154.o
LOAD ./simplicity_sdk_2025.6.1/platform/radio/rail_lib/plugin/fem_util/sl_fem_util.o
LOAD ./simplicity_sdk_2025.6.1/platform/radio/rail_lib/plugin/pa-conversions/pa_conversions_efr32.o
LOAD ./simplicity_sdk_2025.6.1/platform/radio/rail_lib/plugin/rail_util_ant_div/sl_rail_util_ant_div.o
LOAD ./simplicity_sdk_2025.6.1/platform/radio/rail_lib/plugin/rail_util_power_manager_init/sl_rail_util_power_manager_init.o
LOAD ./simplicity_sdk_2025.6.1/platform/radio/rail_lib/plugin/rail_util_pti/sl_rail_util_pti.o
LOAD ./simplicity_sdk_2025.6.1/platform/radio/rail_lib/plugin/rail_util_rf_path/sl_rail_util_rf_path.o
LOAD ./simplicity_sdk_2025.6.1/platform/security/sl_component/se_manager/src/sl_se_manager.o
LOAD ./simplicity_sdk_2025.6.1/platform/security/sl_component/se_manager/src/sl_se_manager_attestation.o
LOAD ./simplicity_sdk_2025.6.1/platform/security/sl_component/se_manager/src/sl_se_manager_cipher.o
LOAD ./simplicity_sdk_2025.6.1/platform/security/sl_component/se_manager/src/sl_se_manager_entropy.o
LOAD ./simplicity_sdk_2025.6.1/platform/security/sl_component/se_manager/src/sl_se_manager_hash.o
LOAD ./simplicity_sdk_2025.6.1/platform/security/sl_component/se_manager/src/sl_se_manager_key_derivation.o
LOAD ./simplicity_sdk_2025.6.1/platform/security/sl_component/se_manager/src/sl_se_manager_key_handling.o
LOAD ./simplicity_sdk_2025.6.1/platform/security/sl_component/se_manager/src/sl_se_manager_signature.o
LOAD ./simplicity_sdk_2025.6.1/platform/security/sl_component/se_manager/src/sl_se_manager_util.o
LOAD ./simplicity_sdk_2025.6.1/platform/security/sl_component/se_manager/src/sli_se_manager_mailbox.o
LOAD ./simplicity_sdk_2025.6.1/platform/security/sl_component/sl_mbedtls_support/src/sl_mbedtls.o
LOAD ./simplicity_sdk_2025.6.1/platform/security/sl_component/sl_mbedtls_support/src/sl_psa_crypto.o
LOAD ./simplicity_sdk_2025.6.1/platform/security/sl_component/sl_mbedtls_support/src/sli_psa_crypto.o
LOAD ./simplicity_sdk_2025.6.1/platform/security/sl_component/sl_psa_driver/src/sli_psa_driver_common.o
LOAD ./simplicity_sdk_2025.6.1/platform/security/sl_component/sl_psa_driver/src/sli_psa_driver_init.o
LOAD ./simplicity_sdk_2025.6.1/platform/security/sl_component/sl_psa_driver/src/sli_psa_trng.o
LOAD ./simplicity_sdk_2025.6.1/platform/security/sl_component/sl_psa_driver/src/sli_se_driver_aead.o
LOAD ./simplicity_sdk_2025.6.1/platform/security/sl_component/sl_psa_driver/src/sli_se_driver_builtin_keys.o
LOAD ./simplicity_sdk_2025.6.1/platform/security/sl_component/sl_psa_driver/src/sli_se_driver_cipher.o
LOAD ./simplicity_sdk_2025.6.1/platform/security/sl_component/sl_psa_driver/src/sli_se_driver_key_derivation.o
LOAD ./simplicity_sdk_2025.6.1/platform/security/sl_component/sl_psa_driver/src/sli_se_driver_key_management.o
LOAD ./simplicity_sdk_2025.6.1/platform/security/sl_component/sl_psa_driver/src/sli_se_driver_mac.o
LOAD ./simplicity_sdk_2025.6.1/platform/security/sl_component/sl_psa_driver/src/sli_se_driver_signature.o
LOAD ./simplicity_sdk_2025.6.1/platform/security/sl_component/sl_psa_driver/src/sli_se_opaque_driver_aead.o
LOAD ./simplicity_sdk_2025.6.1/platform/security/sl_component/sl_psa_driver/src/sli_se_opaque_driver_cipher.o
LOAD ./simplicity_sdk_2025.6.1/platform/security/sl_component/sl_psa_driver/src/sli_se_opaque_driver_mac.o
LOAD ./simplicity_sdk_2025.6.1/platform/security/sl_component/sl_psa_driver/src/sli_se_opaque_key_derivation.o
LOAD ./simplicity_sdk_2025.6.1/platform/security/sl_component/sl_psa_driver/src/sli_se_transparent_driver_aead.o
LOAD ./simplicity_sdk_2025.6.1/platform/security/sl_component/sl_psa_driver/src/sli_se_transparent_driver_cipher.o
LOAD ./simplicity_sdk_2025.6.1/platform/security/sl_component/sl_psa_driver/src/sli_se_transparent_driver_hash.o
LOAD ./simplicity_sdk_2025.6.1/platform/security/sl_component/sl_psa_driver/src/sli_se_transparent_driver_mac.o
LOAD ./simplicity_sdk_2025.6.1/platform/security/sl_component/sl_psa_driver/src/sli_se_transparent_key_derivation.o
LOAD ./simplicity_sdk_2025.6.1/platform/security/sl_component/sl_psa_driver/src/sli_se_version_dependencies.o
LOAD ./simplicity_sdk_2025.6.1/platform/service/cli/src/sl_cli.o
LOAD ./simplicity_sdk_2025.6.1/platform/service/cli/src/sl_cli_arguments.o
LOAD ./simplicity_sdk_2025.6.1/platform/service/cli/src/sl_cli_command.o
LOAD ./simplicity_sdk_2025.6.1/platform/service/cli/src/sl_cli_input.o
LOAD ./simplicity_sdk_2025.6.1/platform/service/cli/src/sl_cli_io.o
LOAD ./simplicity_sdk_2025.6.1/platform/service/cli/src/sl_cli_tokenize.o
LOAD ./simplicity_sdk_2025.6.1/platform/service/clock_manager/src/sl_clock_manager.o
LOAD ./simplicity_sdk_2025.6.1/platform/service/clock_manager/src/sl_clock_manager_hal_s2.o
LOAD ./simplicity_sdk_2025.6.1/platform/service/clock_manager/src/sl_clock_manager_init.o
LOAD ./simplicity_sdk_2025.6.1/platform/service/clock_manager/src/sl_clock_manager_init_hal_s2.o
LOAD ./simplicity_sdk_2025.6.1/platform/service/device_manager/devices/sl_device_peripheral_hal_efr32xg21.o
LOAD ./simplicity_sdk_2025.6.1/platform/service/device_manager/src/sl_device_clock.o
LOAD ./simplicity_sdk_2025.6.1/platform/service/device_manager/src/sl_device_gpio.o
LOAD ./simplicity_sdk_2025.6.1/platform/service/device_manager/src/sl_device_peripheral.o
LOAD ./simplicity_sdk_2025.6.1/platform/service/interrupt_manager/src/sl_interrupt_manager_cortexm.o
LOAD ./simplicity_sdk_2025.6.1/platform/service/iostream/src/sl_iostream.o
LOAD ./simplicity_sdk_2025.6.1/platform/service/iostream/src/sl_iostream_debug.o
LOAD ./simplicity_sdk_2025.6.1/platform/service/iostream/src/sl_iostream_swo_itm_8.o
LOAD ./simplicity_sdk_2025.6.1/platform/service/iostream/src/sl_iostream_uart.o
LOAD ./simplicity_sdk_2025.6.1/platform/service/iostream/src/sl_iostream_usart.o
LOAD ./simplicity_sdk_2025.6.1/platform/service/legacy_hal/src/base-replacement.o
LOAD ./simplicity_sdk_2025.6.1/platform/service/legacy_hal/src/crc.o
LOAD ./simplicity_sdk_2025.6.1/platform/service/legacy_hal/src/diagnostic.o
LOAD ./simplicity_sdk_2025.6.1/platform/service/legacy_hal/src/ember-phy.o
LOAD ./simplicity_sdk_2025.6.1/platform/service/legacy_hal/src/faults.o
LOAD ./simplicity_sdk_2025.6.1/platform/service/legacy_hal/src/random.o
LOAD ./simplicity_sdk_2025.6.1/platform/service/legacy_hal/src/token_legacy.o
LOAD ./simplicity_sdk_2025.6.1/platform/service/legacy_hal_wdog/src/sl_legacy_hal_wdog.o
LOAD ./simplicity_sdk_2025.6.1/platform/service/memory_manager/src/sl_memory_manager.o
LOAD ./simplicity_sdk_2025.6.1/platform/service/memory_manager/src/sl_memory_manager_dynamic_reservation.o
LOAD ./simplicity_sdk_2025.6.1/platform/service/memory_manager/src/sl_memory_manager_pool.o
LOAD ./simplicity_sdk_2025.6.1/platform/service/memory_manager/src/sl_memory_manager_pool_common.o
LOAD ./simplicity_sdk_2025.6.1/platform/service/memory_manager/src/sl_memory_manager_region.o
LOAD ./simplicity_sdk_2025.6.1/platform/service/memory_manager/src/sl_memory_manager_retarget.o
LOAD ./simplicity_sdk_2025.6.1/platform/service/memory_manager/src/sli_memory_manager_common.o
LOAD ./simplicity_sdk_2025.6.1/platform/service/power_manager/src/common/sl_power_manager_common.o
LOAD ./simplicity_sdk_2025.6.1/platform/service/power_manager/src/common/sl_power_manager_em4.o
LOAD ./simplicity_sdk_2025.6.1/platform/service/power_manager/src/sleep_loop/sl_power_manager.o
LOAD ./simplicity_sdk_2025.6.1/platform/service/power_manager/src/sleep_loop/sl_power_manager_debug.o
LOAD ./simplicity_sdk_2025.6.1/platform/service/power_manager/src/sleep_loop/sl_power_manager_hal_s2.o
LOAD ./simplicity_sdk_2025.6.1/platform/service/sl_main/src/sl_main_init.o
LOAD ./simplicity_sdk_2025.6.1/platform/service/sl_main/src/sl_main_init_memory.o
LOAD ./simplicity_sdk_2025.6.1/platform/service/sl_main/src/sl_main_process_action.o
LOAD ./simplicity_sdk_2025.6.1/platform/service/sleeptimer/src/sl_sleeptimer.o
LOAD ./simplicity_sdk_2025.6.1/platform/service/sleeptimer/src/sl_sleeptimer_hal_burtc.o
LOAD ./simplicity_sdk_2025.6.1/platform/service/sleeptimer/src/sl_sleeptimer_hal_prortc.o
LOAD ./simplicity_sdk_2025.6.1/platform/service/sleeptimer/src/sl_sleeptimer_hal_rtcc.o
LOAD ./simplicity_sdk_2025.6.1/platform/service/sleeptimer/src/sl_sleeptimer_hal_timer.o
LOAD ./simplicity_sdk_2025.6.1/platform/service/token_manager/legacy/src/sl_token_def.o
LOAD ./simplicity_sdk_2025.6.1/platform/service/token_manager/legacy/src/sl_token_manager.o
LOAD ./simplicity_sdk_2025.6.1/platform/service/token_manager/legacy/src/sl_token_manufacturing.o
LOAD ./simplicity_sdk_2025.6.1/platform/service/token_manager/legacy/src/sl_token_manufacturing_generic.o
LOAD ./simplicity_sdk_2025.6.1/platform/service/token_manager/src/sl_token_manager_api.o
LOAD ./simplicity_sdk_2025.6.1/platform/service/token_manager/src/sl_token_manager_lock.o
LOAD ./simplicity_sdk_2025.6.1/platform/service/token_manager/src/sli_token_manager_dynamic.o
LOAD ./simplicity_sdk_2025.6.1/platform/service/token_manager/src/sli_token_manager_internal.o
LOAD ./simplicity_sdk_2025.6.1/platform/service/token_manager/src/sli_token_manager_manufacturing.o
LOAD ./simplicity_sdk_2025.6.1/platform/service/udelay/src/sl_udelay.o
LOAD ./simplicity_sdk_2025.6.1/platform/service/udelay/src/sl_udelay_armv6m_gcc.o
LOAD ./simplicity_sdk_2025.6.1/protocol/zigbee/app/framework/cli/core-cli.o
LOAD ./simplicity_sdk_2025.6.1/protocol/zigbee/app/framework/cli/network-cli.o
LOAD ./simplicity_sdk_2025.6.1/protocol/zigbee/app/framework/cli/option-cli.o
LOAD ./simplicity_sdk_2025.6.1/protocol/zigbee/app/framework/cli/security-cli.o
LOAD ./simplicity_sdk_2025.6.1/protocol/zigbee/app/framework/cli/zcl-cli.o
LOAD ./simplicity_sdk_2025.6.1/protocol/zigbee/app/framework/cli/zdo-cli.o
LOAD ./simplicity_sdk_2025.6.1/protocol/zigbee/app/framework/common/sl_zigbee_system_common.o
LOAD ./simplicity_sdk_2025.6.1/protocol/zigbee/app/framework/common/zigbee_app_framework_sleep.o
LOAD ./simplicity_sdk_2025.6.1/protocol/zigbee/app/framework/common/zigbee_app_framework_sleep_cli.o
LOAD ./simplicity_sdk_2025.6.1/protocol/zigbee/app/framework/common/zigbee_app_framework_stack_cb.o
LOAD ./simplicity_sdk_2025.6.1/protocol/zigbee/app/framework/common/zigbee_enhanced_routing.o
LOAD ./simplicity_sdk_2025.6.1/protocol/zigbee/app/framework/common/zigbee_stack_sleep.o
LOAD ./simplicity_sdk_2025.6.1/protocol/zigbee/app/framework/plugin/basic/basic-cb.o
LOAD ./simplicity_sdk_2025.6.1/protocol/zigbee/app/framework/plugin/basic/basic.o
LOAD ./simplicity_sdk_2025.6.1/protocol/zigbee/app/framework/plugin/counters/af-counters.o
LOAD ./simplicity_sdk_2025.6.1/protocol/zigbee/app/framework/plugin/counters/counters-cb.o
LOAD ./simplicity_sdk_2025.6.1/protocol/zigbee/app/framework/plugin/counters/counters-cli.o
LOAD ./simplicity_sdk_2025.6.1/protocol/zigbee/app/framework/plugin/counters/counters-ota.o
LOAD ./simplicity_sdk_2025.6.1/protocol/zigbee/app/framework/plugin/debug-print/sl_zigbee_debug_print.o
LOAD ./simplicity_sdk_2025.6.1/protocol/zigbee/app/framework/plugin/find-and-bind-initiator/find-and-bind-initiator-cb.o
LOAD ./simplicity_sdk_2025.6.1/protocol/zigbee/app/framework/plugin/find-and-bind-initiator/find-and-bind-initiator-cli.o
LOAD ./simplicity_sdk_2025.6.1/protocol/zigbee/app/framework/plugin/find-and-bind-initiator/find-and-bind-initiator.o
LOAD ./simplicity_sdk_2025.6.1/protocol/zigbee/app/framework/plugin/network-steering/network-steering-cb.o
LOAD ./simplicity_sdk_2025.6.1/protocol/zigbee/app/framework/plugin/network-steering/network-steering-cli.o
LOAD ./simplicity_sdk_2025.6.1/protocol/zigbee/app/framework/plugin/network-steering/network-steering-v2.o
LOAD ./simplicity_sdk_2025.6.1/protocol/zigbee/app/framework/plugin/network-steering/network-steering.o
LOAD ./simplicity_sdk_2025.6.1/protocol/zigbee/app/framework/plugin/reporting/reporting-cb.o
LOAD ./simplicity_sdk_2025.6.1/protocol/zigbee/app/framework/plugin/reporting/reporting-cli.o
LOAD ./simplicity_sdk_2025.6.1/protocol/zigbee/app/framework/plugin/reporting/reporting-default-configuration.o
LOAD ./simplicity_sdk_2025.6.1/protocol/zigbee/app/framework/plugin/reporting/reporting.o
LOAD ./simplicity_sdk_2025.6.1/protocol/zigbee/app/framework/plugin/scan-dispatch/scan-dispatch.o
LOAD ./simplicity_sdk_2025.6.1/protocol/zigbee/app/framework/plugin/update-tc-link-key/update-tc-link-key-cb.o
LOAD ./simplicity_sdk_2025.6.1/protocol/zigbee/app/framework/plugin/update-tc-link-key/update-tc-link-key-cli.o
LOAD ./simplicity_sdk_2025.6.1/protocol/zigbee/app/framework/plugin/update-tc-link-key/update-tc-link-key.o
LOAD ./simplicity_sdk_2025.6.1/protocol/zigbee/app/framework/plugin/zcl_cli/zigbee-zcl-cli.o
LOAD ./simplicity_sdk_2025.6.1/protocol/zigbee/app/framework/plugin/zcl_cli/zigbee-zcl-custom-cluster-cli.o
LOAD ./simplicity_sdk_2025.6.1/protocol/zigbee/app/framework/plugin/zcl_cli/zigbee-zcl-global-cli.o
LOAD ./simplicity_sdk_2025.6.1/protocol/zigbee/app/framework/security/af-node.o
LOAD ./simplicity_sdk_2025.6.1/protocol/zigbee/app/framework/security/af-security-common.o
LOAD ./simplicity_sdk_2025.6.1/protocol/zigbee/app/framework/security/af-trust-center.o
LOAD ./simplicity_sdk_2025.6.1/protocol/zigbee/app/framework/security/crypto-state.o
LOAD ./simplicity_sdk_2025.6.1/protocol/zigbee/app/framework/service-function/sl_service_function.o
LOAD ./simplicity_sdk_2025.6.1/protocol/zigbee/app/framework/signature-decode/sl_signature_decode.o
LOAD ./simplicity_sdk_2025.6.1/protocol/zigbee/app/framework/util/af-common.o
LOAD ./simplicity_sdk_2025.6.1/protocol/zigbee/app/framework/util/af-event.o
LOAD ./simplicity_sdk_2025.6.1/protocol/zigbee/app/framework/util/af-soc-common.o
LOAD ./simplicity_sdk_2025.6.1/protocol/zigbee/app/framework/util/af-soc.o
LOAD ./simplicity_sdk_2025.6.1/protocol/zigbee/app/framework/util/attribute-size.o
LOAD ./simplicity_sdk_2025.6.1/protocol/zigbee/app/framework/util/attribute-storage.o
LOAD ./simplicity_sdk_2025.6.1/protocol/zigbee/app/framework/util/attribute-table.o
LOAD ./simplicity_sdk_2025.6.1/protocol/zigbee/app/framework/util/client-api.o
LOAD ./simplicity_sdk_2025.6.1/protocol/zigbee/app/framework/util/global-callback.o
LOAD ./simplicity_sdk_2025.6.1/protocol/zigbee/app/framework/util/global-other-callback.o
LOAD ./simplicity_sdk_2025.6.1/protocol/zigbee/app/framework/util/message.o
LOAD ./simplicity_sdk_2025.6.1/protocol/zigbee/app/framework/util/multi-network.o
LOAD ./simplicity_sdk_2025.6.1/protocol/zigbee/app/framework/util/print-formatter.o
LOAD ./simplicity_sdk_2025.6.1/protocol/zigbee/app/framework/util/print.o
LOAD ./simplicity_sdk_2025.6.1/protocol/zigbee/app/framework/util/process-cluster-message.o
LOAD ./simplicity_sdk_2025.6.1/protocol/zigbee/app/framework/util/process-global-message.o
LOAD ./simplicity_sdk_2025.6.1/protocol/zigbee/app/framework/util/service-discovery-common.o
LOAD ./simplicity_sdk_2025.6.1/protocol/zigbee/app/framework/util/service-discovery-soc.o
LOAD ./simplicity_sdk_2025.6.1/protocol/zigbee/app/framework/util/time-util.o
LOAD ./simplicity_sdk_2025.6.1/protocol/zigbee/app/framework/util/util.o
LOAD ./simplicity_sdk_2025.6.1/protocol/zigbee/app/framework/util/zcl-util.o
LOAD ./simplicity_sdk_2025.6.1/protocol/zigbee/app/util/common/library.o
LOAD ./simplicity_sdk_2025.6.1/protocol/zigbee/app/util/counters/counters.o
LOAD ./simplicity_sdk_2025.6.1/protocol/zigbee/app/util/serial/sl_zigbee_command_interpreter.o
LOAD ./simplicity_sdk_2025.6.1/protocol/zigbee/app/util/zigbee-framework/zigbee-device-common.o
LOAD ./simplicity_sdk_2025.6.1/protocol/zigbee/app/util/zigbee-framework/zigbee-device-library.o
LOAD ./simplicity_sdk_2025.6.1/protocol/zigbee/stack/config/sl_zigbee_callback_stubs.o
LOAD ./simplicity_sdk_2025.6.1/protocol/zigbee/stack/config/sl_zigbee_configuration.o
LOAD ./simplicity_sdk_2025.6.1/protocol/zigbee/stack/config/sl_zigbee_configuration_access.o
LOAD ./simplicity_sdk_2025.6.1/protocol/zigbee/stack/config/sl_zigbee_endpoint_stubs.o
LOAD ./simplicity_sdk_2025.6.1/protocol/zigbee/stack/core/multi-pan-common.o
LOAD ./simplicity_sdk_2025.6.1/protocol/zigbee/stack/core/multi-pan-stub.o
LOAD ./simplicity_sdk_2025.6.1/protocol/zigbee/stack/core/sl_zigbee_multi_network_stub.o
LOAD ./simplicity_sdk_2025.6.1/protocol/zigbee/stack/framework/aes-ecb.o
LOAD ./simplicity_sdk_2025.6.1/protocol/zigbee/stack/framework/debug-extended-stub.o
LOAD ./simplicity_sdk_2025.6.1/protocol/zigbee/stack/framework/strong-random-api.o
LOAD ./simplicity_sdk_2025.6.1/protocol/zigbee/stack/framework/zigbee-event-logger-stub-gen.o
LOAD ./simplicity_sdk_2025.6.1/protocol/zigbee/stack/gp/gp-stub.o
LOAD ./simplicity_sdk_2025.6.1/protocol/zigbee/stack/internal/src/baremetal/aes-mmo-baremetal-wrapper.o
LOAD ./simplicity_sdk_2025.6.1/protocol/zigbee/stack/internal/src/baremetal/binding-table-baremetal-callbacks.o
LOAD ./simplicity_sdk_2025.6.1/protocol/zigbee/stack/internal/src/baremetal/binding-table-baremetal-wrapper.o
LOAD ./simplicity_sdk_2025.6.1/protocol/zigbee/stack/internal/src/baremetal/bootload_baremetal_callbacks.o
LOAD ./simplicity_sdk_2025.6.1/protocol/zigbee/stack/internal/src/baremetal/bootload_baremetal_wrapper.o
LOAD ./simplicity_sdk_2025.6.1/protocol/zigbee/stack/internal/src/baremetal/child_baremetal_callbacks.o
LOAD ./simplicity_sdk_2025.6.1/protocol/zigbee/stack/internal/src/baremetal/child_baremetal_wrapper.o
LOAD ./simplicity_sdk_2025.6.1/protocol/zigbee/stack/internal/src/baremetal/library_baremetal_wrapper.o
LOAD ./simplicity_sdk_2025.6.1/protocol/zigbee/stack/internal/src/baremetal/mac-layer-baremetal-wrapper.o
LOAD ./simplicity_sdk_2025.6.1/protocol/zigbee/stack/internal/src/baremetal/message_baremetal_callbacks.o
LOAD ./simplicity_sdk_2025.6.1/protocol/zigbee/stack/internal/src/baremetal/message_baremetal_wrapper.o
LOAD ./simplicity_sdk_2025.6.1/protocol/zigbee/stack/internal/src/baremetal/multi-phy-baremetal-wrapper.o
LOAD ./simplicity_sdk_2025.6.1/protocol/zigbee/stack/internal/src/baremetal/network-formation-baremetal-callbacks.o
LOAD ./simplicity_sdk_2025.6.1/protocol/zigbee/stack/internal/src/baremetal/network-formation-baremetal-wrapper.o
LOAD ./simplicity_sdk_2025.6.1/protocol/zigbee/stack/internal/src/baremetal/raw-message-baremetal-callbacks.o
LOAD ./simplicity_sdk_2025.6.1/protocol/zigbee/stack/internal/src/baremetal/raw-message-baremetal-wrapper.o
LOAD ./simplicity_sdk_2025.6.1/protocol/zigbee/stack/internal/src/baremetal/security_baremetal_callbacks.o
LOAD ./simplicity_sdk_2025.6.1/protocol/zigbee/stack/internal/src/baremetal/security_baremetal_wrapper.o
LOAD ./simplicity_sdk_2025.6.1/protocol/zigbee/stack/internal/src/baremetal/sl_zigbee_address_info_baremetal_wrapper.o
LOAD ./simplicity_sdk_2025.6.1/protocol/zigbee/stack/internal/src/baremetal/sl_zigbee_duty_cycle_baremetal_callbacks.o
LOAD ./simplicity_sdk_2025.6.1/protocol/zigbee/stack/internal/src/baremetal/sl_zigbee_duty_cycle_baremetal_wrapper.o
LOAD ./simplicity_sdk_2025.6.1/protocol/zigbee/stack/internal/src/baremetal/sl_zigbee_random_api_baremetal_wrapper.o
LOAD ./simplicity_sdk_2025.6.1/protocol/zigbee/stack/internal/src/baremetal/sl_zigbee_token_baremetal_wrapper.o
LOAD ./simplicity_sdk_2025.6.1/protocol/zigbee/stack/internal/src/baremetal/source-route-baremetal-wrapper.o
LOAD ./simplicity_sdk_2025.6.1/protocol/zigbee/stack/internal/src/baremetal/stack-info-baremetal-callbacks.o
LOAD ./simplicity_sdk_2025.6.1/protocol/zigbee/stack/internal/src/baremetal/stack-info-baremetal-wrapper.o
LOAD ./simplicity_sdk_2025.6.1/protocol/zigbee/stack/internal/src/baremetal/trust-center-baremetal-callbacks.o
LOAD ./simplicity_sdk_2025.6.1/protocol/zigbee/stack/internal/src/baremetal/trust-center-baremetal-wrapper.o
LOAD ./simplicity_sdk_2025.6.1/protocol/zigbee/stack/internal/src/baremetal/zigbee-device-stack-baremetal-wrapper.o
LOAD ./simplicity_sdk_2025.6.1/protocol/zigbee/stack/internal/src/baremetal/zigbee-security-manager-baremetal-wrapper.o
LOAD ./simplicity_sdk_2025.6.1/protocol/zigbee/stack/internal/src/stubs/sl_zigbee_token_internal_weak_stubs.o
LOAD ./simplicity_sdk_2025.6.1/protocol/zigbee/stack/internal/src/stubs/stack-info-internal-weak-stubs.o
LOAD ./simplicity_sdk_2025.6.1/protocol/zigbee/stack/mac/mac-info-element-parsing-stub.o
LOAD ./simplicity_sdk_2025.6.1/protocol/zigbee/stack/platform/sl_zigbee_token_legacy.o
LOAD ./simplicity_sdk_2025.6.1/protocol/zigbee/stack/platform/zigbee_token_interface_stub.o
LOAD ./simplicity_sdk_2025.6.1/protocol/zigbee/stack/routing/zigbee/enhanced-beacon-request-stub.o
LOAD ./simplicity_sdk_2025.6.1/protocol/zigbee/stack/security/cbke-crypto-engine-163k1-stub.o
LOAD ./simplicity_sdk_2025.6.1/protocol/zigbee/stack/security/cbke-crypto-engine-283k1-stub.o
LOAD ./simplicity_sdk_2025.6.1/protocol/zigbee/stack/security/cbke-crypto-engine-dsa-sign-stub.o
LOAD ./simplicity_sdk_2025.6.1/protocol/zigbee/stack/security/cbke-crypto-engine-dsa-verify-283k1-stub.o
LOAD ./simplicity_sdk_2025.6.1/protocol/zigbee/stack/security/cbke-crypto-engine-dsa-verify-stub.o
LOAD ./simplicity_sdk_2025.6.1/protocol/zigbee/stack/security/cbke-crypto-engine-stub.o
LOAD ./simplicity_sdk_2025.6.1/protocol/zigbee/stack/security/security-address-cache.o
LOAD ./simplicity_sdk_2025.6.1/protocol/zigbee/stack/security/zigbee-security-manager-no-vault.o
LOAD ./simplicity_sdk_2025.6.1/protocol/zigbee/stack/security/zigbee-security-manager.o
LOAD ./simplicity_sdk_2025.6.1/protocol/zigbee/stack/stubs/sl_zigbee_dynamic_commissioning_stubs.o
LOAD ./simplicity_sdk_2025.6.1/protocol/zigbee/stack/stubs/sl_zigbee_fragmentation_stubs.o
LOAD ./simplicity_sdk_2025.6.1/protocol/zigbee/stack/stubs/sl_zigbee_r23_misc_support_stubs.o
LOAD ./simplicity_sdk_2025.6.1/protocol/zigbee/stack/stubs/sli_zigbee_zdo_cluster_filter_stubs.o
LOAD ./simplicity_sdk_2025.6.1/protocol/zigbee/stack/zigbee/aps-keys-full-stub.o
LOAD ./simplicity_sdk_2025.6.1/protocol/zigbee/stack/zigbee/zdo-r22-stub.o
LOAD ./simplicity_sdk_2025.6.1/protocol/zigbee/stack/zll/zll-stubs.o
LOAD ./simplicity_sdk_2025.6.1/util/plugin/byte_utilities/byte-utilities.o
LOAD ./simplicity_sdk_2025.6.1/util/third_party/mbedtls/library/cipher.o
LOAD ./simplicity_sdk_2025.6.1/util/third_party/mbedtls/library/cipher_wrap.o
LOAD ./simplicity_sdk_2025.6.1/util/third_party/mbedtls/library/constant_time.o
LOAD ./simplicity_sdk_2025.6.1/util/third_party/mbedtls/library/platform.o
LOAD ./simplicity_sdk_2025.6.1/util/third_party/mbedtls/library/platform_util.o
LOAD ./simplicity_sdk_2025.6.1/util/third_party/mbedtls/library/psa_crypto.o
LOAD ./simplicity_sdk_2025.6.1/util/third_party/mbedtls/library/psa_crypto_aead.o
LOAD ./simplicity_sdk_2025.6.1/util/third_party/mbedtls/library/psa_crypto_cipher.o
LOAD ./simplicity_sdk_2025.6.1/util/third_party/mbedtls/library/psa_crypto_client.o
LOAD ./simplicity_sdk_2025.6.1/util/third_party/mbedtls/library/psa_crypto_driver_wrappers_no_static.o
LOAD ./simplicity_sdk_2025.6.1/util/third_party/mbedtls/library/psa_crypto_ecp.o
LOAD ./simplicity_sdk_2025.6.1/util/third_party/mbedtls/library/psa_crypto_ffdh.o
LOAD ./simplicity_sdk_2025.6.1/util/third_party/mbedtls/library/psa_crypto_hash.o
LOAD ./simplicity_sdk_2025.6.1/util/third_party/mbedtls/library/psa_crypto_mac.o
LOAD ./simplicity_sdk_2025.6.1/util/third_party/mbedtls/library/psa_crypto_pake.o
LOAD ./simplicity_sdk_2025.6.1/util/third_party/mbedtls/library/psa_crypto_rsa.o
LOAD ./simplicity_sdk_2025.6.1/util/third_party/mbedtls/library/psa_crypto_se.o
LOAD ./simplicity_sdk_2025.6.1/util/third_party/mbedtls/library/psa_crypto_slot_management.o
LOAD ./simplicity_sdk_2025.6.1/util/third_party/mbedtls/library/psa_crypto_storage.o
LOAD ./simplicity_sdk_2025.6.1/util/third_party/mbedtls/library/psa_util.o
LOAD ./simplicity_sdk_2025.6.1/util/third_party/mbedtls/library/threading.o
LOAD ./simplicity_sdk_2025.6.1/util/third_party/printf/printf.o
LOAD ./simplicity_sdk_2025.6.1/util/third_party/printf/src/iostream_printf.o
LOAD /home/repo/SimplicityStudio/zigbee_end_device/simplicity_sdk_2025.6.1/platform/radio/rail_lib/autogen/librail_release/librail_config_mgm210pa32jia_gcc.a
LOAD /home/repo/SimplicityStudio/zigbee_end_device/simplicity_sdk_2025.6.1/platform/radio/rail_lib/autogen/librail_release/librail_module_efr32xg21_gcc_release.a
LOAD /home/repo/SimplicityStudio/zigbee_end_device/simplicity_sdk_2025.6.1/protocol/zigbee/build/gcc/cortex-m33/zigbee-debug-basic/release_singlenetwork/libzigbee-debug-basic.a
LOAD /home/repo/SimplicityStudio/zigbee_end_device/simplicity_sdk_2025.6.1/protocol/zigbee/build/gcc/cortex-m33/zigbee-pro-leaf-stack/release_singlenetwork/libzigbee-pro-leaf-stack.a
LOAD /home/repo/SimplicityStudio/zigbee_end_device/simplicity_sdk_2025.6.1/protocol/zigbee/build/gcc/cortex-m33/zigbee-source-route/release_singlenetwork/libzigbee-source-route.a
LOAD /opt/ss/SimplicityStudio_v5/developer/toolchains/gnu_arm/12.2.rel1_2023.7/bin/../lib/gcc/arm-none-eabi/12.2.1/thumb/v8-m.main+fp/hard/libgcc.a
LOAD /opt/ss/SimplicityStudio_v5/developer/toolchains/gnu_arm/12.2.rel1_2023.7/bin/../lib/gcc/arm-none-eabi/12.2.1/../../../../arm-none-eabi/lib/thumb/v8-m.main+fp/hard/libc_nano.a
LOAD /opt/ss/SimplicityStudio_v5/developer/toolchains/gnu_arm/12.2.rel1_2023.7/bin/../lib/gcc/arm-none-eabi/12.2.1/../../../../arm-none-eabi/lib/thumb/v8-m.main+fp/hard/libm.a
LOAD /opt/ss/SimplicityStudio_v5/developer/toolchains/gnu_arm/12.2.rel1_2023.7/bin/../lib/gcc/arm-none-eabi/12.2.1/../../../../arm-none-eabi/lib/thumb/v8-m.main+fp/hard/libnosys.a
END GROUP
START GROUP
LOAD /opt/ss/SimplicityStudio_v5/developer/toolchains/gnu_arm/12.2.rel1_2023.7/bin/../lib/gcc/arm-none-eabi/12.2.1/thumb/v8-m.main+fp/hard/libgcc.a
LOAD /opt/ss/SimplicityStudio_v5/developer/toolchains/gnu_arm/12.2.rel1_2023.7/bin/../lib/gcc/arm-none-eabi/12.2.1/../../../../arm-none-eabi/lib/thumb/v8-m.main+fp/hard/libc_nano.a
LOAD /opt/ss/SimplicityStudio_v5/developer/toolchains/gnu_arm/12.2.rel1_2023.7/bin/../lib/gcc/arm-none-eabi/12.2.1/../../../../arm-none-eabi/lib/thumb/v8-m.main+fp/hard/libnosys.a
END GROUP
START GROUP
LOAD /opt/ss/SimplicityStudio_v5/developer/toolchains/gnu_arm/12.2.rel1_2023.7/bin/../lib/gcc/arm-none-eabi/12.2.1/thumb/v8-m.main+fp/hard/libgcc.a
LOAD /opt/ss/SimplicityStudio_v5/developer/toolchains/gnu_arm/12.2.rel1_2023.7/bin/../lib/gcc/arm-none-eabi/12.2.1/../../../../arm-none-eabi/lib/thumb/v8-m.main+fp/hard/libg_nano.a
LOAD /opt/ss/SimplicityStudio_v5/developer/toolchains/gnu_arm/12.2.rel1_2023.7/bin/../lib/gcc/arm-none-eabi/12.2.1/../../../../arm-none-eabi/lib/thumb/v8-m.main+fp/hard/libc_nano.a
END GROUP
START GROUP
LOAD /opt/ss/SimplicityStudio_v5/developer/toolchains/gnu_arm/12.2.rel1_2023.7/bin/../lib/gcc/arm-none-eabi/12.2.1/thumb/v8-m.main+fp/hard/libgcc.a
LOAD /opt/ss/SimplicityStudio_v5/developer/toolchains/gnu_arm/12.2.rel1_2023.7/bin/../lib/gcc/arm-none-eabi/12.2.1/../../../../arm-none-eabi/lib/thumb/v8-m.main+fp/hard/libc_nano.a
END GROUP
LOAD /opt/ss/SimplicityStudio_v5/developer/toolchains/gnu_arm/12.2.rel1_2023.7/bin/../lib/gcc/arm-none-eabi/12.2.1/thumb/v8-m.main+fp/hard/crtend.o
LOAD /opt/ss/SimplicityStudio_v5/developer/toolchains/gnu_arm/12.2.rel1_2023.7/bin/../lib/gcc/arm-none-eabi/12.2.1/thumb/v8-m.main+fp/hard/crtn.o

.vectors        0x0000000000004000      0x134
                0x0000000000004000                linker_vectors_begin = .
 *(.vectors)
 .vectors       0x0000000000004000      0x134 /tmp/cc5lVH1L.ltrans0.ltrans.o
                0x0000000000004000                __Vectors
                0x0000000000004134                linker_vectors_end = .
                0x0000000000004134                __Vectors_End = .
                0x0000000000004134                __Vectors_Size = (__Vectors_End - __Vectors)
                0x0000000000004134                __lma_ramfuncs_start__ = .

.bootloader_reset_section
                0x0000000020000000        0x4
                0x0000000020000000                __ResetReasonStart__ = .
                0x0000000020000004                . = (. + 0x4)
 *fill*         0x0000000020000000        0x4 
                0x0000000020000004                . = ALIGN (0x4)
                0x0000000020000004                __ResetReasonEnd__ = .

.stack          0x0000000020000008     0x1000
                0x0000000020000008                . = ALIGN (0x8)
                0x0000000020000008                __StackLimit = .
 *(.stack*)
 .stack         0x0000000020000008     0x1000 /tmp/cc5lVH1L.ltrans4.ltrans.o
                0x0000000020001008                . = ALIGN (0x4)
                0x0000000020001008                __StackTop = .
                0x0000000020001008                PROVIDE (__stack = __StackTop)

.bss            0x0000000020001008     0x278c
                0x0000000020001008                . = ALIGN (0x4)
                0x0000000020001008                __bss_start__ = .
 *(SORT_BY_ALIGNMENT(.bss*))
 .bss           0x0000000020001008     0x195a /tmp/cc5lVH1L.ltrans0.ltrans.o
                0x0000000020001008                gpio_interrupts.lto_priv.0
                0x0000000020001170                initialized.lto_priv.0
                0x0000000020001174                chTable.lto_priv.0
                0x00000000200011f4                dmaXfer.lto_priv.0
                0x00000000200012fc                led_event.lto_priv.0
                0x000000002000131c                commissioning.lto_priv.0
                0x000000002000131d                binding.lto_priv.0
                0x0000000020001340                attribute_report_event_control.lto_priv.0
                0x0000000020001380                sli_zigbee_state
                0x0000000020001390                irqState
                0x00000000200013ec                nvm3_internalObjectHandleA
                0x0000000020001448                nvm3_defaultHandleData
                0x00000000200014e4                powerCurvesState.lto_priv.0
                0x0000000020001504                sli_iostream_default.lto_priv.0
                0x0000000020001508                overflow_counter.lto_priv.0
                0x000000002000150c                timer_frequency.lto_priv.0
                0x0000000020001510                sli_general_purpose_heap
                0x0000000020001595                current_em.lto_priv.0
                0x0000000020001674                wakeup_time_config_overhead_tick
                0x0000000020001690                emHeapBase.lto_priv.0
                0x0000000020001694                emHeapLimit
                0x0000000020001698                heapPointer.lto_priv.0
                0x0000000020001a88                irqState.lto_priv.1
                0x0000000020001a8c                sl_token_manager_init_success
                0x0000000020001a8d                tokensActive.lto_priv.0
                0x0000000020001a8e                sli_802154mac_local_eui64
                0x0000000020001a98                sli_zigbee_stack_event_queue
                0x0000000020001aa8                sli_mac_upper_mac_state
                0x0000000020001b54                outgoing_flat_packet.lto_priv.0
                0x0000000020001bd4                mac_outgoing_sequence_number.lto_priv.0
                0x0000000020001bd5                sli_mac_network_poll_queue
                0x0000000020001bd6                miscInternalFlags.lto_priv.0
                0x0000000020001bd8                sli_802154mac_lower_mac_state
                0x0000000020001bdc                emPhyRailHandle
                0x0000000020001be0                csmaParams.lto_priv.0
                0x0000000020001bec                sl_mac_stack_filter_list_length
                0x0000000020001bee                sli_zigbee_address_table
                0x0000000020001cb0                sli_zigbee_permit_joining_events
                0x0000000020001cd0                sli_zigbee_network_management_events
                0x0000000020001cf0                sli_zigbee_transient_link_key_events
                0x0000000020001d10                sli_zigbee_source_route_update_events
                0x0000000020001d30                sli_zigbee_allow_tc_rejoins_using_well_known_key_events
                0x0000000020001d50                sli_zigbee_request_key_events
                0x0000000020001d70                sli_zigbee_sequence_number
                0x0000000020001d71                sli_zigbee_aps_sequence_number
                0x0000000020001d72                sli_zigbee_network_security_level
                0x0000000020001d73                receivedTimeoutResponse
                0x0000000020001d74                responseTimeoutRemaining
                0x0000000020001d76                sli_zigbee_what_i_support_as_a_parent
                0x0000000020001d78                parentNwkInformation
                0x0000000020001d7a                sourceRouteTableEntryCount
                0x0000000020001d7b                sourceRouteTableNewestIndex
                0x0000000020001d7c                sli_zigbee_source_route_table_data
                0x0000000020001d98                sourceRouteUpdateRouteErrorCount
                0x0000000020001d99                sourceRouteUpdateDeliveryFailureCount
                0x0000000020001d9a                sourceRouteUpdateNodeIdWithBrokenRoute
                0x0000000020001d9c                sourceRouteUpdateSendAddressDiscoveryNextEvent
                0x0000000020001d9d                sourceRouteUpdateActiveEvent
                0x0000000020001d9e                delayCount.lto_priv.1
                0x0000000020001d9f                submitCount.lto_priv.1
                0x0000000020001da0                sli_zigbee_store_and_forward_queue
                0x0000000020001de8                sli_zigbee_af_app_event_queue
                0x0000000020001df8                finding_and_binding_event_control.lto_priv.0
                0x0000000020001e18                sl_zigbee_af_identify_cluster_server_tick_cbEvent1
                0x0000000020001e38                sli_zigbee_af_service_discovery_events
                0x0000000020001eb8                checkTargetResponsesEvent.lto_priv.0
                0x0000000020001ed8                sl_zigbee_af_network_steering_finish_steering_event
                0x0000000020001ef8                scanNetworkEvents.lto_priv.0
                0x0000000020001f18                beginTcLinkKeyUpdateEvents.lto_priv.0
                0x0000000020001f38                sli_zigbee_af_current_zigbee_pro_network
                0x0000000020001f3c                messageSentCallbacks.lto_priv.0
                0x0000000020001f8c                sl_zigbee_endpoint_count
                0x0000000020001f90                sli_zigbee_af_endpoints
                0x0000000020001fa0                addressCacheStartIndex.lto_priv.0
                0x0000000020001fa1                addressCacheSize
                0x0000000020001fa2                nextIndex.lto_priv.0
                0x0000000020001fa3                afDeviceEnabled
                0x0000000020001fa4                sli_zigbee_af_zcl_buffer
                0x0000000020001fa8                appResponseData
                0x0000000020001ffa                sli_zigbee_af_zcl_buffer_len
                0x0000000020001ffc                sli_zigbee_af_response_length_ptr
                0x0000000020002000                appResponseLength
                0x0000000020002004                sli_zigbee_af_command_aps_frame
                0x0000000020002008                sl_zigbee_af_response_aps_frame
                0x0000000020002014                network_cache.lto_priv.0
                0x000000002000201a                networkInitData.lto_priv.0
                0x000000002000201c                sli_zigbee_node_type
                0x000000002000201d                zigbee_stack_em1_requirement_set.lto_priv.0
                0x0000000020002028                em1_requirement_set.lto_priv.0
                0x0000000020002038                timer_head.lto_priv.0
                0x000000002000203c                last_delta_update_count.lto_priv.0
                0x0000000020002061                next_timer_to_expire_is_power_manager.lto_priv.0
                0x0000000020002065                sleep_on_isr_exit.lto_priv.1
                0x0000000020002090                lastAgingTime.lto_priv.0
                0x0000000020002092                sli_zigbee_in_initial_broadcast_timeout
                0x0000000020002094                sli_zigbee_broadcast_age_cutoff_indices
                0x0000000020002098                phyToMacQueue.lto_priv.0
                0x000000002000209c                sli_802154mac_to_network_queue
                0x000000002000209e                sli_zigbee_current_lqi
                0x000000002000209f                sli_zigbee_current_rssi
                0x00000000200020a0                sli_zigbee_current_channel
                0x00000000200020a4                sli_zigbee_current_mac_timestamp
                0x00000000200020a8                sli_zigbee_network_to_application_queue
                0x00000000200020aa                sli_zigbee_current_sender
                0x00000000200020ac                sli_zigbee_current_aps_struct
                0x00000000200020b8                sli_zigbee_current_sender_eui64
                0x00000000200020bc                sli_zigbee_security_state_bitmask
                0x00000000200020c0                joinState
                0x00000000200020dc                updateTcLinkKeyState.lto_priv.0
                0x00000000200020dd                bdbTcLinkKeyExchangeAttempts.lto_priv.0
                0x00000000200020de                sli_zigbee_current_zdo_request_status
                0x00000000200020df                sli_zigbee_current_binding_index
                0x00000000200020e0                sli_zigbee_aps_unicast_message_data
                0x0000000020002180                delayCount.lto_priv.0
                0x0000000020002181                submitCount.lto_priv.0
                0x0000000020002184                sli_zigbee_retry_queue
                0x0000000020002284                jitOrRetryTxBusy
                0x0000000020002285                pendingAckedCount.lto_priv.0
                0x0000000020002288                sli_zigbee_incoming_tc_link_key_frame_counter
                0x000000002000228c                sli_zigbee_request_link_key_update
                0x0000000020002290                sli_zigbee_last_child_age_time_ms
                0x0000000020002294                sli_zigbee_ms_since_last_poll
                0x0000000020002298                lastEventTimeMs.lto_priv.0
                0x000000002000229a                tracePhase.lto_priv.0
                0x00000000200028dc                sl_mac_stack_filter_list
                0x000000002000291c                sl_mac_custom_filter_list_length
                0x000000002000291e                sl_mac_custom_filter_list
                0x000000002000295e                sli_zigbee_descriptor_capability
                0x000000002000295f                sli_zigbee_af_cli_network_index
                0x0000000020002960                sli_zigbee_child_status_data
 *fill*         0x0000000020002962        0x6 
 .bss           0x0000000020002968      0x46f /tmp/cc5lVH1L.ltrans1.ltrans.o
                0x0000000020002968                sl_zigbee_af_aps_retry_override.lto_priv.0
                0x0000000020002969                sl_zigbee_af_response_type
                0x000000002000296c                sli_zigbee_af_current_command
                0x00000000200029a1                zigDevRequestSequence.lto_priv.0
                0x00000000200029b0                appZclBuffer
                0x0000000020002a04                appZclBufferLen
                0x0000000020002a07                count.lto_priv.0
                0x0000000020002a08                handlerQueue.lto_priv.0
                0x0000000020002aa8                head.lto_priv.0
                0x0000000020002abc                sli_zigbee_binding_remote_node
                0x0000000020002ad4                states.lto_priv.0
                0x0000000020002b14                reportTableActiveLength.lto_priv.0
                0x0000000020002b18                sli_zigbee_af_report_volatile_data
                0x0000000020002bcc                max_millisecond_conversion.lto_priv.0
                0x0000000020002c16                sli_zigbee_af_syncing_time
                0x0000000020002c2e                sli_zigbee_counters
                0x0000000020002c82                sli_zigbee_counters_thresholds
                0x0000000020002dae                global_beacon.lto_priv.0
                0x0000000020002dc4                purgeBeaconsAfterJoinSuccess.lto_priv.0
                0x0000000020002dc6                cacheBuffer.lto_priv.0
                0x0000000020002dc9                beaconListCount.lto_priv.0
                0x0000000020002dcb                zigDevRequestSequence.lto_priv.1
                0x0000000020002dd4                avgParentRssi
                0x0000000020002dd6                sli_zigbee_allow_rejoins_with_well_known_key
 *fill*         0x0000000020002dd7        0x1 
 .bss           0x0000000020002dd8      0x1f4 /tmp/cc5lVH1L.ltrans2.ltrans.o
                0x0000000020002dda                sli_zigbee_neighbor_data
                0x0000000020002dfe                sli_zigbee_neighbor_count
                0x0000000020002e80                scanResults.lto_priv.0
                0x0000000020002f08                sli_zigbee_frame_counters_table
                0x0000000020002f10                loadedKey.lto_priv.0
                0x0000000020002f20                zb_sec_man_context_key.lto_priv.0
                0x0000000020002f30                encryptionBlock.lto_priv.0
                0x0000000020002f48                currentOutgoingPacket.lto_priv.0
                0x0000000020002f4c                macRetries.lto_priv.0
                0x0000000020002f50                beaconList.lto_priv.0
                0x0000000020002f52                sli_zigbee_security_key_sequence_number
                0x0000000020002f54                sli_zigbee_next_nwk_frame_counter
                0x0000000020002f5c                current_force_tx_after_failed_cca_attempts.lto_priv.0
                0x0000000020002f68                pollQueueHead.lto_priv.0
                0x0000000020002f69                blackListedIdByteArray
                0x0000000020002f6a                blacklistedIdsArray
                0x0000000020002f6e                sli_zigbee_sleepy_broadcast_header
                0x0000000020002f70                sleepyBroadcastInfo.lto_priv.0
                0x0000000020002f94                sli_mac_energy_scan_complete_callback
                0x0000000020002fa8                nextApsFrameCounter.lto_priv.0
                0x0000000020002fac                storedKeysList.lto_priv.0
                0x0000000020002fae                keyCount.lto_priv.0
                0x0000000020002fb0                current_tag.lto_priv.0
                0x0000000020002fb4                sl_mac_active_response_callback
                0x0000000020002fb8                sl_mac_scan_complete_callback
                0x0000000020002fbc                sl_mac_energy_response_callback
                0x0000000020002fc1                sli_zigbee_tree_depth
                0x0000000020002fc2                sli_zigbee_unicast_tx_attempts
                0x0000000020002fc4                sli_zigbee_unicast_tx_failures
                0x0000000020002fc6                newChannel.lto_priv.0
 *fill*         0x0000000020002fcc        0x4 
 .bss.sli_rail_f5d6bd4b87b830444924423a67685a3c
                0x0000000020002fd0      0x1a0 /home/repo/SimplicityStudio/zigbee_end_device/simplicity_sdk_2025.6.1/platform/radio/rail_lib/autogen/librail_release/librail_module_efr32xg21_gcc_release.a(rail_rf.o)
 .bss.sli_rail_9fd4b577a88245688a41c225ff145d2d
                0x0000000020003170       0x80 /home/repo/SimplicityStudio/zigbee_end_device/simplicity_sdk_2025.6.1/platform/radio/rail_lib/autogen/librail_release/librail_module_efr32xg21_gcc_release.a(rail_data.o)
 .bss.sli_rail_639739279e8d3d2b15a09f3a35c0cf79
                0x00000000200031f0        0x8 /home/repo/SimplicityStudio/zigbee_end_device/simplicity_sdk_2025.6.1/platform/radio/rail_lib/autogen/librail_release/librail_module_efr32xg21_gcc_release.a(generic_phy.o)
 .bss.object.0  0x00000000200031f8       0x18 /opt/ss/SimplicityStudio_v5/developer/toolchains/gnu_arm/12.2.rel1_2023.7/bin/../lib/gcc/arm-none-eabi/12.2.1/thumb/v8-m.main+fp/hard/crtbegin.o
 .bss           0x0000000020003210       0x54 /tmp/cc5lVH1L.ltrans3.ltrans.o
                0x0000000020003248                sli_zigbee_binding_flags
                0x0000000020003263                nwkSequenceNumber.lto_priv.0
 .bss           0x0000000020003264       0x40 /tmp/cc5lVH1L.ltrans4.ltrans.o
 .bss.sli_rail_b2d4e2f0808167209d1dba530e0bb939
                0x00000000200032a4      0x200 /home/repo/SimplicityStudio/zigbee_end_device/simplicity_sdk_2025.6.1/platform/radio/rail_lib/autogen/librail_release/librail_module_efr32xg21_gcc_release.a(rail_data.o)
 .bss.sli_rail_assert_rail_handle
                0x00000000200034a4        0x4 /home/repo/SimplicityStudio/zigbee_end_device/simplicity_sdk_2025.6.1/platform/radio/rail_lib/autogen/librail_release/librail_module_efr32xg21_gcc_release.a(rail_assert.o)
                0x00000000200034a4                sli_rail_assert_rail_handle
 .bss.sli_rail_assert_line_number
                0x00000000200034a8        0x4 /home/repo/SimplicityStudio/zigbee_end_device/simplicity_sdk_2025.6.1/platform/radio/rail_lib/autogen/librail_release/librail_module_efr32xg21_gcc_release.a(rail_assert.o)
                0x00000000200034a8                sli_rail_assert_line_number
 .bss.sli_rail_c136c888d348bae01d46584776a71a85
                0x00000000200034ac        0x8 /home/repo/SimplicityStudio/zigbee_end_device/simplicity_sdk_2025.6.1/platform/radio/rail_lib/autogen/librail_release/librail_module_efr32xg21_gcc_release.a(rail_power_manager.o)
 .bss.sli_rail_9173f051b55c13a908edffee1745cddf
                0x00000000200034b4        0x8 /home/repo/SimplicityStudio/zigbee_end_device/simplicity_sdk_2025.6.1/platform/radio/rail_lib/autogen/librail_release/librail_module_efr32xg21_gcc_release.a(rail_power_manager.o)
 .bss.sli_rail_1a9485a7c6b38dd70de7ee0102aa7aaf
                0x00000000200034bc       0x20 /home/repo/SimplicityStudio/zigbee_end_device/simplicity_sdk_2025.6.1/platform/radio/rail_lib/autogen/librail_release/librail_module_efr32xg21_gcc_release.a(rail_power_manager.o)
 .bss.sli_rail_54d89e3959a4bbc543e302fea6710f95
                0x00000000200034dc        0x4 /home/repo/SimplicityStudio/zigbee_end_device/simplicity_sdk_2025.6.1/platform/radio/rail_lib/autogen/librail_release/librail_module_efr32xg21_gcc_release.a(rail_power_manager.o)
                0x00000000200034dc                sli_rail_54d89e3959a4bbc543e302fea6710f95
 .bss.sli_rail_07aed9c96fdcaccc2e6f95e40d8fb12c
                0x00000000200034e0        0x4 /home/repo/SimplicityStudio/zigbee_end_device/simplicity_sdk_2025.6.1/platform/radio/rail_lib/autogen/librail_release/librail_module_efr32xg21_gcc_release.a(rail_power_manager.o)
 .bss.sli_rail_e869e9276015a189cecac6019fc3c018
                0x00000000200034e4        0x4 /home/repo/SimplicityStudio/zigbee_end_device/simplicity_sdk_2025.6.1/platform/radio/rail_lib/autogen/librail_release/librail_module_efr32xg21_gcc_release.a(rail_power_manager.o)
 .bss.sli_rail_4b8dfbaedea31d7cbf1e1ce30323b341
                0x00000000200034e8        0x4 /home/repo/SimplicityStudio/zigbee_end_device/simplicity_sdk_2025.6.1/platform/radio/rail_lib/autogen/librail_release/librail_module_efr32xg21_gcc_release.a(rail_power_manager.o)
 .bss.sli_rail_ff5397f38ac9ffe78ebd137a9facd21f
                0x00000000200034ec        0x4 /home/repo/SimplicityStudio/zigbee_end_device/simplicity_sdk_2025.6.1/platform/radio/rail_lib/autogen/librail_release/librail_module_efr32xg21_gcc_release.a(rail_rf_hal.o)
 .bss.sli_rail_93f64758baf60907f96fa3736d8c95be
                0x00000000200034f0        0x4 /home/repo/SimplicityStudio/zigbee_end_device/simplicity_sdk_2025.6.1/platform/radio/rail_lib/autogen/librail_release/librail_module_efr32xg21_gcc_release.a(rail_rf_hal.o)
 .bss.sli_rail_2c64439bef0520ed6b99a1cb60a3db45
                0x00000000200034f4        0x4 /home/repo/SimplicityStudio/zigbee_end_device/simplicity_sdk_2025.6.1/platform/radio/rail_lib/autogen/librail_release/librail_module_efr32xg21_gcc_release.a(rail_rf_hal.o)
 .bss.sli_rail_f220d21fdb41383218da79e92497d6e0
                0x00000000200034f8        0x4 /home/repo/SimplicityStudio/zigbee_end_device/simplicity_sdk_2025.6.1/platform/radio/rail_lib/autogen/librail_release/librail_module_efr32xg21_gcc_release.a(rail_rf_hal.o)
 .bss.sli_rail_e547315ea5b6d0aaa7cc739ff29cd150
                0x00000000200034fc        0x4 /home/repo/SimplicityStudio/zigbee_end_device/simplicity_sdk_2025.6.1/platform/radio/rail_lib/autogen/librail_release/librail_module_efr32xg21_gcc_release.a(rail_rf_hal.o)
 .bss.sli_rail_ed16766c587fa63e77da03f1b51ef62a
                0x0000000020003500        0x4 /home/repo/SimplicityStudio/zigbee_end_device/simplicity_sdk_2025.6.1/platform/radio/rail_lib/autogen/librail_release/librail_module_efr32xg21_gcc_release.a(rail_rf_hal.o)
 .bss.sli_rail_8b603bfacbd416d9fed4157d0fe5952f
                0x0000000020003504        0x4 /home/repo/SimplicityStudio/zigbee_end_device/simplicity_sdk_2025.6.1/platform/radio/rail_lib/autogen/librail_release/librail_module_efr32xg21_gcc_release.a(rail_rf_hal.o)
 .bss.sli_rail_e596de4f8292ec5a59bf4d802ccf94ce
                0x0000000020003508        0x4 /home/repo/SimplicityStudio/zigbee_end_device/simplicity_sdk_2025.6.1/platform/radio/rail_lib/autogen/librail_release/librail_module_efr32xg21_gcc_release.a(rail_rf_hal.o)
 .bss.sli_rail_a38a6265fbc5cbe2cc3228410b65ace5
                0x000000002000350c        0x4 /home/repo/SimplicityStudio/zigbee_end_device/simplicity_sdk_2025.6.1/platform/radio/rail_lib/autogen/librail_release/librail_module_efr32xg21_gcc_release.a(rail_rf_hal.o)
                0x000000002000350c                sli_rail_a38a6265fbc5cbe2cc3228410b65ace5
 .bss.sli_rail_dcde16df7cedd595b97bd2a7aa082524
                0x0000000020003510        0x4 /home/repo/SimplicityStudio/zigbee_end_device/simplicity_sdk_2025.6.1/platform/radio/rail_lib/autogen/librail_release/librail_module_efr32xg21_gcc_release.a(rail_ieee802154_rf_hal.o)
                0x0000000020003510                sli_rail_dcde16df7cedd595b97bd2a7aa082524
 .bss.sli_rail_2c83a429df0ac09a485d2660685c629a
                0x0000000020003514        0x4 /home/repo/SimplicityStudio/zigbee_end_device/simplicity_sdk_2025.6.1/platform/radio/rail_lib/autogen/librail_release/librail_module_efr32xg21_gcc_release.a(rail_ieee802154_rf_hal.o)
                0x0000000020003514                sli_rail_2c83a429df0ac09a485d2660685c629a
 .bss.sli_rail_8e5f92557b02add76aa494081820c844
                0x0000000020003518        0x4 /home/repo/SimplicityStudio/zigbee_end_device/simplicity_sdk_2025.6.1/platform/radio/rail_lib/autogen/librail_release/librail_module_efr32xg21_gcc_release.a(rail_ieee802154_rf_hal.o)
                0x0000000020003518                sli_rail_8e5f92557b02add76aa494081820c844
 .bss.sli_rail_416b8bd069a196e46ab21a61f0b8399d
                0x000000002000351c        0x4 /home/repo/SimplicityStudio/zigbee_end_device/simplicity_sdk_2025.6.1/platform/radio/rail_lib/autogen/librail_release/librail_module_efr32xg21_gcc_release.a(rail_ieee802154_rf_hal.o)
 .bss.sli_rail_1f4b458cd70474e6143b1726fe373f2d
                0x0000000020003520        0x4 /home/repo/SimplicityStudio/zigbee_end_device/simplicity_sdk_2025.6.1/platform/radio/rail_lib/autogen/librail_release/librail_module_efr32xg21_gcc_release.a(rail_ieee802154_rf_hal.o)
 .bss.sli_rail_101f4b3f7ec22758e9c3af4867b037bf
                0x0000000020003524        0x4 /home/repo/SimplicityStudio/zigbee_end_device/simplicity_sdk_2025.6.1/platform/radio/rail_lib/autogen/librail_release/librail_module_efr32xg21_gcc_release.a(rfhal_bufc.o)
 .bss.sli_rail_e119b6e8991410a924ce1e2fa666a230
                0x0000000020003528        0x4 /home/repo/SimplicityStudio/zigbee_end_device/simplicity_sdk_2025.6.1/platform/radio/rail_lib/autogen/librail_release/librail_module_efr32xg21_gcc_release.a(rfhal_pa.o)
 .bss.sli_rail_4ceed477bbf6903223af2cc67199ad53
                0x000000002000352c       0x2c /home/repo/SimplicityStudio/zigbee_end_device/simplicity_sdk_2025.6.1/platform/radio/rail_lib/autogen/librail_release/librail_module_efr32xg21_gcc_release.a(rfhal_pa.o)
 .bss.sli_rail_8bcb7082e48e6ff370e12cbf831416d4
                0x0000000020003558        0x4 /home/repo/SimplicityStudio/zigbee_end_device/simplicity_sdk_2025.6.1/platform/radio/rail_lib/autogen/librail_release/librail_module_efr32xg21_gcc_release.a(rfhal_pa.o)
 .bss.sli_rail_a6f5c273b65932798e9fe42a4135c816
                0x000000002000355c        0x4 /home/repo/SimplicityStudio/zigbee_end_device/simplicity_sdk_2025.6.1/platform/radio/rail_lib/autogen/librail_release/librail_module_efr32xg21_gcc_release.a(rfhal_pa.o)
 .bss.sli_rail_a7ecbdc9460bec98d7781dd81a879a8b
                0x0000000020003560       0x14 /home/repo/SimplicityStudio/zigbee_end_device/simplicity_sdk_2025.6.1/platform/radio/rail_lib/autogen/librail_release/librail_module_efr32xg21_gcc_release.a(rfhal_pti.o)
 .bss.sli_rail_77815a23ee974b1b058991f6802f3a27
                0x0000000020003574        0x4 /home/repo/SimplicityStudio/zigbee_end_device/simplicity_sdk_2025.6.1/platform/radio/rail_lib/autogen/librail_release/librail_module_efr32xg21_gcc_release.a(rfhal_protimer.o)
                0x0000000020003574                sli_rail_77815a23ee974b1b058991f6802f3a27
 .bss.sli_rail_ba76bc65df776304e41de87b98615d59
                0x0000000020003578        0x4 /home/repo/SimplicityStudio/zigbee_end_device/simplicity_sdk_2025.6.1/platform/radio/rail_lib/autogen/librail_release/librail_module_efr32xg21_gcc_release.a(rfhal_protimer.o)
                0x0000000020003578                sli_rail_ba76bc65df776304e41de87b98615d59
 .bss.sli_rail_b12f64a1631cb80aaba93bc7e62c5401
                0x000000002000357c        0x4 /home/repo/SimplicityStudio/zigbee_end_device/simplicity_sdk_2025.6.1/platform/radio/rail_lib/autogen/librail_release/librail_module_efr32xg21_gcc_release.a(rfhal_protimer.o)
                0x000000002000357c                sli_rail_b12f64a1631cb80aaba93bc7e62c5401
 .bss.sli_rail_cd01ef0a536530215319ced12540ac0b
                0x0000000020003580        0x4 /home/repo/SimplicityStudio/zigbee_end_device/simplicity_sdk_2025.6.1/platform/radio/rail_lib/autogen/librail_release/librail_module_efr32xg21_gcc_release.a(rfhal_protimer.o)
                0x0000000020003580                sli_rail_cd01ef0a536530215319ced12540ac0b
 .bss.sli_rail_28b654493fd84ce3d4a1eafa51d2de06
                0x0000000020003584        0x4 /home/repo/SimplicityStudio/zigbee_end_device/simplicity_sdk_2025.6.1/platform/radio/rail_lib/autogen/librail_release/librail_module_efr32xg21_gcc_release.a(rfhal_protimer.o)
                0x0000000020003584                sli_rail_28b654493fd84ce3d4a1eafa51d2de06
 .bss.sli_rail_053617c4332bb6c7cf6732ee3488f196
                0x0000000020003588       0x30 /home/repo/SimplicityStudio/zigbee_end_device/simplicity_sdk_2025.6.1/platform/radio/rail_lib/autogen/librail_release/librail_module_efr32xg21_gcc_release.a(rfhal_radio.o)
 .bss.sli_rail_246b433d92658e50defa7861b317139f
                0x00000000200035b8       0x18 /home/repo/SimplicityStudio/zigbee_end_device/simplicity_sdk_2025.6.1/platform/radio/rail_lib/autogen/librail_release/librail_module_efr32xg21_gcc_release.a(rfhal_signing.o)
 .bss.sli_rail_46885ee79bb18df54fe729cfba8e607b
                0x00000000200035d0        0x4 /home/repo/SimplicityStudio/zigbee_end_device/simplicity_sdk_2025.6.1/platform/radio/rail_lib/autogen/librail_release/librail_module_efr32xg21_gcc_release.a(rfhal_synth.o)
                0x00000000200035d0                sli_rail_46885ee79bb18df54fe729cfba8e607b
 .bss.sli_rail_d2c542bf069f46066a28f843ca3ff78f
                0x00000000200035d4        0x4 /home/repo/SimplicityStudio/zigbee_end_device/simplicity_sdk_2025.6.1/platform/radio/rail_lib/autogen/librail_release/librail_module_efr32xg21_gcc_release.a(rfhal_synth.o)
                0x00000000200035d4                sli_rail_d2c542bf069f46066a28f843ca3ff78f
 .bss.sli_rail_e0ef4487ab4804a5fea3180e903f26d5
                0x00000000200035d8        0x4 /home/repo/SimplicityStudio/zigbee_end_device/simplicity_sdk_2025.6.1/platform/radio/rail_lib/autogen/librail_release/librail_module_efr32xg21_gcc_release.a(rfhal_synth.o)
 .bss.sli_rail_1735c4d38e84f6ce03a9829499886986
                0x00000000200035dc        0x4 /home/repo/SimplicityStudio/zigbee_end_device/simplicity_sdk_2025.6.1/platform/radio/rail_lib/autogen/librail_release/librail_module_efr32xg21_gcc_release.a(rfhal_timings.o)
 .bss.sli_rail_f9bca167b18e7011edfdb6d3ce9531c6
                0x00000000200035e0       0x10 /home/repo/SimplicityStudio/zigbee_end_device/simplicity_sdk_2025.6.1/platform/radio/rail_lib/autogen/librail_release/librail_module_efr32xg21_gcc_release.a(rfhal_timings.o)
 .bss.sli_rail_9c2a5a1193e307c22559a2580488663c
                0x00000000200035f0        0x4 /home/repo/SimplicityStudio/zigbee_end_device/simplicity_sdk_2025.6.1/platform/radio/rail_lib/autogen/librail_release/librail_module_efr32xg21_gcc_release.a(rfhal_timings.o)
 .bss.sli_rail_e313b55611f42bb8fd6c98edfa75cd8f
                0x00000000200035f4        0x4 /home/repo/SimplicityStudio/zigbee_end_device/simplicity_sdk_2025.6.1/platform/radio/rail_lib/autogen/librail_release/librail_module_efr32xg21_gcc_release.a(generic_phy.o)
                0x00000000200035f4                sli_rail_e313b55611f42bb8fd6c98edfa75cd8f
 .bss.sli_rail_42987b2d051e27bbd12feb66e8f8ca45
                0x00000000200035f8        0x4 /home/repo/SimplicityStudio/zigbee_end_device/simplicity_sdk_2025.6.1/platform/radio/rail_lib/autogen/librail_release/librail_module_efr32xg21_gcc_release.a(generic_phy.o)
 .bss.sli_rail_b1a34801bf30cc1514fb2857dcf77060
                0x00000000200035fc       0x18 /home/repo/SimplicityStudio/zigbee_end_device/simplicity_sdk_2025.6.1/platform/radio/rail_lib/autogen/librail_release/librail_module_efr32xg21_gcc_release.a(generic_phy.o)
                0x00000000200035fc                sli_rail_b1a34801bf30cc1514fb2857dcf77060
 .bss.sli_rail_af3c6973dddd532ce508e3f9924571a4
                0x0000000020003614        0x4 /home/repo/SimplicityStudio/zigbee_end_device/simplicity_sdk_2025.6.1/platform/radio/rail_lib/autogen/librail_release/librail_module_efr32xg21_gcc_release.a(rail_singleprotocol.o)
 .bss.RAIL_ActiveHandle
                0x0000000020003618        0x4 /home/repo/SimplicityStudio/zigbee_end_device/simplicity_sdk_2025.6.1/platform/radio/rail_lib/autogen/librail_release/librail_module_efr32xg21_gcc_release.a(rail_singleprotocol.o)
                0x0000000020003618                RAIL_ActiveHandle
 .bss.__sf      0x000000002000361c      0x138 /opt/ss/SimplicityStudio_v5/developer/toolchains/gnu_arm/12.2.rel1_2023.7/bin/../lib/gcc/arm-none-eabi/12.2.1/../../../../arm-none-eabi/lib/thumb/v8-m.main+fp/hard/libc_nano.a(libc_a-findfp.o)
                0x000000002000361c                __sf
 .bss.__stdio_exit_handler
                0x0000000020003754        0x4 /opt/ss/SimplicityStudio_v5/developer/toolchains/gnu_arm/12.2.rel1_2023.7/bin/../lib/gcc/arm-none-eabi/12.2.1/../../../../arm-none-eabi/lib/thumb/v8-m.main+fp/hard/libc_nano.a(libc_a-findfp.o)
                0x0000000020003754                __stdio_exit_handler
 .bss.sli_rail_f79cb613c0d804d5b844145d8d088130
                0x0000000020003758        0x2 /home/repo/SimplicityStudio/zigbee_end_device/simplicity_sdk_2025.6.1/platform/radio/rail_lib/autogen/librail_release/librail_module_efr32xg21_gcc_release.a(rfhal_module.o)
 .bss.sli_rail_984a073d072f71c72895558117076777
                0x000000002000375a       0x18 /home/repo/SimplicityStudio/zigbee_end_device/simplicity_sdk_2025.6.1/platform/radio/rail_lib/autogen/librail_release/librail_module_efr32xg21_gcc_release.a(rfhal_radio.o)
 .bss.completed.1
                0x0000000020003772        0x1 /opt/ss/SimplicityStudio_v5/developer/toolchains/gnu_arm/12.2.rel1_2023.7/bin/../lib/gcc/arm-none-eabi/12.2.1/thumb/v8-m.main+fp/hard/crtbegin.o
 .bss.sli_rail_d65d23c2b23fdd806a6e8f3e64b0323d
                0x0000000020003773        0x1 /home/repo/SimplicityStudio/zigbee_end_device/simplicity_sdk_2025.6.1/platform/radio/rail_lib/autogen/librail_release/librail_module_efr32xg21_gcc_release.a(rail_power_manager.o)
 .bss.sli_rail_61af0a7c75316b90cbcd8fa25d8ab561
                0x0000000020003774        0x1 /home/repo/SimplicityStudio/zigbee_end_device/simplicity_sdk_2025.6.1/platform/radio/rail_lib/autogen/librail_release/librail_module_efr32xg21_gcc_release.a(rail_power_manager.o)
 .bss.sli_rail_aa6a27b2d33ee099d3bcb8c9cc528c7f
                0x0000000020003775        0x1 /home/repo/SimplicityStudio/zigbee_end_device/simplicity_sdk_2025.6.1/platform/radio/rail_lib/autogen/librail_release/librail_module_efr32xg21_gcc_release.a(rail_power_manager.o)
 .bss.sli_rail_b8fbc7affa20b169b7320e9641707b1c
                0x0000000020003776        0x1 /home/repo/SimplicityStudio/zigbee_end_device/simplicity_sdk_2025.6.1/platform/radio/rail_lib/autogen/librail_release/librail_module_efr32xg21_gcc_release.a(rail_rf_hal.o)
 .bss.sli_rail_08d1a986c4d60bf6ed7ab6ba0f7c8b79
                0x0000000020003777        0x1 /home/repo/SimplicityStudio/zigbee_end_device/simplicity_sdk_2025.6.1/platform/radio/rail_lib/autogen/librail_release/librail_module_efr32xg21_gcc_release.a(rail_rf_hal.o)
 .bss.sli_rail_aa9871042d83d383c8f35ed1d86b8c36
                0x0000000020003778        0x1 /home/repo/SimplicityStudio/zigbee_end_device/simplicity_sdk_2025.6.1/platform/radio/rail_lib/autogen/librail_release/librail_module_efr32xg21_gcc_release.a(rail_rf_hal.o)
 .bss.sli_rail_788a850e8c59ec185d8b5df36a1937cc
                0x0000000020003779        0x1 /home/repo/SimplicityStudio/zigbee_end_device/simplicity_sdk_2025.6.1/platform/radio/rail_lib/autogen/librail_release/librail_module_efr32xg21_gcc_release.a(rail_rf_hal.o)
 .bss.sli_rail_4f035f7b636407302a73e486ed07742f
                0x000000002000377a        0x1 /home/repo/SimplicityStudio/zigbee_end_device/simplicity_sdk_2025.6.1/platform/radio/rail_lib/autogen/librail_release/librail_module_efr32xg21_gcc_release.a(rfhal_pa.o)
                0x000000002000377a                sli_rail_4f035f7b636407302a73e486ed07742f
 .bss.sli_rail_4faa7d5d81fd9c1006f9e5e2bda93984
                0x000000002000377b        0x1 /home/repo/SimplicityStudio/zigbee_end_device/simplicity_sdk_2025.6.1/platform/radio/rail_lib/autogen/librail_release/librail_module_efr32xg21_gcc_release.a(rfhal_pa.o)
 .bss.sli_rail_ca93d10fbac202c6d87c88a8ed8c25d9
                0x000000002000377c        0x1 /home/repo/SimplicityStudio/zigbee_end_device/simplicity_sdk_2025.6.1/platform/radio/rail_lib/autogen/librail_release/librail_module_efr32xg21_gcc_release.a(rfhal_pti.o)
 .bss.sli_rail_d44ce05629f0f82a46113aea09cf992c
                0x000000002000377d        0x1 /home/repo/SimplicityStudio/zigbee_end_device/simplicity_sdk_2025.6.1/platform/radio/rail_lib/autogen/librail_release/librail_module_efr32xg21_gcc_release.a(rfhal_pti.o)
 .bss.sli_rail_e557063ab17d1848a26f3a64413bbbf6
                0x000000002000377e        0x8 /home/repo/SimplicityStudio/zigbee_end_device/simplicity_sdk_2025.6.1/platform/radio/rail_lib/autogen/librail_release/librail_module_efr32xg21_gcc_release.a(rfhal_protimer.o)
                0x000000002000377e                sli_rail_e557063ab17d1848a26f3a64413bbbf6
 .bss.sli_rail_0d06f1ee4ad18ea63440e3dab85db2cd
                0x0000000020003786        0x1 /home/repo/SimplicityStudio/zigbee_end_device/simplicity_sdk_2025.6.1/platform/radio/rail_lib/autogen/librail_release/librail_module_efr32xg21_gcc_release.a(rfhal_protimer.o)
 .bss.sli_rail_d25f20e5b6d9231049127162f5e67fbc
                0x0000000020003787        0x1 /home/repo/SimplicityStudio/zigbee_end_device/simplicity_sdk_2025.6.1/platform/radio/rail_lib/autogen/librail_release/librail_module_efr32xg21_gcc_release.a(rfhal_signing.o)
 .bss.sli_rail_ad6c515376a389eda8c30c522717e072
                0x0000000020003788        0x1 /home/repo/SimplicityStudio/zigbee_end_device/simplicity_sdk_2025.6.1/platform/radio/rail_lib/autogen/librail_release/librail_module_efr32xg21_gcc_release.a(rfhal_synth.o)
 .bss.sli_rail_12069b73fc4ad22f7e0efeeaf4d72db1
                0x0000000020003789        0x2 /home/repo/SimplicityStudio/zigbee_end_device/simplicity_sdk_2025.6.1/platform/radio/rail_lib/autogen/librail_release/librail_module_efr32xg21_gcc_release.a(generic_phy.o)
 .bss.sli_rail_e6aee15ae7814f2f54e328c05aba128b
                0x000000002000378b        0x1 /home/repo/SimplicityStudio/zigbee_end_device/simplicity_sdk_2025.6.1/platform/radio/rail_lib/autogen/librail_release/librail_module_efr32xg21_gcc_release.a(generic_phy.o)
 .bss.sli_rail_040353de6a60303cbe8462a9a7e732b2
                0x000000002000378c        0x1 /home/repo/SimplicityStudio/zigbee_end_device/simplicity_sdk_2025.6.1/platform/radio/rail_lib/autogen/librail_release/librail_module_efr32xg21_gcc_release.a(generic_phy.o)
                0x000000002000378c                sli_rail_040353de6a60303cbe8462a9a7e732b2
 .bss.sli_rail_83734be183caaa01d42e459088f1f91f
                0x000000002000378d        0x1 /home/repo/SimplicityStudio/zigbee_end_device/simplicity_sdk_2025.6.1/platform/radio/rail_lib/autogen/librail_release/librail_module_efr32xg21_gcc_release.a(generic_phy.o)
 .bss.sli_rail_0c722850fa703c7396a762b97dcdc47e
                0x000000002000378e        0x1 /home/repo/SimplicityStudio/zigbee_end_device/simplicity_sdk_2025.6.1/platform/radio/rail_lib/autogen/librail_release/librail_module_efr32xg21_gcc_release.a(generic_phy.o)
 .bss.sli_rail_0c38576adf8db7eb0672207aa84c11cf
                0x000000002000378f        0x1 /home/repo/SimplicityStudio/zigbee_end_device/simplicity_sdk_2025.6.1/platform/radio/rail_lib/autogen/librail_release/librail_module_efr32xg21_gcc_release.a(generic_phy.o)
 .bss.sli_rail_ecb9f3f5a3454d17e04468f1ac1c0956
                0x0000000020003790        0x1 /home/repo/SimplicityStudio/zigbee_end_device/simplicity_sdk_2025.6.1/platform/radio/rail_lib/autogen/librail_release/librail_module_efr32xg21_gcc_release.a(generic_phy.o)
 .bss.sli_rail_4b72faa85e26b531f083bbbb46531f17
                0x0000000020003791        0x1 /home/repo/SimplicityStudio/zigbee_end_device/simplicity_sdk_2025.6.1/platform/radio/rail_lib/autogen/librail_release/librail_module_efr32xg21_gcc_release.a(generic_phy.o)
 *(COMMON)
                0x0000000020003794                . = ALIGN (0x4)
 *fill*         0x0000000020003792        0x2 
                0x0000000020003794                __bss_end__ = .

.noinit         0x0000000020003794       0x9c
 *(.noinit*)
 .noinit        0x0000000020003794       0x9c /tmp/cc5lVH1L.ltrans0.ltrans.o
                0x0000000020003798                halCrashInfo
                0x0000000020003830                . = ALIGN (0x4)

text_application_ram
                0x0000000020003830      0x104 load address 0x0000000000004134
                0x0000000020003830                . = ALIGN (0x4)
                0x0000000020003830                __vma_ramfuncs_start__ = .
                0x0000000020003830                __text_application_ram_start__ = .
 *(text_application_ram)
 text_application_ram
                0x0000000020003830      0x104 /tmp/cc5lVH1L.ltrans0.ltrans.o
                0x0000000020003884                MSC_WriteWord
                0x0000000020003934                . = ALIGN (0x4)
                0x0000000020003934                __vma_ramfuncs_end__ = .
                0x0000000020003934                __text_application_ram_end__ = .

.rodata         0x0000000000004238        0x0
                0x0000000000004238                __lma_ramfuncs_end__ = .
                0x0000000000004238                __rodata_start__ = .
                0x0000000000004238                __rodata_end__ = .

.text           0x0000000000004238    0x32b70
                0x0000000000004238                linker_code_begin = .
 *(SORT_BY_ALIGNMENT(.text*))
 .text          0x0000000000004238     0x6d3c /tmp/cc5lVH1L.ltrans0.ltrans.o
                0x0000000000004238                sli_driver_permanent_allocation
                0x0000000000004260                sl_interrupt_manager_clear_irq_pending
                0x000000000000427c                sl_zigbee_af_identify_cluster_server_tick_cb
                0x000000000000427e                sli_zigbee_af_remote_delete_binding
                0x0000000000004280                sli_zigbee_af_switch_network_key
                0x0000000000004282                sli_zigbee_af_mac_passthrough_filter
                0x00000000000045ac                enumScanCacheCallback.lto_priv.0
                0x0000000000004638                eraseFirstPageScanCacheCallback.lto_priv.0
                0x0000000000004688                eraseFirstPageCallback.lto_priv.0
                0x000000000000504a                sli_simple_button_on_change.lto_priv.0
                0x0000000000005ca8                __uart_async_rx_dma_callback.lto_priv.0
                0x0000000000005f48                sl_zigbee_af_find_and_bind_initiator_complete_cb
                0x0000000000005f98                sl_strnlen
                0x0000000000005fac                _close
                0x0000000000005fb2                _exit
                0x0000000000005fb4                _lseek
                0x0000000000005fb8                _read
                0x0000000000005fbc                _write
                0x0000000000005fc0                sl_gpio_set_pin
                0x000000000000601c                sl_gpio_clear_pin
                0x0000000000006078                counterIncFldGet.lto_priv.0
                0x00000000000060bc                workBegin.lto_priv.0
                0x00000000000060d8                nvm3_cacheScan
                0x000000000000611c                nvm3_objHdrGetDatLen
                0x000000000000613a                nvm3_utilsComputeBergerCode
                0x0000000000006176                readCounter.lto_priv.0
                0x000000000000635a                nvm3_pageGetState
                0x00000000000063e2                getFirstObjAdrInNextGoodPage.lto_priv.0
                0x0000000000006708                fifoScan.lto_priv.0
                0x0000000000006790                getFreeSize.lto_priv.0
                0x00000000000067f6                findObj.lto_priv.0
                0x00000000000069bc                enumScanFifoCallback.lto_priv.0
                0x0000000000006f68                fifoWriteWrapper.lto_priv.0
                0x0000000000007074                nvm3_writeData
                0x0000000000007194                nvm3_writeCounter
                0x0000000000007284                repackFirstPageScanCacheCallback.lto_priv.0
                0x0000000000007340                repackFirstPageCallback.lto_priv.0
                0x00000000000073c4                findCurrentEraseCnt.lto_priv.0
                0x0000000000007524                erasePage.lto_priv.0
                0x00000000000079e0                sl_hal_bus_reg_write_mask.lto_priv.0
                0x00000000000079e0                BUS_RegMaskedWrite.lto_priv.0.lto_priv.0
                0x0000000000007a94                sl_gpio_set_pin_mode
                0x0000000000007e4c                CMU_ClockFreqGet
                0x0000000000007fec                CMU_HFXOCTuneSet
                0x0000000000008060                CMU_HFXOCTuneGet
                0x00000000000080ac                CMU_HFXOCTuneDeltaSet
                0x00000000000080b8                CMU_HFXOCTuneDeltaGet
                0x00000000000080c4                CMU_HFXOCoreBiasCurrentCalibrate
                0x0000000000008120                LDMA_StartTransfer
                0x00000000000081b0                LDMA_StopTransfer
                0x00000000000081dc                LDMA_TransferDone
                0x0000000000008240                PRS_SourceAsyncSignalSet
                0x000000000000825c                PRS_GetFreeChannel
                0x0000000000008294                PRS_ConnectConsumer
                0x00000000000082ac                RTCC_SyncWait.lto_priv.0
                0x00000000000082bc                SYSTEM_ChipRevisionGet
                0x000000000000830c                sl_railcb_convert_ddbm_to_power_setting_entry
                0x0000000000008310                RAIL_ConvertDbmToRaw
                0x000000000000841c                RAIL_ConvertRawToDbm
                0x0000000000008508                sli_se_mailbox_command_add_input
                0x000000000000851c                sl_cli_get_argument_hex
                0x000000000000852e                enable_interrupt.lto_priv.0
                0x0000000000008548                Reset_Handler
                0x0000000000008618                sl_iostream_get_default
                0x0000000000008738                sl_iostream_putchar
                0x0000000000008760                stream_putchar.lto_priv.0
                0x0000000000008768                halInternalSysReset
                0x0000000000008788                halInternalCrashHandler
                0x0000000000008960                halCommonGetRandom
                0x0000000000008994                _sbrk
                0x0000000000008996                __wrap__malloc_r
                0x00000000000089ac                __wrap__free_r
                0x00000000000089b8                __wrap__calloc_r
                0x00000000000089e2                sli_memory_metadata_init
                0x00000000000089ea                sli_update_free_list_heads
                0x0000000000008a6a                __wrap__realloc_r
                0x0000000000008cac                sl_power_manager_subscribe_em_transition_event
                0x0000000000008d1c                sl_power_manager_unsubscribe_em_transition_event
                0x0000000000008d4c                sli_power_manager_debug_log_em_requirement
                0x0000000000008d4e                sli_power_manager_set_high_accuracy_hf_clock_as_used
 *fill*         0x000000000000af74        0x4 
 .text          0x000000000000af78     0x5c28 /tmp/cc5lVH1L.ltrans1.ltrans.o
                0x000000000000af78                optionRegisterCommand
                0x000000000000af7a                optionDiscoveryTargetCommand
                0x000000000000af90                optionApsRetryCommand
                0x000000000000afc4                optionApsSecurityCommand
                0x000000000000afe4                optionSecuritySetKeyRequestPolicy
                0x000000000000afe6                keysClearCommand
                0x000000000000afe8                sli_zigbee_cli_zcl_time_command
                0x000000000000afea                sli_zigbee_cli_zcl_test_response_off_command
                0x000000000000affc                sli_zigbee_cli_zcl_global_direction_command
                0x000000000000b018                sli_zigbee_af_cli_send_using_multicast_binding_command
                0x000000000000b036                sl_zigbee_af_idle_sleep_awake_when_not_joined_command
                0x000000000000b050                sl_zigbee_mark_buffers_handler
                0x000000000000b054                sl_zigbee_af_counters_send_request_command
                0x000000000000b056                sl_zigbee_af_identify_cluster_client_command_parse
                0x000000000000b0bc                sl_zigbee_af_set_tc_link_key_update_timer_command
                0x000000000000b154                sli_zigbee_cli_zcl_test_response_on_command
                0x000000000000b164                sli_zigbee_cli_version_command
                0x000000000000b188                optionBindingTableClearCommand
                0x000000000000b28c                sli_zigbee_cli_zcl_identify_on_command
                0x000000000000b2a0                sli_zigbee_cli_zcl_identify_off_command
                0x000000000000b2a4                sl_zigbee_af_network_steering_set_preconfigured_key_command
                0x000000000000b33e                zdoClearClusterCommand
                0x000000000000b370                energy_mode_transition_callback.lto_priv.0
                0x000000000000b3f4                RTCC_CounterGet.lto_priv.0
                0x000000000000b402                halFlashWriteSE.lto_priv.0
                0x000000000000b4f4                sli_token_manager_decode_token_type
                0x000000000000b526                zclBufferSetup.lto_priv.0
                0x000000000000b594                zcl_buffer_add_byte.lto_priv.0
                0x000000000000b5ac                zcl_buffer_add_word.lto_priv.0
                0x000000000000b604                sl_zigbee_af_find_and_bind_initiator_start
                0x000000000000b688                sl_zigbee_af_find_and_bind_initiator_start_command
                0x000000000000b694                sli_zigbee_af_reporting_set_entry
                0x000000000000b6a4                maybeCallNextHandler.lto_priv.0
                0x000000000000b6ec                scanNetworkEventHandler.lto_priv.0
                0x000000000000b76c                sl_zigbee_af_get_node_id
                0x000000000000b788                sli_zigbee_af_get_endpoint
                0x000000000000b7a8                sl_zigbee_af_get_data_size
                0x000000000000b7d4                sli_zigbee_af_get_manufacturer_code_for_attribute
                0x000000000000b7e2                sli_zigbee_af_match_cluster
                0x000000000000b810                sli_retrieve_cluster_attribute_metadata_and_storage_location
                0x000000000000b938                sl_zigbee_af_locate_attribute_metadata
                0x000000000000b968                sl_zigbee_af_index_from_endpoint
                0x000000000000b998                sli_zigbee_af_get_endpoint_description
                0x000000000000ba2c                sl_zigbee_af_find_cluster_with_mfg_code
                0x000000000000bd08                sli_zigbee_af_get_endpoint_cluster
                0x000000000000bd3c                sl_zigbee_af_find_cluster_function
                0x000000000000bd40                sl_zigbee_af_put_int8u_in_resp
                0x000000000000bd68                sl_zigbee_af_put_int16u_in_resp
                0x000000000000bd86                sl_zigbee_af_get_int
                0x000000000000bda6                sl_zigbee_af_get_int16u
                0x000000000000bdc8                sl_zigbee_af_attribute_value_size
                0x000000000000be12                typeSensitiveMemCopy.lto_priv.0
                0x000000000000bebe                vFillBuffer.lto_priv.0
                0x000000000000c024                sl_zigbee_af_push_endpoint_network_index
                0x000000000000c034                event_common_handler.lto_priv.0
                0x000000000000c094                initializeEndpoint.lto_priv.0
                0x000000000000c0c0                firstTimeInitStates.lto_priv.0
                0x000000000000c114                sl_zigbee_af_is_device_enabled
                0x000000000000c188                sl_zigbee_af_send_response
                0x000000000000c18c                sl_zigbee_af_compare_values
                0x000000000000c214                sl_zigbee_af_get_attribute_analog_or_discrete_type