Archive member included to satisfy reference by file (symbol)

/home/repo/SimplicityStudio/zigbee_end_device/simplicity_sdk_2025.6.1/platform/radio/rail_lib/autogen/librail_release/librail_config_mgm210pa32jia_gcc.a(rail_pa_curves.o)
                              ./simplicity_sdk_2025.6.1/platform/radio/rail_lib/plugin/pa-conversions/pa_conversions_efr32.o (symbol from plugin) (RAIL_TxPowerCurvesVbat)
/home/repo/SimplicityStudio/zigbee_end_device/simplicity_sdk_2025.6.1/platform/radio/rail_lib/autogen/librail_release/librail_module_efr32xg21_gcc_release.a(rail_rf.o)
                              ./simplicity_sdk_2025.6.1/platform/radio/rail_lib/plugin/rail_util_rf_path/sl_rail_util_rf_path.o (symbol from plugin) (sl_rail_config_antenna)
/home/repo/SimplicityStudio/zigbee_end_device/simplicity_sdk_2025.6.1/platform/radio/rail_lib/autogen/librail_release/librail_module_efr32xg21_gcc_release.a(rail_rx.o)
                              ./simplicity_sdk_2025.6.1/platform/service/legacy_hal/src/base-replacement.o (symbol from plugin) (RAIL_GetRadioEntropy)
/home/repo/SimplicityStudio/zigbee_end_device/simplicity_sdk_2025.6.1/platform/radio/rail_lib/autogen/librail_release/librail_module_efr32xg21_gcc_release.a(rail_tx.o)
                              ./simplicity_sdk_2025.6.1/platform/radio/rail_lib/plugin/pa-conversions/pa_conversions_efr32.o (symbol from plugin) (RAIL_SetTxPowerDbm)
/home/repo/SimplicityStudio/zigbee_end_device/simplicity_sdk_2025.6.1/platform/radio/rail_lib/autogen/librail_release/librail_module_efr32xg21_gcc_release.a(rail_data.o)
                              /home/repo/SimplicityStudio/zigbee_end_device/simplicity_sdk_2025.6.1/platform/radio/rail_lib/autogen/librail_release/librail_module_efr32xg21_gcc_release.a(rail_rx.o) (sli_rail_f66fab2bd9ca95e764ec1163bf5d8b5d)
/home/repo/SimplicityStudio/zigbee_end_device/simplicity_sdk_2025.6.1/platform/radio/rail_lib/autogen/librail_release/librail_module_efr32xg21_gcc_release.a(rail_assert.o)
                              /home/repo/SimplicityStudio/zigbee_end_device/simplicity_sdk_2025.6.1/platform/radio/rail_lib/autogen/librail_release/librail_module_efr32xg21_gcc_release.a(rail_rf.o) (sli_rail_205167ae842e22724c3f35c6430eeddb)
/home/repo/SimplicityStudio/zigbee_end_device/simplicity_sdk_2025.6.1/platform/radio/rail_lib/autogen/librail_release/librail_module_efr32xg21_gcc_release.a(rail_pti.o)
                              ./simplicity_sdk_2025.6.1/platform/radio/rail_lib/plugin/rail_util_pti/sl_rail_util_pti.o (symbol from plugin) (sl_rail_config_pti)
/home/repo/SimplicityStudio/zigbee_end_device/simplicity_sdk_2025.6.1/platform/radio/rail_lib/autogen/librail_release/librail_module_efr32xg21_gcc_release.a(rail_timer.o)
                              ./simplicity_sdk_2025.6.1/platform/service/legacy_hal/src/base-replacement.o (symbol from plugin) (RAIL_DelayUs)
/home/repo/SimplicityStudio/zigbee_end_device/simplicity_sdk_2025.6.1/platform/radio/rail_lib/autogen/librail_release/librail_module_efr32xg21_gcc_release.a(rail_features.o)
                              ./simplicity_sdk_2025.6.1/platform/radio/rail_lib/plugin/pa-conversions/pa_conversions_efr32.o (symbol from plugin) (RAIL_SupportsTxPowerModeAlt)
/home/repo/SimplicityStudio/zigbee_end_device/simplicity_sdk_2025.6.1/platform/radio/rail_lib/autogen/librail_release/librail_module_efr32xg21_gcc_release.a(tmrdrv.o)
                              /home/repo/SimplicityStudio/zigbee_end_device/simplicity_sdk_2025.6.1/platform/radio/rail_lib/autogen/librail_release/librail_module_efr32xg21_gcc_release.a(rail_timer.o) (sli_rail_03a02e949ccb07bdf2c116a95bc1063d)
/home/repo/SimplicityStudio/zigbee_end_device/simplicity_sdk_2025.6.1/platform/radio/rail_lib/autogen/librail_release/librail_module_efr32xg21_gcc_release.a(tmrdrv_config.o)
                              /home/repo/SimplicityStudio/zigbee_end_device/simplicity_sdk_2025.6.1/platform/radio/rail_lib/autogen/librail_release/librail_module_efr32xg21_gcc_release.a(tmrdrv.o) (sli_rail_47ca1afb9bdf7beb1cf53c552f662e9e)
/home/repo/SimplicityStudio/zigbee_end_device/simplicity_sdk_2025.6.1/platform/radio/rail_lib/autogen/librail_release/librail_module_efr32xg21_gcc_release.a(pa_auto_mode.o)
                              /home/repo/SimplicityStudio/zigbee_end_device/simplicity_sdk_2025.6.1/platform/radio/rail_lib/autogen/librail_release/librail_module_efr32xg21_gcc_release.a(rail_tx.o) (RAILCb_PaAutoModeDecision)
/home/repo/SimplicityStudio/zigbee_end_device/simplicity_sdk_2025.6.1/platform/radio/rail_lib/autogen/librail_release/librail_module_efr32xg21_gcc_release.a(rail_ieee802154.o)
                              ./simplicity_sdk_2025.6.1/protocol/zigbee/app/framework/cli/core-cli.o (symbol from plugin) (sl_rail_ieee802154_get_phy_id)
/home/repo/SimplicityStudio/zigbee_end_device/simplicity_sdk_2025.6.1/platform/radio/rail_lib/autogen/librail_release/librail_module_efr32xg21_gcc_release.a(rail_ble.o)
[...]
Memory Configuration

Name             Origin             Length             Attributes
FLASH            0x0000000000004000 0x00000000000fa000 xr
RAM              0x0000000020000004 0x0000000000017ffc xrw
BOOTLOADER_RESET_REGION 0x0000000020000000 0x0000000000000004 xrw
*default*        0x0000000000000000 0xffffffffffffffff

Linker script and memory map

LOAD /opt/ss/SimplicityStudio_v5/developer/toolchains/gnu_arm/12.2.rel1_2023.7/bin/../lib/gcc/arm-none-eabi/12.2.1/thumb/v8-m.main+fp/hard/crti.o
LOAD /opt/ss/SimplicityStudio_v5/developer/toolchains/gnu_arm/12.2.rel1_2023.7/bin/../lib/gcc/arm-none-eabi/12.2.1/thumb/v8-m.main+fp/hard/crtbegin.o
LOAD /opt/ss/SimplicityStudio_v5/developer/toolchains/gnu_arm/12.2.rel1_2023.7/bin/../lib/gcc/arm-none-eabi/12.2.1/../../../../arm-none-eabi/lib/thumb/v8-m.main+fp/hard/crt0.o
START GROUP
LOAD ./app.o
LOAD /tmp/ccx9CA2Z.ltrans0.ltrans.o
LOAD /tmp/ccx9CA2Z.ltrans1.ltrans.o
LOAD /tmp/ccx9CA2Z.ltrans2.ltrans.o
LOAD /tmp/ccx9CA2Z.ltrans3.ltrans.o
LOAD /tmp/ccx9CA2Z.ltrans4.ltrans.o
LOAD /tmp/ccVXSZx1.debug.temp.o
LOAD /tmp/ccdWALTN.debug.temp.o
LOAD /tmp/ccTmLyG1.debug.temp.o
LOAD /tmp/ccWeyhn7.debug.temp.o
LOAD /tmp/ccEh2fYA.debug.temp.o
LOAD /tmp/ccbjTje1.debug.temp.o
LOAD /tmp/ccLNK747.debug.temp.o
LOAD /tmp/ccq1hBjp.debug.temp.o
LOAD /tmp/ccK090v3.debug.temp.o
LOAD /tmp/ccNZTnEk.debug.temp.o
LOAD /tmp/ccP5WM1p.debug.temp.o
LOAD /tmp/cclHaDlK.debug.temp.o
LOAD /tmp/cc9iu9zq.debug.temp.o
LOAD /tmp/ccr4Kkn9.debug.temp.o
LOAD /tmp/ccwpcFlW.debug.temp.o
LOAD /tmp/ccOwa0K6.debug.temp.o
LOAD /tmp/ccEz3N33.debug.temp.o
LOAD /tmp/ccg8odTp.debug.temp.o
LOAD /tmp/cc6zGyTS.debug.temp.o
LOAD /tmp/cc7UpvVe.debug.temp.o
LOAD /tmp/ccg78fdh.debug.temp.o
LOAD /tmp/ccLuOKUr.debug.temp.o
LOAD /tmp/ccHJ6ejG.debug.temp.o
LOAD /tmp/ccvMgkA9.debug.temp.o
LOAD /tmp/cctEke6W.debug.temp.o
LOAD /tmp/ccO9VXVO.debug.temp.o
LOAD /tmp/ccu2E224.debug.temp.o
LOAD /tmp/ccukFI3Y.debug.temp.o
LOAD /tmp/ccqsPvvS.debug.temp.o
LOAD /tmp/ccDtQLva.debug.temp.o
LOAD /tmp/ccXDzS9y.debug.temp.o
LOAD /tmp/cc4rBqid.debug.temp.o
LOAD /tmp/ccZbY23j.debug.temp.o
LOAD /tmp/ccXyCRrQ.debug.temp.o
LOAD /tmp/ccjmln2a.debug.temp.o
LOAD /tmp/ccjKFPlR.debug.temp.o
LOAD /tmp/ccKE4f54.debug.temp.o
LOAD /tmp/ccLPLZNl.debug.temp.o
LOAD /tmp/ccKT95UJ.debug.temp.o
LOAD /tmp/ccGTPca9.debug.temp.o
LOAD /tmp/cc2tn0Y3.debug.temp.o
LOAD /tmp/ccbmVAxO.debug.temp.o
LOAD /tmp/cch6YB3A.debug.temp.o
LOAD /tmp/cciJsISr.debug.temp.o
LOAD /tmp/ccIdF2RI.debug.temp.o
LOAD /tmp/ccbK1lvx.debug.temp.o
LOAD /tmp/ccGJVWYZ.debug.temp.o
LOAD /tmp/cc4Uz2lN.debug.temp.o
LOAD /tmp/ccmWPpAf.debug.temp.o
LOAD /tmp/ccVQR8Bc.debug.temp.o
LOAD /tmp/cczDbslT.debug.temp.o
LOAD /tmp/ccMbhTbN.debug.temp.o
LOAD /tmp/cciI2Vrm.debug.temp.o
LOAD /tmp/cccM0dqG.debug.temp.o
LOAD /tmp/ccULtMSp.debug.temp.o
LOAD /tmp/ccFh8cmg.debug.temp.o
LOAD /tmp/cc08UHNw.debug.temp.o
LOAD /tmp/ccDx0oWo.debug.temp.o
LOAD /tmp/ccuBS4Sd.debug.temp.o
LOAD /tmp/ccgFytYU.debug.temp.o
LOAD /tmp/ccyTf5bc.debug.temp.o
LOAD /tmp/ccsi4rRR.debug.temp.o
LOAD /tmp/cceitzZK.debug.temp.o
LOAD /tmp/cc5qWHJs.debug.temp.o
LOAD /tmp/ccwZ32Gr.debug.temp.o
LOAD /tmp/cc4DtAxN.debug.temp.o
LOAD /tmp/ccMhjVYv.debug.temp.o
LOAD /tmp/ccNr7PWy.debug.temp.o
LOAD /tmp/ccKbzjZV.debug.temp.o
LOAD /tmp/ccQyFj4c.debug.temp.o
LOAD /tmp/ccsEnlMc.debug.temp.o
LOAD /tmp/ccj8KTEg.debug.temp.o
LOAD /tmp/ccP7afMd.debug.temp.o
LOAD /tmp/ccRx9Nhq.debug.temp.o
LOAD /tmp/ccn5opwv.debug.temp.o
LOAD /tmp/ccG74LAY.debug.temp.o
LOAD /tmp/ccjZwBZJ.debug.temp.o
LOAD /tmp/ccRuZxWy.debug.temp.o
LOAD /tmp/cc5OTvOx.debug.temp.o
LOAD /tmp/ccHuxGPg.debug.temp.o
LOAD /tmp/ccnqtZsX.debug.temp.o
LOAD /tmp/ccQJyCJK.debug.temp.o
LOAD /tmp/ccWQSABq.debug.temp.o
LOAD /tmp/cc9QwZ3t.debug.temp.o
LOAD /tmp/ccQ1wnV1.debug.temp.o
LOAD /tmp/cceBITVh.debug.temp.o
LOAD /tmp/ccPzeEBx.debug.temp.o
LOAD /tmp/ccnfxr0a.debug.temp.o
LOAD /tmp/ccDuQoJ6.debug.temp.o
LOAD /tmp/ccCum9eb.debug.temp.o
LOAD /tmp/ccvR5J6N.debug.temp.o
LOAD /tmp/ccNsuYlI.debug.temp.o
LOAD /tmp/ccIAbJIC.debug.temp.o
LOAD /tmp/ccPBMgsN.debug.temp.o
LOAD /tmp/ccriF7JZ.debug.temp.o
LOAD /tmp/cc1VrtRt.debug.temp.o
LOAD /tmp/ccXpIqoZ.debug.temp.o
LOAD /tmp/cc03h34Q.debug.temp.o
LOAD /tmp/cc5gAler.debug.temp.o
LOAD /tmp/ccz2xB79.debug.temp.o
LOAD /tmp/ccv9YuJd.debug.temp.o
LOAD /tmp/ccUUlH3l.debug.temp.o
LOAD /tmp/ccTTu8uM.debug.temp.o
LOAD /tmp/ccA9546n.debug.temp.o
LOAD /tmp/ccqG1kL5.debug.temp.o
LOAD /tmp/ccbaJiAo.debug.temp.o
LOAD /tmp/ccj6bVdb.debug.temp.o
LOAD /tmp/ccvJDGET.debug.temp.o
LOAD /tmp/ccViNjPi.debug.temp.o
LOAD /tmp/ccwmnFgo.debug.temp.o
LOAD /tmp/ccQPdLoa.debug.temp.o
LOAD /tmp/ccD9zLDE.debug.temp.o
LOAD /tmp/ccMytK27.debug.temp.o
LOAD /tmp/ccaHoHgd.debug.temp.o
LOAD /tmp/ccim1baV.debug.temp.o
LOAD /tmp/cc0h5B6X.debug.temp.o
LOAD /tmp/ccvFHofD.debug.temp.o
LOAD /tmp/ccMsm20i.debug.temp.o
LOAD /tmp/cc63Xyqi.debug.temp.o
LOAD /tmp/ccQFF6OW.debug.temp.o
LOAD /tmp/ccl1gqp3.debug.temp.o
LOAD /tmp/ccm8y1BD.debug.temp.o
LOAD /tmp/ccARUwv4.debug.temp.o
LOAD /tmp/ccZRZzNT.debug.temp.o
LOAD /tmp/ccxsllmO.debug.temp.o
LOAD /tmp/ccpHHg5S.debug.temp.o
LOAD /tmp/ccQgFRa7.debug.temp.o
LOAD /tmp/ccPQvn2u.debug.temp.o
LOAD /tmp/cc2A19vL.debug.temp.o
LOAD /tmp/ccIqcpZD.debug.temp.o
LOAD /tmp/ccYpc5Ed.debug.temp.o
LOAD /tmp/ccArRkR0.debug.temp.o
LOAD /tmp/ccuMzlgv.debug.temp.o
LOAD /tmp/ccGqWMGD.debug.temp.o
LOAD /tmp/cc8IPrbg.debug.temp.o
LOAD /tmp/ccERRS1X.debug.temp.o
LOAD /tmp/cci6r68t.debug.temp.o
LOAD /tmp/ccLdLtiQ.debug.temp.o
LOAD /tmp/ccBJ9BD2.debug.temp.o
LOAD /tmp/cc9gWIKz.debug.temp.o
LOAD /tmp/ccNlwsb4.debug.temp.o
LOAD /tmp/ccQa6CDQ.debug.temp.o
LOAD /tmp/ccbymqjE.debug.temp.o
LOAD /tmp/cczwPfrr.debug.temp.o
LOAD /tmp/ccpUugKD.debug.temp.o
LOAD /tmp/ccPF7kVC.debug.temp.o
LOAD /tmp/ccjvyPAl.debug.temp.o
LOAD /tmp/ccPIufSn.debug.temp.o
LOAD /tmp/ccVOosJX.debug.temp.o
LOAD /tmp/ccQD2Lod.debug.temp.o
LOAD /tmp/cc5nqSvA.debug.temp.o
LOAD /tmp/ccqGRCPv.debug.temp.o
LOAD /tmp/cc4oPtKF.debug.temp.o
LOAD /tmp/ccD6ovLN.debug.temp.o
LOAD /tmp/cc6ShQ02.debug.temp.o
LOAD /tmp/ccm2wZa1.debug.temp.o
LOAD /tmp/ccWCAWwJ.debug.temp.o
LOAD /tmp/ccDaxahc.debug.temp.o
LOAD /tmp/cco3phI4.debug.temp.o
LOAD /tmp/ccAw7rMm.debug.temp.o
LOAD /tmp/ccNf66W7.debug.temp.o
LOAD /tmp/ccWRh8y4.debug.temp.o
LOAD /tmp/ccNJRflA.debug.temp.o
LOAD /tmp/cc4uBt5R.debug.temp.o
LOAD /tmp/ccNZOcfO.debug.temp.o
LOAD /tmp/ccsKzm4C.debug.temp.o
LOAD /tmp/cc5t0mMi.debug.temp.o
LOAD /tmp/cc19MnVI.debug.temp.o
LOAD /tmp/cc6SUYJ5.debug.temp.o
LOAD /tmp/ccXsbslQ.debug.temp.o
LOAD /tmp/cc430UDf.debug.temp.o
LOAD /tmp/ccRZU1Fe.debug.temp.o
LOAD /tmp/ccQokrb9.debug.temp.o
LOAD /tmp/ccV1tQsV.debug.temp.o
LOAD /tmp/ccQFldL2.debug.temp.o
LOAD /tmp/ccjf9rgf.debug.temp.o
LOAD /tmp/ccgSbb12.debug.temp.o
LOAD /tmp/ccUXv9M3.debug.temp.o
LOAD /tmp/cc1OyxJv.debug.temp.o
LOAD /tmp/ccQWu6vS.debug.temp.o
LOAD /tmp/cccnuKx4.debug.temp.o
LOAD /tmp/ccYVUtjL.debug.temp.o
LOAD /tmp/cc4yDfQm.debug.temp.o
LOAD /tmp/cc3sCFoW.debug.temp.o
LOAD /tmp/ccOGpkMH.debug.temp.o
LOAD /tmp/ccETxPkL.debug.temp.o
LOAD /tmp/ccS23VKm.debug.temp.o
LOAD /tmp/ccd8w7Gd.debug.temp.o
LOAD /tmp/ccxEAdAI.debug.temp.o
LOAD /tmp/ccEj8OqI.debug.temp.o
LOAD /tmp/ccGb6IlA.debug.temp.o
LOAD /tmp/ccLmPLzU.debug.temp.o
LOAD /tmp/ccS3mmIU.debug.temp.o
LOAD /tmp/ccjSeGfl.debug.temp.o
LOAD /tmp/ccQDEreE.debug.temp.o
LOAD /tmp/ccZ8vQVp.debug.temp.o
LOAD /tmp/ccj4M83D.debug.temp.o
LOAD /tmp/ccTQwhZ0.debug.temp.o
LOAD /tmp/ccnumxb6.debug.temp.o
LOAD /tmp/cc2wyG7j.debug.temp.o
LOAD /tmp/cclCibT2.debug.temp.o
LOAD /tmp/cccONgTj.debug.temp.o
LOAD /tmp/cc1EmH5i.debug.temp.o
LOAD /tmp/ccAutcqD.debug.temp.o
LOAD /tmp/ccP0TxGC.debug.temp.o
LOAD /tmp/ccxHAQAs.debug.temp.o
LOAD /tmp/ccBYsKmJ.debug.temp.o
LOAD /tmp/ccUWsjoZ.debug.temp.o
LOAD /tmp/ccLiSoze.debug.temp.o
LOAD /tmp/ccjzUDJR.debug.temp.o
LOAD /tmp/ccxxv5nK.debug.temp.o
LOAD /tmp/ccaayYSQ.debug.temp.o
LOAD /tmp/ccjWTbbi.debug.temp.o
LOAD /tmp/cceRF6yq.debug.temp.o
LOAD /tmp/ccbTW0cc.debug.temp.o
LOAD /tmp/ccbMsRic.debug.temp.o
LOAD /tmp/ccZluLhN.debug.temp.o
LOAD /tmp/ccQWkgFU.debug.temp.o
LOAD /tmp/ccWumh58.debug.temp.o
LOAD /tmp/cchoQM3m.debug.temp.o
LOAD /tmp/cce1TwjL.debug.temp.o
LOAD /tmp/ccv4ODC6.debug.temp.o
LOAD /tmp/cczvfXN9.debug.temp.o
LOAD /tmp/ccK5iaxi.debug.temp.o
LOAD /tmp/ccSOhHzt.debug.temp.o
LOAD /tmp/ccwoBZsF.debug.temp.o
LOAD /tmp/ccwSZn9P.debug.temp.o
LOAD /tmp/ccRdRnz0.debug.temp.o
LOAD /tmp/ccHcur2Y.debug.temp.o
LOAD /tmp/ccujdqDj.debug.temp.o
LOAD /tmp/ccYjjBkW.debug.temp.o
LOAD /tmp/ccMawRmA.debug.temp.o
LOAD /tmp/cc5sTIdH.debug.temp.o
LOAD /tmp/cc7ICuwC.debug.temp.o
LOAD /tmp/cczmMjAF.debug.temp.o
LOAD /tmp/ccJzxSPM.debug.temp.o
LOAD /tmp/ccFiXLFM.debug.temp.o
LOAD /tmp/ccajpNOR.debug.temp.o
LOAD /tmp/ccFvz39K.debug.temp.o
LOAD /tmp/ccTkiDfq.debug.temp.o
LOAD /tmp/ccA7WF6d.debug.temp.o
LOAD /tmp/cchf3b2M.debug.temp.o
LOAD /tmp/ccXb6VWt.debug.temp.o
LOAD /tmp/ccobraZt.debug.temp.o
LOAD /tmp/cccQFZjN.debug.temp.o
LOAD /tmp/ccEY8PXk.debug.temp.o
LOAD /tmp/ccDYjp1v.debug.temp.o
LOAD /tmp/ccVoLH6P.debug.temp.o
LOAD /tmp/cc8HPb1E.debug.temp.o
LOAD /tmp/ccjqJkBC.debug.temp.o
LOAD /tmp/ccKCNNmr.debug.temp.o
LOAD /tmp/ccFru7rJ.debug.temp.o
LOAD /tmp/ccbdNESW.debug.temp.o
LOAD /tmp/ccKeLAbr.debug.temp.o
LOAD /tmp/ccHBRP30.debug.temp.o
LOAD /tmp/ccxYQQZe.debug.temp.o
LOAD /tmp/ccAMQdrm.debug.temp.o
LOAD /tmp/cc4IsJbl.debug.temp.o
LOAD /tmp/ccDfhklF.debug.temp.o
LOAD /tmp/ccdWauRy.debug.temp.o
LOAD /tmp/cceC1mPD.debug.temp.o
LOAD /tmp/ccvzu87Q.debug.temp.o
LOAD /tmp/cceJ6ldt.debug.temp.o
LOAD /tmp/cc5C7vM7.debug.temp.o
LOAD /tmp/ccLePaTI.debug.temp.o
LOAD /tmp/ccw7z4bu.debug.temp.o
LOAD /tmp/ccnJekyh.debug.temp.o
LOAD /tmp/cc1LzfxA.debug.temp.o
LOAD /tmp/cczoTrFV.debug.temp.o
LOAD /tmp/ccLJXK9l.debug.temp.o
LOAD /tmp/ccIKMuAD.debug.temp.o
LOAD /tmp/ccxznHfy.debug.temp.o
LOAD /tmp/ccNDY7zx.debug.temp.o
LOAD /tmp/ccbBnOjM.debug.temp.o
LOAD /tmp/cc1aUdKM.debug.temp.o
LOAD /tmp/ccMGCHZB.debug.temp.o
LOAD /tmp/ccSyPyqf.debug.temp.o
LOAD /tmp/ccyhVWjP.debug.temp.o
LOAD /tmp/ccvNub6Y.debug.temp.o
LOAD /tmp/ccHucOyB.debug.temp.o
LOAD /tmp/ccyF9mW4.debug.temp.o
LOAD /tmp/ccYPyWPH.debug.temp.o
LOAD /tmp/ccdX6CS5.debug.temp.o
LOAD /tmp/ccP1u34W.debug.temp.o
LOAD /tmp/ccuuhuzQ.debug.temp.o
LOAD /tmp/cclrWjzX.debug.temp.o
LOAD /tmp/cc4bcH64.debug.temp.o
LOAD /tmp/ccJm7qJI.debug.temp.o
LOAD /tmp/ccNJuajV.debug.temp.o
LOAD /tmp/cc4myau4.debug.temp.o
LOAD /tmp/cciXyBKv.debug.temp.o
LOAD /tmp/ccCpo0qb.debug.temp.o
LOAD /tmp/cc3dJIyC.debug.temp.o
LOAD /tmp/ccB0TKM0.debug.temp.o
LOAD /tmp/ccdr8ye1.debug.temp.o
LOAD /tmp/ccGcrkej.debug.temp.o
LOAD /tmp/cc4N4FLA.debug.temp.o
LOAD /tmp/ccxx4N0c.debug.temp.o
LOAD /tmp/cczDnJBH.debug.temp.o
LOAD /tmp/ccWYVWTM.debug.temp.o
LOAD /tmp/ccfgTUVg.debug.temp.o
LOAD /tmp/ccocm4R6.debug.temp.o
LOAD /tmp/cczn15y4.debug.temp.o
LOAD /tmp/ccUddUiC.debug.temp.o
LOAD /tmp/ccoLkIWd.debug.temp.o
LOAD /tmp/cc82oiEl.debug.temp.o
LOAD /tmp/ccqXMYwD.debug.temp.o
LOAD /tmp/ccbuuy7O.debug.temp.o
LOAD /tmp/cc51D1gQ.debug.temp.o
LOAD /tmp/ccSXhuhT.debug.temp.o
LOAD /tmp/ccZA8yXZ.debug.temp.o
LOAD /tmp/ccLUVmCx.debug.temp.o
LOAD /tmp/ccxpblvC.debug.temp.o
LOAD /tmp/ccGwoWE1.debug.temp.o
LOAD /tmp/ccV4GlX7.debug.temp.o
LOAD /tmp/cc4iocYH.debug.temp.o
LOAD /tmp/ccVzpVtn.debug.temp.o
LOAD /tmp/ccqcz3ya.debug.temp.o
LOAD /tmp/cc0JTXIl.debug.temp.o
LOAD ./main.o
LOAD ./autogen/sl_board_default_init.o
LOAD ./autogen/sl_cli_command_table.o
LOAD ./autogen/sl_cli_instances.o
LOAD ./autogen/sl_cluster_service_gen.o
LOAD ./autogen/sl_event_handler.o
LOAD ./autogen/sl_iostream_handles.o
LOAD ./autogen/sl_iostream_init_usart_instances.o
LOAD ./autogen/sl_power_manager_handler.o
LOAD ./autogen/sl_rail_util_ieee802154_phy_select.o
LOAD ./autogen/sl_rail_util_ieee802154_stack_event.o
LOAD ./autogen/sl_simple_button_instances.o
LOAD ./autogen/sl_simple_led_instances.o
LOAD ./autogen/sli_cli_hooks.o
LOAD ./autogen/zap-cli.o
LOAD ./autogen/zap-cluster-command-parser.o
LOAD ./autogen/zap-event.o
LOAD ./autogen/zigbee_common_callback_dispatcher.o
LOAD ./autogen/zigbee_stack_callback_dispatcher.o
LOAD ./autogen/zigbee_zcl_callback_dispatcher.o
LOAD ./simplicity_sdk_2025.6.1/hardware/board/src/sl_board_control_gpio.o
LOAD ./simplicity_sdk_2025.6.1/hardware/board/src/sl_board_init.o
LOAD ./simplicity_sdk_2025.6.1/hardware/driver/configuration_over_swo/src/sl_cos.o
LOAD ./simplicity_sdk_2025.6.1/platform/Device/SiliconLabs/MGM21/Source/startup_mgm21.o
LOAD ./simplicity_sdk_2025.6.1/platform/Device/SiliconLabs/MGM21/Source/system_mgm21.o
LOAD ./simplicity_sdk_2025.6.1/platform/bootloader/api/btl_interface.o
LOAD ./simplicity_sdk_2025.6.1/platform/bootloader/api/btl_interface_storage.o
LOAD ./simplicity_sdk_2025.6.1/platform/bootloader/app_properties/app_properties.o
LOAD ./simplicity_sdk_2025.6.1/platform/bootloader/core/flash/btl_internal_flash.o
LOAD ./simplicity_sdk_2025.6.1/platform/common/src/sl_assert.o
LOAD ./simplicity_sdk_2025.6.1/platform/common/src/sl_core_cortexm.o
LOAD ./simplicity_sdk_2025.6.1/platform/common/src/sl_slist.o
LOAD ./simplicity_sdk_2025.6.1/platform/common/src/sl_string.o
LOAD ./simplicity_sdk_2025.6.1/platform/common/src/sl_syscalls.o
LOAD ./simplicity_sdk_2025.6.1/platform/driver/button/src/sl_button.o
LOAD ./simplicity_sdk_2025.6.1/platform/driver/button/src/sl_simple_button.o
LOAD ./simplicity_sdk_2025.6.1/platform/driver/debug/src/sl_debug_swo.o
LOAD ./simplicity_sdk_2025.6.1/platform/driver/gpio/src/sl_gpio.o
LOAD ./simplicity_sdk_2025.6.1/platform/driver/leddrv/src/sl_led.o
LOAD ./simplicity_sdk_2025.6.1/platform/driver/leddrv/src/sl_simple_led.o
LOAD ./simplicity_sdk_2025.6.1/platform/emdrv/dmadrv/src/dmadrv.o
LOAD ./simplicity_sdk_2025.6.1/platform/emdrv/nvm3/src/nvm3.o
LOAD ./simplicity_sdk_2025.6.1/platform/emdrv/nvm3/src/nvm3_cache.o
LOAD ./simplicity_sdk_2025.6.1/platform/emdrv/nvm3/src/nvm3_default_common_linker.o
LOAD ./simplicity_sdk_2025.6.1/platform/emdrv/nvm3/src/nvm3_hal_flash.o
LOAD ./simplicity_sdk_2025.6.1/platform/emdrv/nvm3/src/nvm3_lock.o
LOAD ./simplicity_sdk_2025.6.1/platform/emdrv/nvm3/src/nvm3_object.o
LOAD ./simplicity_sdk_2025.6.1/platform/emdrv/nvm3/src/nvm3_page.o
LOAD ./simplicity_sdk_2025.6.1/platform/emdrv/nvm3/src/nvm3_utils.o
LOAD ./simplicity_sdk_2025.6.1/platform/emlib/src/em_burtc.o
LOAD ./simplicity_sdk_2025.6.1/platform/emlib/src/em_cmu.o
LOAD ./simplicity_sdk_2025.6.1/platform/emlib/src/em_emu.o
LOAD ./simplicity_sdk_2025.6.1/platform/emlib/src/em_gpio.o
LOAD ./simplicity_sdk_2025.6.1/platform/emlib/src/em_ldma.o
LOAD ./simplicity_sdk_2025.6.1/platform/emlib/src/em_msc.o
LOAD ./simplicity_sdk_2025.6.1/platform/emlib/src/em_prs.o
LOAD ./simplicity_sdk_2025.6.1/platform/emlib/src/em_rmu.o
LOAD ./simplicity_sdk_2025.6.1/platform/emlib/src/em_rtcc.o
LOAD ./simplicity_sdk_2025.6.1/platform/emlib/src/em_system.o
LOAD ./simplicity_sdk_2025.6.1/platform/emlib/src/em_timer.o
LOAD ./simplicity_sdk_2025.6.1/platform/emlib/src/em_usart.o
LOAD ./simplicity_sdk_2025.6.1/platform/emlib/src/em_wdog.o
LOAD ./simplicity_sdk_2025.6.1/platform/peripheral/src/sl_hal_gpio.o
LOAD ./simplicity_sdk_2025.6.1/platform/peripheral/src/sl_hal_prs.o
LOAD ./simplicity_sdk_2025.6.1/platform/radio/rail_lib/plugin/coexistence/protocol/ieee802154_uc/coexistence-802154.o
LOAD ./simplicity_sdk_2025.6.1/platform/radio/rail_lib/plugin/fem_util/sl_fem_util.o
LOAD ./simplicity_sdk_2025.6.1/platform/radio/rail_lib/plugin/pa-conversions/pa_conversions_efr32.o
LOAD ./simplicity_sdk_2025.6.1/platform/radio/rail_lib/plugin/rail_util_ant_div/sl_rail_util_ant_div.o
LOAD ./simplicity_sdk_2025.6.1/platform/radio/rail_lib/plugin/rail_util_power_manager_init/sl_rail_util_power_manager_init.o
LOAD ./simplicity_sdk_2025.6.1/platform/radio/rail_lib/plugin/rail_util_pti/sl_rail_util_pti.o
LOAD ./simplicity_sdk_2025.6.1/platform/radio/rail_lib/plugin/rail_util_rf_path/sl_rail_util_rf_path.o
LOAD ./simplicity_sdk_2025.6.1/platform/security/sl_component/se_manager/src/sl_se_manager.o
LOAD ./simplicity_sdk_2025.6.1/platform/security/sl_component/se_manager/src/sl_se_manager_attestation.o
LOAD ./simplicity_sdk_2025.6.1/platform/security/sl_component/se_manager/src/sl_se_manager_cipher.o
LOAD ./simplicity_sdk_2025.6.1/platform/security/sl_component/se_manager/src/sl_se_manager_entropy.o
LOAD ./simplicity_sdk_2025.6.1/platform/security/sl_component/se_manager/src/sl_se_manager_hash.o
LOAD ./simplicity_sdk_2025.6.1/platform/security/sl_component/se_manager/src/sl_se_manager_key_derivation.o
LOAD ./simplicity_sdk_2025.6.1/platform/security/sl_component/se_manager/src/sl_se_manager_key_handling.o
LOAD ./simplicity_sdk_2025.6.1/platform/security/sl_component/se_manager/src/sl_se_manager_signature.o
LOAD ./simplicity_sdk_2025.6.1/platform/security/sl_component/se_manager/src/sl_se_manager_util.o
LOAD ./simplicity_sdk_2025.6.1/platform/security/sl_component/se_manager/src/sli_se_manager_mailbox.o
LOAD ./simplicity_sdk_2025.6.1/platform/security/sl_component/sl_mbedtls_support/src/sl_mbedtls.o
LOAD ./simplicity_sdk_2025.6.1/platform/security/sl_component/sl_mbedtls_support/src/sl_psa_crypto.o
LOAD ./simplicity_sdk_2025.6.1/platform/security/sl_component/sl_mbedtls_support/src/sli_psa_crypto.o
LOAD ./simplicity_sdk_2025.6.1/platform/security/sl_component/sl_psa_driver/src/sli_psa_driver_common.o
LOAD ./simplicity_sdk_2025.6.1/platform/security/sl_component/sl_psa_driver/src/sli_psa_driver_init.o
LOAD ./simplicity_sdk_2025.6.1/platform/security/sl_component/sl_psa_driver/src/sli_psa_trng.o
LOAD ./simplicity_sdk_2025.6.1/platform/security/sl_component/sl_psa_driver/src/sli_se_driver_aead.o
LOAD ./simplicity_sdk_2025.6.1/platform/security/sl_component/sl_psa_driver/src/sli_se_driver_builtin_keys.o
LOAD ./simplicity_sdk_2025.6.1/platform/security/sl_component/sl_psa_driver/src/sli_se_driver_cipher.o
LOAD ./simplicity_sdk_2025.6.1/platform/security/sl_component/sl_psa_driver/src/sli_se_driver_key_derivation.o
LOAD ./simplicity_sdk_2025.6.1/platform/security/sl_component/sl_psa_driver/src/sli_se_driver_key_management.o
LOAD ./simplicity_sdk_2025.6.1/platform/security/sl_component/sl_psa_driver/src/sli_se_driver_mac.o
LOAD ./simplicity_sdk_2025.6.1/platform/security/sl_component/sl_psa_driver/src/sli_se_driver_signature.o
LOAD ./simplicity_sdk_2025.6.1/platform/security/sl_component/sl_psa_driver/src/sli_se_opaque_driver_aead.o
LOAD ./simplicity_sdk_2025.6.1/platform/security/sl_component/sl_psa_driver/src/sli_se_opaque_driver_cipher.o
LOAD ./simplicity_sdk_2025.6.1/platform/security/sl_component/sl_psa_driver/src/sli_se_opaque_driver_mac.o
LOAD ./simplicity_sdk_2025.6.1/platform/security/sl_component/sl_psa_driver/src/sli_se_opaque_key_derivation.o
LOAD ./simplicity_sdk_2025.6.1/platform/security/sl_component/sl_psa_driver/src/sli_se_transparent_driver_aead.o
LOAD ./simplicity_sdk_2025.6.1/platform/security/sl_component/sl_psa_driver/src/sli_se_transparent_driver_cipher.o
LOAD ./simplicity_sdk_2025.6.1/platform/security/sl_component/sl_psa_driver/src/sli_se_transparent_driver_hash.o
LOAD ./simplicity_sdk_2025.6.1/platform/security/sl_component/sl_psa_driver/src/sli_se_transparent_driver_mac.o
LOAD ./simplicity_sdk_2025.6.1/platform/security/sl_component/sl_psa_driver/src/sli_se_transparent_key_derivation.o
LOAD ./simplicity_sdk_2025.6.1/platform/security/sl_component/sl_psa_driver/src/sli_se_version_dependencies.o
LOAD ./simplicity_sdk_2025.6.1/platform/service/cli/src/sl_cli.o
LOAD ./simplicity_sdk_2025.6.1/platform/service/cli/src/sl_cli_arguments.o
LOAD ./simplicity_sdk_2025.6.1/platform/service/cli/src/sl_cli_command.o
LOAD ./simplicity_sdk_2025.6.1/platform/service/cli/src/sl_cli_input.o
LOAD ./simplicity_sdk_2025.6.1/platform/service/cli/src/sl_cli_io.o
LOAD ./simplicity_sdk_2025.6.1/platform/service/cli/src/sl_cli_tokenize.o
LOAD ./simplicity_sdk_2025.6.1/platform/service/clock_manager/src/sl_clock_manager.o
LOAD ./simplicity_sdk_2025.6.1/platform/service/clock_manager/src/sl_clock_manager_hal_s2.o
LOAD ./simplicity_sdk_2025.6.1/platform/service/clock_manager/src/sl_clock_manager_init.o
LOAD ./simplicity_sdk_2025.6.1/platform/service/clock_manager/src/sl_clock_manager_init_hal_s2.o
LOAD ./simplicity_sdk_2025.6.1/platform/service/device_manager/devices/sl_device_peripheral_hal_efr32xg21.o
LOAD ./simplicity_sdk_2025.6.1/platform/service/device_manager/src/sl_device_clock.o
LOAD ./simplicity_sdk_2025.6.1/platform/service/device_manager/src/sl_device_gpio.o
LOAD ./simplicity_sdk_2025.6.1/platform/service/device_manager/src/sl_device_peripheral.o
LOAD ./simplicity_sdk_2025.6.1/platform/service/interrupt_manager/src/sl_interrupt_manager_cortexm.o
LOAD ./simplicity_sdk_2025.6.1/platform/service/iostream/src/sl_iostream.o
LOAD ./simplicity_sdk_2025.6.1/platform/service/iostream/src/sl_iostream_debug.o
LOAD ./simplicity_sdk_2025.6.1/platform/service/iostream/src/sl_iostream_swo_itm_8.o
LOAD ./simplicity_sdk_2025.6.1/platform/service/iostream/src/sl_iostream_uart.o
LOAD ./simplicity_sdk_2025.6.1/platform/service/iostream/src/sl_iostream_usart.o
LOAD ./simplicity_sdk_2025.6.1/platform/service/legacy_hal/src/base-replacement.o
LOAD ./simplicity_sdk_2025.6.1/platform/service/legacy_hal/src/crc.o
LOAD ./simplicity_sdk_2025.6.1/platform/service/legacy_hal/src/diagnostic.o
LOAD ./simplicity_sdk_2025.6.1/platform/service/legacy_hal/src/ember-phy.o
LOAD ./simplicity_sdk_2025.6.1/platform/service/legacy_hal/src/faults.o
LOAD ./simplicity_sdk_2025.6.1/platform/service/legacy_hal/src/random.o
LOAD ./simplicity_sdk_2025.6.1/platform/service/legacy_hal/src/token_legacy.o
LOAD ./simplicity_sdk_2025.6.1/platform/service/legacy_hal_wdog/src/sl_legacy_hal_wdog.o
LOAD ./simplicity_sdk_2025.6.1/platform/service/memory_manager/src/sl_memory_manager.o
LOAD ./simplicity_sdk_2025.6.1/platform/service/memory_manager/src/sl_memory_manager_dynamic_reservation.o
LOAD ./simplicity_sdk_2025.6.1/platform/service/memory_manager/src/sl_memory_manager_pool.o
LOAD ./simplicity_sdk_2025.6.1/platform/service/memory_manager/src/sl_memory_manager_pool_common.o
LOAD ./simplicity_sdk_2025.6.1/platform/service/memory_manager/src/sl_memory_manager_region.o
LOAD ./simplicity_sdk_2025.6.1/platform/service/memory_manager/src/sl_memory_manager_retarget.o
LOAD ./simplicity_sdk_2025.6.1/platform/service/memory_manager/src/sli_memory_manager_common.o
LOAD ./simplicity_sdk_2025.6.1/platform/service/power_manager/src/common/sl_power_manager_common.o
LOAD ./simplicity_sdk_2025.6.1/platform/service/power_manager/src/common/sl_power_manager_em4.o
LOAD ./simplicity_sdk_2025.6.1/platform/service/power_manager/src/sleep_loop/sl_power_manager.o
LOAD ./simplicity_sdk_2025.6.1/platform/service/power_manager/src/sleep_loop/sl_power_manager_debug.o
LOAD ./simplicity_sdk_2025.6.1/platform/service/power_manager/src/sleep_loop/sl_power_manager_hal_s2.o
LOAD ./simplicity_sdk_2025.6.1/platform/service/sl_main/src/sl_main_init.o
LOAD ./simplicity_sdk_2025.6.1/platform/service/sl_main/src/sl_main_init_memory.o
LOAD ./simplicity_sdk_2025.6.1/platform/service/sl_main/src/sl_main_process_action.o
LOAD ./simplicity_sdk_2025.6.1/platform/service/sleeptimer/src/sl_sleeptimer.o
LOAD ./simplicity_sdk_2025.6.1/platform/service/sleeptimer/src/sl_sleeptimer_hal_burtc.o
LOAD ./simplicity_sdk_2025.6.1/platform/service/sleeptimer/src/sl_sleeptimer_hal_prortc.o
LOAD ./simplicity_sdk_2025.6.1/platform/service/sleeptimer/src/sl_sleeptimer_hal_rtcc.o
LOAD ./simplicity_sdk_2025.6.1/platform/service/sleeptimer/src/sl_sleeptimer_hal_timer.o
LOAD ./simplicity_sdk_2025.6.1/platform/service/token_manager/legacy/src/sl_token_def.o
LOAD ./simplicity_sdk_2025.6.1/platform/service/token_manager/legacy/src/sl_token_manager.o
LOAD ./simplicity_sdk_2025.6.1/platform/service/token_manager/legacy/src/sl_token_manufacturing.o
LOAD ./simplicity_sdk_2025.6.1/platform/service/token_manager/legacy/src/sl_token_manufacturing_generic.o
LOAD ./simplicity_sdk_2025.6.1/platform/service/token_manager/src/sl_token_manager_api.o
LOAD ./simplicity_sdk_2025.6.1/platform/service/token_manager/src/sl_token_manager_lock.o
LOAD ./simplicity_sdk_2025.6.1/platform/service/token_manager/src/sli_token_manager_dynamic.o
LOAD ./simplicity_sdk_2025.6.1/platform/service/token_manager/src/sli_token_manager_internal.o
LOAD ./simplicity_sdk_2025.6.1/platform/service/token_manager/src/sli_token_manager_manufacturing.o
LOAD ./simplicity_sdk_2025.6.1/platform/service/udelay/src/sl_udelay.o
LOAD ./simplicity_sdk_2025.6.1/platform/service/udelay/src/sl_udelay_armv6m_gcc.o
LOAD ./simplicity_sdk_2025.6.1/protocol/zigbee/app/framework/cli/core-cli.o
LOAD ./simplicity_sdk_2025.6.1/protocol/zigbee/app/framework/cli/network-cli.o
LOAD ./simplicity_sdk_2025.6.1/protocol/zigbee/app/framework/cli/option-cli.o
LOAD ./simplicity_sdk_2025.6.1/protocol/zigbee/app/framework/cli/security-cli.o
LOAD ./simplicity_sdk_2025.6.1/protocol/zigbee/app/framework/cli/zcl-cli.o
LOAD ./simplicity_sdk_2025.6.1/protocol/zigbee/app/framework/cli/zdo-cli.o
LOAD ./simplicity_sdk_2025.6.1/protocol/zigbee/app/framework/common/sl_zigbee_system_common.o
LOAD ./simplicity_sdk_2025.6.1/protocol/zigbee/app/framework/common/zigbee_app_framework_sleep.o
LOAD ./simplicity_sdk_2025.6.1/protocol/zigbee/app/framework/common/zigbee_app_framework_sleep_cli.o
LOAD ./simplicity_sdk_2025.6.1/protocol/zigbee/app/framework/common/zigbee_app_framework_stack_cb.o
LOAD ./simplicity_sdk_2025.6.1/protocol/zigbee/app/framework/common/zigbee_enhanced_routing.o
LOAD ./simplicity_sdk_2025.6.1/protocol/zigbee/app/framework/common/zigbee_stack_sleep.o
LOAD ./simplicity_sdk_2025.6.1/protocol/zigbee/app/framework/plugin/basic/basic-cb.o
LOAD ./simplicity_sdk_2025.6.1/protocol/zigbee/app/framework/plugin/basic/basic.o
LOAD ./simplicity_sdk_2025.6.1/protocol/zigbee/app/framework/plugin/counters/af-counters.o
LOAD ./simplicity_sdk_2025.6.1/protocol/zigbee/app/framework/plugin/counters/counters-cb.o
LOAD ./simplicity_sdk_2025.6.1/protocol/zigbee/app/framework/plugin/counters/counters-cli.o
LOAD ./simplicity_sdk_2025.6.1/protocol/zigbee/app/framework/plugin/counters/counters-ota.o
LOAD ./simplicity_sdk_2025.6.1/protocol/zigbee/app/framework/plugin/debug-print/sl_zigbee_debug_print.o
LOAD ./simplicity_sdk_2025.6.1/protocol/zigbee/app/framework/plugin/find-and-bind-initiator/find-and-bind-initiator-cb.o
LOAD ./simplicity_sdk_2025.6.1/protocol/zigbee/app/framework/plugin/find-and-bind-initiator/find-and-bind-initiator-cli.o
LOAD ./simplicity_sdk_2025.6.1/protocol/zigbee/app/framework/plugin/find-and-bind-initiator/find-and-bind-initiator.o
LOAD ./simplicity_sdk_2025.6.1/protocol/zigbee/app/framework/plugin/network-steering/network-steering-cb.o
LOAD ./simplicity_sdk_2025.6.1/protocol/zigbee/app/framework/plugin/network-steering/network-steering-cli.o
LOAD ./simplicity_sdk_2025.6.1/protocol/zigbee/app/framework/plugin/network-steering/network-steering-v2.o
LOAD ./simplicity_sdk_2025.6.1/protocol/zigbee/app/framework/plugin/network-steering/network-steering.o
LOAD ./simplicity_sdk_2025.6.1/protocol/zigbee/app/framework/plugin/reporting/reporting-cb.o
LOAD ./simplicity_sdk_2025.6.1/protocol/zigbee/app/framework/plugin/reporting/reporting-cli.o
LOAD ./simplicity_sdk_2025.6.1/protocol/zigbee/app/framework/plugin/reporting/reporting-default-configuration.o
LOAD ./simplicity_sdk_2025.6.1/protocol/zigbee/app/framework/plugin/reporting/reporting.o
LOAD ./simplicity_sdk_2025.6.1/protocol/zigbee/app/framework/plugin/scan-dispatch/scan-dispatch.o
LOAD ./simplicity_sdk_2025.6.1/protocol/zigbee/app/framework/plugin/update-tc-link-key/update-tc-link-key-cb.o
LOAD ./simplicity_sdk_2025.6.1/protocol/zigbee/app/framework/plugin/update-tc-link-key/update-tc-link-key-cli.o
LOAD ./simplicity_sdk_2025.6.1/protocol/zigbee/app/framework/plugin/update-tc-link-key/update-tc-link-key.o
LOAD ./simplicity_sdk_2025.6.1/protocol/zigbee/app/framework/plugin/zcl_cli/zigbee-zcl-cli.o
LOAD ./simplicity_sdk_2025.6.1/protocol/zigbee/app/framework/plugin/zcl_cli/zigbee-zcl-custom-cluster-cli.o
LOAD ./simplicity_sdk_2025.6.1/protocol/zigbee/app/framework/plugin/zcl_cli/zigbee-zcl-global-cli.o
LOAD ./simplicity_sdk_2025.6.1/protocol/zigbee/app/framework/security/af-node.o
LOAD ./simplicity_sdk_2025.6.1/protocol/zigbee/app/framework/security/af-security-common.o
LOAD ./simplicity_sdk_2025.6.1/protocol/zigbee/app/framework/security/af-trust-center.o
LOAD ./simplicity_sdk_2025.6.1/protocol/zigbee/app/framework/security/crypto-state.o
LOAD ./simplicity_sdk_2025.6.1/protocol/zigbee/app/framework/service-function/sl_service_function.o
LOAD ./simplicity_sdk_2025.6.1/protocol/zigbee/app/framework/signature-decode/sl_signature_decode.o
LOAD ./simplicity_sdk_2025.6.1/protocol/zigbee/app/framework/util/af-common.o
LOAD ./simplicity_sdk_2025.6.1/protocol/zigbee/app/framework/util/af-event.o
LOAD ./simplicity_sdk_2025.6.1/protocol/zigbee/app/framework/util/af-soc-common.o
LOAD ./simplicity_sdk_2025.6.1/protocol/zigbee/app/framework/util/af-soc.o
LOAD ./simplicity_sdk_2025.6.1/protocol/zigbee/app/framework/util/attribute-size.o
LOAD ./simplicity_sdk_2025.6.1/protocol/zigbee/app/framework/util/attribute-storage.o
LOAD ./simplicity_sdk_2025.6.1/protocol/zigbee/app/framework/util/attribute-table.o
LOAD ./simplicity_sdk_2025.6.1/protocol/zigbee/app/framework/util/client-api.o
LOAD ./simplicity_sdk_2025.6.1/protocol/zigbee/app/framework/util/global-callback.o
LOAD ./simplicity_sdk_2025.6.1/protocol/zigbee/app/framework/util/global-other-callback.o
LOAD ./simplicity_sdk_2025.6.1/protocol/zigbee/app/framework/util/message.o
LOAD ./simplicity_sdk_2025.6.1/protocol/zigbee/app/framework/util/multi-network.o
LOAD ./simplicity_sdk_2025.6.1/protocol/zigbee/app/framework/util/print-formatter.o
LOAD ./simplicity_sdk_2025.6.1/protocol/zigbee/app/framework/util/print.o
LOAD ./simplicity_sdk_2025.6.1/protocol/zigbee/app/framework/util/process-cluster-message.o
LOAD ./simplicity_sdk_2025.6.1/protocol/zigbee/app/framework/util/process-global-message.o
LOAD ./simplicity_sdk_2025.6.1/protocol/zigbee/app/framework/util/service-discovery-common.o
LOAD ./simplicity_sdk_2025.6.1/protocol/zigbee/app/framework/util/service-discovery-soc.o
LOAD ./simplicity_sdk_2025.6.1/protocol/zigbee/app/framework/util/time-util.o
LOAD ./simplicity_sdk_2025.6.1/protocol/zigbee/app/framework/util/util.o
LOAD ./simplicity_sdk_2025.6.1/protocol/zigbee/app/framework/util/zcl-util.o
LOAD ./simplicity_sdk_2025.6.1/protocol/zigbee/app/util/common/library.o
LOAD ./simplicity_sdk_2025.6.1/protocol/zigbee/app/util/counters/counters.o
LOAD ./simplicity_sdk_2025.6.1/protocol/zigbee/app/util/serial/sl_zigbee_command_interpreter.o
LOAD ./simplicity_sdk_2025.6.1/protocol/zigbee/app/util/zigbee-framework/zigbee-device-common.o
LOAD ./simplicity_sdk_2025.6.1/protocol/zigbee/app/util/zigbee-framework/zigbee-device-library.o
LOAD ./simplicity_sdk_2025.6.1/protocol/zigbee/stack/config/sl_zigbee_callback_stubs.o
LOAD ./simplicity_sdk_2025.6.1/protocol/zigbee/stack/config/sl_zigbee_configuration.o
LOAD ./simplicity_sdk_2025.6.1/protocol/zigbee/stack/config/sl_zigbee_configuration_access.o
LOAD ./simplicity_sdk_2025.6.1/protocol/zigbee/stack/config/sl_zigbee_endpoint_stubs.o
LOAD ./simplicity_sdk_2025.6.1/protocol/zigbee/stack/core/multi-pan-common.o
LOAD ./simplicity_sdk_2025.6.1/protocol/zigbee/stack/core/multi-pan-stub.o
LOAD ./simplicity_sdk_2025.6.1/protocol/zigbee/stack/core/sl_zigbee_multi_network_stub.o
LOAD ./simplicity_sdk_2025.6.1/protocol/zigbee/stack/framework/aes-ecb.o
LOAD ./simplicity_sdk_2025.6.1/protocol/zigbee/stack/framework/debug-extended-stub.o
LOAD ./simplicity_sdk_2025.6.1/protocol/zigbee/stack/framework/strong-random-api.o
LOAD ./simplicity_sdk_2025.6.1/protocol/zigbee/stack/framework/zigbee-event-logger-stub-gen.o
LOAD ./simplicity_sdk_2025.6.1/protocol/zigbee/stack/gp/gp-stub.o
LOAD ./simplicity_sdk_2025.6.1/protocol/zigbee/stack/internal/src/baremetal/aes-mmo-baremetal-wrapper.o
LOAD ./simplicity_sdk_2025.6.1/protocol/zigbee/stack/internal/src/baremetal/binding-table-baremetal-callbacks.o
LOAD ./simplicity_sdk_2025.6.1/protocol/zigbee/stack/internal/src/baremetal/binding-table-baremetal-wrapper.o
LOAD ./simplicity_sdk_2025.6.1/protocol/zigbee/stack/internal/src/baremetal/bootload_baremetal_callbacks.o
LOAD ./simplicity_sdk_2025.6.1/protocol/zigbee/stack/internal/src/baremetal/bootload_baremetal_wrapper.o
LOAD ./simplicity_sdk_2025.6.1/protocol/zigbee/stack/internal/src/baremetal/child_baremetal_callbacks.o
LOAD ./simplicity_sdk_2025.6.1/protocol/zigbee/stack/internal/src/baremetal/child_baremetal_wrapper.o
LOAD ./simplicity_sdk_2025.6.1/protocol/zigbee/stack/internal/src/baremetal/library_baremetal_wrapper.o
LOAD ./simplicity_sdk_2025.6.1/protocol/zigbee/stack/internal/src/baremetal/mac-layer-baremetal-wrapper.o
LOAD ./simplicity_sdk_2025.6.1/protocol/zigbee/stack/internal/src/baremetal/message_baremetal_callbacks.o
LOAD ./simplicity_sdk_2025.6.1/protocol/zigbee/stack/internal/src/baremetal/message_baremetal_wrapper.o
LOAD ./simplicity_sdk_2025.6.1/protocol/zigbee/stack/internal/src/baremetal/multi-phy-baremetal-wrapper.o
LOAD ./simplicity_sdk_2025.6.1/protocol/zigbee/stack/internal/src/baremetal/network-formation-baremetal-callbacks.o
LOAD ./simplicity_sdk_2025.6.1/protocol/zigbee/stack/internal/src/baremetal/network-formation-baremetal-wrapper.o
LOAD ./simplicity_sdk_2025.6.1/protocol/zigbee/stack/internal/src/baremetal/raw-message-baremetal-callbacks.o
LOAD ./simplicity_sdk_2025.6.1/protocol/zigbee/stack/internal/src/baremetal/raw-message-baremetal-wrapper.o
LOAD ./simplicity_sdk_2025.6.1/protocol/zigbee/stack/internal/src/baremetal/security_baremetal_callbacks.o
LOAD ./simplicity_sdk_2025.6.1/protocol/zigbee/stack/internal/src/baremetal/security_baremetal_wrapper.o
LOAD ./simplicity_sdk_2025.6.1/protocol/zigbee/stack/internal/src/baremetal/sl_zigbee_address_info_baremetal_wrapper.o
LOAD ./simplicity_sdk_2025.6.1/protocol/zigbee/stack/internal/src/baremetal/sl_zigbee_duty_cycle_baremetal_callbacks.o
LOAD ./simplicity_sdk_2025.6.1/protocol/zigbee/stack/internal/src/baremetal/sl_zigbee_duty_cycle_baremetal_wrapper.o
LOAD ./simplicity_sdk_2025.6.1/protocol/zigbee/stack/internal/src/baremetal/sl_zigbee_random_api_baremetal_wrapper.o
LOAD ./simplicity_sdk_2025.6.1/protocol/zigbee/stack/internal/src/baremetal/sl_zigbee_token_baremetal_wrapper.o
LOAD ./simplicity_sdk_2025.6.1/protocol/zigbee/stack/internal/src/baremetal/source-route-baremetal-wrapper.o
LOAD ./simplicity_sdk_2025.6.1/protocol/zigbee/stack/internal/src/baremetal/stack-info-baremetal-callbacks.o
LOAD ./simplicity_sdk_2025.6.1/protocol/zigbee/stack/internal/src/baremetal/stack-info-baremetal-wrapper.o
LOAD ./simplicity_sdk_2025.6.1/protocol/zigbee/stack/internal/src/baremetal/trust-center-baremetal-callbacks.o
LOAD ./simplicity_sdk_2025.6.1/protocol/zigbee/stack/internal/src/baremetal/trust-center-baremetal-wrapper.o
LOAD ./simplicity_sdk_2025.6.1/protocol/zigbee/stack/internal/src/baremetal/zigbee-device-stack-baremetal-wrapper.o
LOAD ./simplicity_sdk_2025.6.1/protocol/zigbee/stack/internal/src/baremetal/zigbee-security-manager-baremetal-wrapper.o
LOAD ./simplicity_sdk_2025.6.1/protocol/zigbee/stack/internal/src/stubs/sl_zigbee_token_internal_weak_stubs.o
LOAD ./simplicity_sdk_2025.6.1/protocol/zigbee/stack/internal/src/stubs/stack-info-internal-weak-stubs.o
LOAD ./simplicity_sdk_2025.6.1/protocol/zigbee/stack/mac/mac-info-element-parsing-stub.o
LOAD ./simplicity_sdk_2025.6.1/protocol/zigbee/stack/platform/sl_zigbee_token_legacy.o
LOAD ./simplicity_sdk_2025.6.1/protocol/zigbee/stack/platform/zigbee_token_interface_stub.o
LOAD ./simplicity_sdk_2025.6.1/protocol/zigbee/stack/routing/zigbee/enhanced-beacon-request-stub.o
LOAD ./simplicity_sdk_2025.6.1/protocol/zigbee/stack/security/cbke-crypto-engine-163k1-stub.o
LOAD ./simplicity_sdk_2025.6.1/protocol/zigbee/stack/security/cbke-crypto-engine-283k1-stub.o
LOAD ./simplicity_sdk_2025.6.1/protocol/zigbee/stack/security/cbke-crypto-engine-dsa-sign-stub.o
LOAD ./simplicity_sdk_2025.6.1/protocol/zigbee/stack/security/cbke-crypto-engine-dsa-verify-283k1-stub.o
LOAD ./simplicity_sdk_2025.6.1/protocol/zigbee/stack/security/cbke-crypto-engine-dsa-verify-stub.o
LOAD ./simplicity_sdk_2025.6.1/protocol/zigbee/stack/security/cbke-crypto-engine-stub.o
LOAD ./simplicity_sdk_2025.6.1/protocol/zigbee/stack/security/security-address-cache.o
LOAD ./simplicity_sdk_2025.6.1/protocol/zigbee/stack/security/zigbee-security-manager-no-vault.o
LOAD ./simplicity_sdk_2025.6.1/protocol/zigbee/stack/security/zigbee-security-manager.o
LOAD ./simplicity_sdk_2025.6.1/protocol/zigbee/stack/stubs/sl_zigbee_dynamic_commissioning_stubs.o
LOAD ./simplicity_sdk_2025.6.1/protocol/zigbee/stack/stubs/sl_zigbee_fragmentation_stubs.o
LOAD ./simplicity_sdk_2025.6.1/protocol/zigbee/stack/stubs/sl_zigbee_r23_misc_support_stubs.o
LOAD ./simplicity_sdk_2025.6.1/protocol/zigbee/stack/stubs/sli_zigbee_zdo_cluster_filter_stubs.o
LOAD ./simplicity_sdk_2025.6.1/protocol/zigbee/stack/zigbee/aps-keys-full-stub.o
LOAD ./simplicity_sdk_2025.6.1/protocol/zigbee/stack/zigbee/zdo-r22-stub.o
LOAD ./simplicity_sdk_2025.6.1/protocol/zigbee/stack/zll/zll-stubs.o
LOAD ./simplicity_sdk_2025.6.1/util/plugin/byte_utilities/byte-utilities.o
LOAD ./simplicity_sdk_2025.6.1/util/third_party/mbedtls/library/cipher.o
LOAD ./simplicity_sdk_2025.6.1/util/third_party/mbedtls/library/cipher_wrap.o
LOAD ./simplicity_sdk_2025.6.1/util/third_party/mbedtls/library/constant_time.o
LOAD ./simplicity_sdk_2025.6.1/util/third_party/mbedtls/library/platform.o
LOAD ./simplicity_sdk_2025.6.1/util/third_party/mbedtls/library/platform_util.o
LOAD ./simplicity_sdk_2025.6.1/util/third_party/mbedtls/library/psa_crypto.o
LOAD ./simplicity_sdk_2025.6.1/util/third_party/mbedtls/library/psa_crypto_aead.o
LOAD ./simplicity_sdk_2025.6.1/util/third_party/mbedtls/library/psa_crypto_cipher.o
LOAD ./simplicity_sdk_2025.6.1/util/third_party/mbedtls/library/psa_crypto_client.o
LOAD ./simplicity_sdk_2025.6.1/util/third_party/mbedtls/library/psa_crypto_driver_wrappers_no_static.o
LOAD ./simplicity_sdk_2025.6.1/util/third_party/mbedtls/library/psa_crypto_ecp.o
LOAD ./simplicity_sdk_2025.6.1/util/third_party/mbedtls/library/psa_crypto_ffdh.o
LOAD ./simplicity_sdk_2025.6.1/util/third_party/mbedtls/library/psa_crypto_hash.o
LOAD ./simplicity_sdk_2025.6.1/util/third_party/mbedtls/library/psa_crypto_mac.o
LOAD ./simplicity_sdk_2025.6.1/util/third_party/mbedtls/library/psa_crypto_pake.o
LOAD ./simplicity_sdk_2025.6.1/util/third_party/mbedtls/library/psa_crypto_rsa.o
LOAD ./simplicity_sdk_2025.6.1/util/third_party/mbedtls/library/psa_crypto_se.o
LOAD ./simplicity_sdk_2025.6.1/util/third_party/mbedtls/library/psa_crypto_slot_management.o
LOAD ./simplicity_sdk_2025.6.1/util/third_party/mbedtls/library/psa_crypto_storage.o
LOAD ./simplicity_sdk_2025.6.1/util/third_party/mbedtls/library/psa_util.o
LOAD ./simplicity_sdk_2025.6.1/util/third_party/mbedtls/library/threading.o
LOAD ./simplicity_sdk_2025.6.1/util/third_party/printf/printf.o
LOAD ./simplicity_sdk_2025.6.1/util/third_party/printf/src/iostream_printf.o
LOAD /home/repo/SimplicityStudio/zigbee_end_device/simplicity_sdk_2025.6.1/platform/radio/rail_lib/autogen/librail_release/librail_config_mgm210pa32jia_gcc.a
LOAD /home/repo/SimplicityStudio/zigbee_end_device/simplicity_sdk_2025.6.1/platform/radio/rail_lib/autogen/librail_release/librail_module_efr32xg21_gcc_release.a
LOAD /home/repo/SimplicityStudio/zigbee_end_device/simplicity_sdk_2025.6.1/protocol/zigbee/build/gcc/cortex-m33/zigbee-debug-basic/release_singlenetwork/libzigbee-debug-basic.a
LOAD /home/repo/SimplicityStudio/zigbee_end_device/simplicity_sdk_2025.6.1/protocol/zigbee/build/gcc/cortex-m33/zigbee-pro-leaf-stack/release_singlenetwork/libzigbee-pro-leaf-stack.a
LOAD /home/repo/SimplicityStudio/zigbee_end_device/simplicity_sdk_2025.6.1/protocol/zigbee/build/gcc/cortex-m33/zigbee-source-route/release_singlenetwork/libzigbee-source-route.a
LOAD /opt/ss/SimplicityStudio_v5/developer/toolchains/gnu_arm/12.2.rel1_2023.7/bin/../lib/gcc/arm-none-eabi/12.2.1/thumb/v8-m.main+fp/hard/libgcc.a
LOAD /opt/ss/SimplicityStudio_v5/developer/toolchains/gnu_arm/12.2.rel1_2023.7/bin/../lib/gcc/arm-none-eabi/12.2.1/../../../../arm-none-eabi/lib/thumb/v8-m.main+fp/hard/libc_nano.a
LOAD /opt/ss/SimplicityStudio_v5/developer/toolchains/gnu_arm/12.2.rel1_2023.7/bin/../lib/gcc/arm-none-eabi/12.2.1/../../../../arm-none-eabi/lib/thumb/v8-m.main+fp/hard/libm.a
LOAD /opt/ss/SimplicityStudio_v5/developer/toolchains/gnu_arm/12.2.rel1_2023.7/bin/../lib/gcc/arm-none-eabi/12.2.1/../../../../arm-none-eabi/lib/thumb/v8-m.main+fp/hard/libnosys.a
END GROUP
START GROUP
LOAD /opt/ss/SimplicityStudio_v5/developer/toolchains/gnu_arm/12.2.rel1_2023.7/bin/../lib/gcc/arm-none-eabi/12.2.1/thumb/v8-m.main+fp/hard/libgcc.a
LOAD /opt/ss/SimplicityStudio_v5/developer/toolchains/gnu_arm/12.2.rel1_2023.7/bin/../lib/gcc/arm-none-eabi/12.2.1/../../../../arm-none-eabi/lib/thumb/v8-m.main+fp/hard/libc_nano.a
LOAD /opt/ss/SimplicityStudio_v5/developer/toolchains/gnu_arm/12.2.rel1_2023.7/bin/../lib/gcc/arm-none-eabi/12.2.1/../../../../arm-none-eabi/lib/thumb/v8-m.main+fp/hard/libnosys.a
END GROUP
START GROUP
LOAD /opt/ss/SimplicityStudio_v5/developer/toolchains/gnu_arm/12.2.rel1_2023.7/bin/../lib/gcc/arm-none-eabi/12.2.1/thumb/v8-m.main+fp/hard/libgcc.a
LOAD /opt/ss/SimplicityStudio_v5/developer/toolchains/gnu_arm/12.2.rel1_2023.7/bin/../lib/gcc/arm-none-eabi/12.2.1/../../../../arm-none-eabi/lib/thumb/v8-m.main+fp/hard/libg_nano.a
LOAD /opt/ss/SimplicityStudio_v5/developer/toolchains/gnu_arm/12.2.rel1_2023.7/bin/../lib/gcc/arm-none-eabi/12.2.1/../../../../arm-none-eabi/lib/thumb/v8-m.main+fp/hard/libc_nano.a
END GROUP
START GROUP
LOAD /opt/ss/SimplicityStudio_v5/developer/toolchains/gnu_arm/12.2.rel1_2023.7/bin/../lib/gcc/arm-none-eabi/12.2.1/thumb/v8-m.main+fp/hard/libgcc.a
LOAD /opt/ss/SimplicityStudio_v5/developer/toolchains/gnu_arm/12.2.rel1_2023.7/bin/../lib/gcc/arm-none-eabi/12.2.1/../../../../arm-none-eabi/lib/thumb/v8-m.main+fp/hard/libc_nano.a
END GROUP
LOAD /opt/ss/SimplicityStudio_v5/developer/toolchains/gnu_arm/12.2.rel1_2023.7/bin/../lib/gcc/arm-none-eabi/12.2.1/thumb/v8-m.main+fp/hard/crtend.o
LOAD /opt/ss/SimplicityStudio_v5/developer/toolchains/gnu_arm/12.2.rel1_2023.7/bin/../lib/gcc/arm-none-eabi/12.2.1/thumb/v8-m.main+fp/hard/crtn.o

.vectors        0x0000000000004000      0x134
                0x0000000000004000                linker_vectors_begin = .
 *(.vectors)
 .vectors       0x0000000000004000      0x134 /tmp/ccx9CA2Z.ltrans0.ltrans.o
                0x0000000000004000                __Vectors
                0x0000000000004134                linker_vectors_end = .
                0x0000000000004134                __Vectors_End = .
                0x0000000000004134                __Vectors_Size = (__Vectors_End - __Vectors)
                0x0000000000004134                __lma_ramfuncs_start__ = .

.bootloader_reset_section
                0x0000000020000000        0x4
                0x0000000020000000                __ResetReasonStart__ = .
                0x0000000020000004                . = (. + 0x4)
 *fill*         0x0000000020000000        0x4 
                0x0000000020000004                . = ALIGN (0x4)
                0x0000000020000004                __ResetReasonEnd__ = .

.stack          0x0000000020000008     0x1000
                0x0000000020000008                . = ALIGN (0x8)
                0x0000000020000008                __StackLimit = .
 *(.stack*)
 .stack         0x0000000020000008     0x1000 /tmp/ccx9CA2Z.ltrans4.ltrans.o
                0x0000000020001008                . = ALIGN (0x4)
                0x0000000020001008                __StackTop = .
                0x0000000020001008                PROVIDE (__stack = __StackTop)

.bss            0x0000000020001008     0x2798
                0x0000000020001008                . = ALIGN (0x4)
                0x0000000020001008                __bss_start__ = .
 *(SORT_BY_ALIGNMENT(.bss*))
 .bss           0x0000000020001008     0x197a /tmp/ccx9CA2Z.ltrans0.ltrans.o
                0x0000000020001008                gpio_interrupts.lto_priv.0
                0x0000000020001170                initialized.lto_priv.0
                0x0000000020001174                chTable.lto_priv.0
                0x00000000200011f4                dmaXfer.lto_priv.0
                0x00000000200012fc                led_event.lto_priv.0
                0x000000002000131c                commissioning.lto_priv.0
                0x000000002000131d                binding.lto_priv.0
                0x0000000020001340                attribute_report_event_control.lto_priv.0
                0x0000000020001380                sli_zigbee_state
                0x0000000020001390                irqState
                0x00000000200013ec                nvm3_internalObjectHandleA
                0x0000000020001448                nvm3_defaultHandleData
                0x00000000200014e4                powerCurvesState.lto_priv.0
                0x0000000020001504                sli_iostream_default.lto_priv.0
                0x0000000020001508                overflow_counter.lto_priv.0
                0x000000002000150c                timer_frequency.lto_priv.0
                0x0000000020001510                network_cache.lto_priv.0
                0x0000000020001516                cacheBuffer.lto_priv.0
                0x0000000020001518                sli_zigbee_af_network_steering_state
                0x000000002000151c                beginTcLinkKeyUpdateEvents.lto_priv.0
                0x000000002000153c                sli_zigbee_af_network_steering_options_mask
                0x0000000020001540                sl_zigbee_af_network_steering_finish_steering_event
                0x0000000020001560                beacon_number.lto_priv.0
                0x0000000020001562                beacon.lto_priv.0
                0x0000000020001578                sli_general_purpose_heap
                0x00000000200015fd                current_em.lto_priv.0
                0x00000000200016dc                wakeup_time_config_overhead_tick
                0x00000000200016f8                emHeapBase.lto_priv.0
                0x00000000200016fc                emHeapLimit
                0x0000000020001700                heapPointer.lto_priv.0
                0x0000000020001af0                irqState.lto_priv.1
                0x0000000020001af4                sl_token_manager_init_success
                0x0000000020001af5                tokensActive.lto_priv.0
                0x0000000020001af6                sli_802154mac_local_eui64
                0x0000000020001b00                sli_zigbee_stack_event_queue
                0x0000000020001b10                sli_mac_upper_mac_state
                0x0000000020001bbc                outgoing_flat_packet.lto_priv.0
                0x0000000020001c3c                mac_outgoing_sequence_number.lto_priv.0
                0x0000000020001c3d                sli_mac_network_poll_queue
                0x0000000020001c3e                miscInternalFlags.lto_priv.0
                0x0000000020001c40                sli_802154mac_lower_mac_state
                0x0000000020001c44                emPhyRailHandle
                0x0000000020001c48                csmaParams.lto_priv.0
                0x0000000020001c54                sl_mac_stack_filter_list_length
                0x0000000020001c56                sli_zigbee_address_table
                0x0000000020001d18                sli_zigbee_permit_joining_events
                0x0000000020001d38                sli_zigbee_network_management_events
                0x0000000020001d58                sli_zigbee_transient_link_key_events
                0x0000000020001d78                sli_zigbee_source_route_update_events
                0x0000000020001d98                sli_zigbee_allow_tc_rejoins_using_well_known_key_events
                0x0000000020001db8                sli_zigbee_request_key_events
                0x0000000020001dd8                sli_zigbee_sequence_number
                0x0000000020001dd9                sli_zigbee_aps_sequence_number
                0x0000000020001dda                sli_zigbee_network_security_level
                0x0000000020001ddb                receivedTimeoutResponse
                0x0000000020001ddc                responseTimeoutRemaining
                0x0000000020001dde                sli_zigbee_what_i_support_as_a_parent
                0x0000000020001de0                parentNwkInformation
                0x0000000020001de2                sourceRouteTableEntryCount
                0x0000000020001de3                sourceRouteTableNewestIndex
                0x0000000020001de4                sli_zigbee_source_route_table_data
                0x0000000020001e00                sourceRouteUpdateRouteErrorCount
                0x0000000020001e01                sourceRouteUpdateDeliveryFailureCount
                0x0000000020001e02                sourceRouteUpdateNodeIdWithBrokenRoute
                0x0000000020001e04                sourceRouteUpdateSendAddressDiscoveryNextEvent
                0x0000000020001e05                sourceRouteUpdateActiveEvent
                0x0000000020001e06                delayCount.lto_priv.1
                0x0000000020001e07                submitCount.lto_priv.1
                0x0000000020001e08                sli_zigbee_store_and_forward_queue
                0x0000000020001e50                sli_zigbee_af_app_event_queue
                0x0000000020001e60                finding_and_binding_event_control.lto_priv.0
                0x0000000020001e80                sl_zigbee_af_identify_cluster_server_tick_cbEvent1
                0x0000000020001ea0                sli_zigbee_af_service_discovery_events
                0x0000000020001f20                checkTargetResponsesEvent.lto_priv.0
                0x0000000020001f40                scanNetworkEvents.lto_priv.0
                0x0000000020001f60                sli_zigbee_af_current_zigbee_pro_network
                0x0000000020001f64                messageSentCallbacks.lto_priv.0
                0x0000000020001fb4                sl_zigbee_endpoint_count
                0x0000000020001fb8                sli_zigbee_af_endpoints
                0x0000000020001fc8                addressCacheStartIndex.lto_priv.0
                0x0000000020001fc9                addressCacheSize
                0x0000000020001fca                nextIndex.lto_priv.0
                0x0000000020001fcb                afDeviceEnabled
                0x0000000020001fcc                sli_zigbee_af_zcl_buffer
                0x0000000020001fd0                appResponseData
                0x0000000020002022                sli_zigbee_af_zcl_buffer_len
                0x0000000020002024                sli_zigbee_af_response_length_ptr
                0x0000000020002028                appResponseLength
                0x000000002000202c                sli_zigbee_af_command_aps_frame
                0x0000000020002030                sl_zigbee_af_response_aps_frame
                0x000000002000203c                networkInitData.lto_priv.0
                0x000000002000203e                sli_zigbee_node_type
                0x000000002000203f                zigbee_stack_em1_requirement_set.lto_priv.0
                0x0000000020002048                em1_requirement_set.lto_priv.0
                0x0000000020002058                timer_head.lto_priv.0
                0x000000002000205c                last_delta_update_count.lto_priv.0
                0x0000000020002081                next_timer_to_expire_is_power_manager.lto_priv.0
                0x0000000020002085                sleep_on_isr_exit.lto_priv.1
                0x00000000200020b0                lastAgingTime.lto_priv.0
                0x00000000200020b2                sli_zigbee_in_initial_broadcast_timeout
                0x00000000200020b4                sli_zigbee_broadcast_age_cutoff_indices
                0x00000000200020b8                phyToMacQueue.lto_priv.0
                0x00000000200020bc                sli_802154mac_to_network_queue
                0x00000000200020be                sli_zigbee_current_lqi
                0x00000000200020bf                sli_zigbee_current_rssi
                0x00000000200020c0                sli_zigbee_current_channel
                0x00000000200020c4                sli_zigbee_current_mac_timestamp
                0x00000000200020c8                sli_zigbee_network_to_application_queue
                0x00000000200020ca                sli_zigbee_current_sender
                0x00000000200020cc                sli_zigbee_current_aps_struct
                0x00000000200020d8                sli_zigbee_current_sender_eui64
                0x00000000200020dc                sli_zigbee_security_state_bitmask
                0x00000000200020e0                joinState
                0x00000000200020fc                updateTcLinkKeyState.lto_priv.0
                0x00000000200020fd                bdbTcLinkKeyExchangeAttempts.lto_priv.0
                0x00000000200020fe                sli_zigbee_current_zdo_request_status
                0x00000000200020ff                sli_zigbee_current_binding_index
                0x0000000020002100                sli_zigbee_aps_unicast_message_data
                0x00000000200021a0                delayCount.lto_priv.0
                0x00000000200021a1                submitCount.lto_priv.0
                0x00000000200021a4                sli_zigbee_retry_queue
                0x00000000200022a4                jitOrRetryTxBusy
                0x00000000200022a5                pendingAckedCount.lto_priv.0
                0x00000000200022a8                sli_zigbee_incoming_tc_link_key_frame_counter
                0x00000000200022ac                sli_zigbee_request_link_key_update
                0x00000000200022b0                sli_zigbee_last_child_age_time_ms
                0x00000000200022b4                sli_zigbee_ms_since_last_poll
                0x00000000200022b8                lastEventTimeMs.lto_priv.0
                0x00000000200022ba                tracePhase.lto_priv.0
                0x00000000200028fc                sl_mac_stack_filter_list
                0x000000002000293c                sl_mac_custom_filter_list_length
                0x000000002000293e                sl_mac_custom_filter_list
                0x000000002000297e                sli_zigbee_descriptor_capability
                0x000000002000297f                sli_zigbee_af_cli_network_index
                0x0000000020002980                sli_zigbee_child_status_data
 *fill*         0x0000000020002982        0x6 
 .bss           0x0000000020002988      0x455 /tmp/ccx9CA2Z.ltrans1.ltrans.o
                0x0000000020002988                sl_zigbee_af_aps_retry_override.lto_priv.0
                0x0000000020002989                sl_zigbee_af_response_type
                0x000000002000298c                sli_zigbee_af_current_command
                0x00000000200029c1                zigDevRequestSequence.lto_priv.0
                0x00000000200029d0                appZclBuffer
                0x0000000020002a24                appZclBufferLen
                0x0000000020002a27                count.lto_priv.0
                0x0000000020002a28                handlerQueue.lto_priv.0
                0x0000000020002ac8                head.lto_priv.0
                0x0000000020002adc                sli_zigbee_binding_remote_node
                0x0000000020002af4                states.lto_priv.0
                0x0000000020002b34                reportTableActiveLength.lto_priv.0
                0x0000000020002b38                sli_zigbee_af_report_volatile_data
                0x0000000020002bec                max_millisecond_conversion.lto_priv.0
                0x0000000020002c36                sli_zigbee_af_syncing_time
                0x0000000020002c4e                sli_zigbee_counters
                0x0000000020002ca2                sli_zigbee_counters_thresholds
                0x0000000020002db8                global_beacon.lto_priv.0
                0x0000000020002dce                purgeBeaconsAfterJoinSuccess.lto_priv.0
                0x0000000020002dcf                beaconListCount.lto_priv.0
                0x0000000020002dd1                zigDevRequestSequence.lto_priv.1
                0x0000000020002dda                avgParentRssi
                0x0000000020002ddc                sli_zigbee_allow_rejoins_with_well_known_key
 *fill*         0x0000000020002ddd        0x3 
 .bss           0x0000000020002de0      0x1f4 /tmp/ccx9CA2Z.ltrans2.ltrans.o
                0x0000000020002de2                sli_zigbee_neighbor_data
                0x0000000020002e06                sli_zigbee_neighbor_count
                0x0000000020002e88                scanResults.lto_priv.0
                0x0000000020002f10                sli_zigbee_frame_counters_table
                0x0000000020002f18                loadedKey.lto_priv.0
                0x0000000020002f28                zb_sec_man_context_key.lto_priv.0
                0x0000000020002f38                encryptionBlock.lto_priv.0
                0x0000000020002f50                currentOutgoingPacket.lto_priv.0
                0x0000000020002f54                macRetries.lto_priv.0
                0x0000000020002f58                beaconList.lto_priv.0
                0x0000000020002f5a                sli_zigbee_security_key_sequence_number
                0x0000000020002f5c                sli_zigbee_next_nwk_frame_counter
                0x0000000020002f64                current_force_tx_after_failed_cca_attempts.lto_priv.0
                0x0000000020002f70                pollQueueHead.lto_priv.0
                0x0000000020002f71                blackListedIdByteArray
                0x0000000020002f72                blacklistedIdsArray
                0x0000000020002f76                sli_zigbee_sleepy_broadcast_header
                0x0000000020002f78                sleepyBroadcastInfo.lto_priv.0
                0x0000000020002f9c                sli_mac_energy_scan_complete_callback
                0x0000000020002fb0                nextApsFrameCounter.lto_priv.0
                0x0000000020002fb4                storedKeysList.lto_priv.0
                0x0000000020002fb6                keyCount.lto_priv.0
                0x0000000020002fb8                current_tag.lto_priv.0
                0x0000000020002fbc                sl_mac_active_response_callback
                0x0000000020002fc0                sl_mac_scan_complete_callback
                0x0000000020002fc4                sl_mac_energy_response_callback
                0x0000000020002fc9                sli_zigbee_tree_depth
                0x0000000020002fca                sli_zigbee_unicast_tx_attempts
                0x0000000020002fcc                sli_zigbee_unicast_tx_failures
                0x0000000020002fce                newChannel.lto_priv.0
 *fill*         0x0000000020002fd4        0x4 
 .bss.sli_rail_f5d6bd4b87b830444924423a67685a3c
                0x0000000020002fd8      0x1a0 /home/repo/SimplicityStudio/zigbee_end_device/simplicity_sdk_2025.6.1/platform/radio/rail_lib/autogen/librail_release/librail_module_efr32xg21_gcc_release.a(rail_rf.o)
 .bss.sli_rail_9fd4b577a88245688a41c225ff145d2d
                0x0000000020003178       0x80 /home/repo/SimplicityStudio/zigbee_end_device/simplicity_sdk_2025.6.1/platform/radio/rail_lib/autogen/librail_release/librail_module_efr32xg21_gcc_release.a(rail_data.o)
 .bss.sli_rail_639739279e8d3d2b15a09f3a35c0cf79
                0x00000000200031f8        0x8 /home/repo/SimplicityStudio/zigbee_end_device/simplicity_sdk_2025.6.1/platform/radio/rail_lib/autogen/librail_release/librail_module_efr32xg21_gcc_release.a(generic_phy.o)
 .bss.object.0  0x0000000020003200       0x18 /opt/ss/SimplicityStudio_v5/developer/toolchains/gnu_arm/12.2.rel1_2023.7/bin/../lib/gcc/arm-none-eabi/12.2.1/thumb/v8-m.main+fp/hard/crtbegin.o
 .bss           0x0000000020003218       0x8f /tmp/ccx9CA2Z.ltrans3.ltrans.o
                0x0000000020003250                sli_zigbee_binding_flags
                0x000000002000326b                nwkSequenceNumber.lto_priv.0
                0x0000000020003270                curCmd
                0x00000000200032a6                afNoSecurityForDefaultResponse.lto_priv.0
 *fill*         0x00000000200032a7        0x1 
 .bss           0x00000000200032a8        0x8 /tmp/ccx9CA2Z.ltrans4.ltrans.o
 .bss.sli_rail_b2d4e2f0808167209d1dba530e0bb939
                0x00000000200032b0      0x200 /home/repo/SimplicityStudio/zigbee_end_device/simplicity_sdk_2025.6.1/platform/radio/rail_lib/autogen/librail_release/librail_module_efr32xg21_gcc_release.a(rail_data.o)
 .bss.sli_rail_assert_rail_handle
                0x00000000200034b0        0x4 /home/repo/SimplicityStudio/zigbee_end_device/simplicity_sdk_2025.6.1/platform/radio/rail_lib/autogen/librail_release/librail_module_efr32xg21_gcc_release.a(rail_assert.o)
                0x00000000200034b0                sli_rail_assert_rail_handle
 .bss.sli_rail_assert_line_number
                0x00000000200034b4        0x4 /home/repo/SimplicityStudio/zigbee_end_device/simplicity_sdk_2025.6.1/platform/radio/rail_lib/autogen/librail_release/librail_module_efr32xg21_gcc_release.a(rail_assert.o)
                0x00000000200034b4                sli_rail_assert_line_number
 .bss.sli_rail_c136c888d348bae01d46584776a71a85
                0x00000000200034b8        0x8 /home/repo/SimplicityStudio/zigbee_end_device/simplicity_sdk_2025.6.1/platform/radio/rail_lib/autogen/librail_release/librail_module_efr32xg21_gcc_release.a(rail_power_manager.o)
 .bss.sli_rail_9173f051b55c13a908edffee1745cddf
                0x00000000200034c0        0x8 /home/repo/SimplicityStudio/zigbee_end_device/simplicity_sdk_2025.6.1/platform/radio/rail_lib/autogen/librail_release/librail_module_efr32xg21_gcc_release.a(rail_power_manager.o)
 .bss.sli_rail_1a9485a7c6b38dd70de7ee0102aa7aaf
                0x00000000200034c8       0x20 /home/repo/SimplicityStudio/zigbee_end_device/simplicity_sdk_2025.6.1/platform/radio/rail_lib/autogen/librail_release/librail_module_efr32xg21_gcc_release.a(rail_power_manager.o)
 .bss.sli_rail_54d89e3959a4bbc543e302fea6710f95
                0x00000000200034e8        0x4 /home/repo/SimplicityStudio/zigbee_end_device/simplicity_sdk_2025.6.1/platform/radio/rail_lib/autogen/librail_release/librail_module_efr32xg21_gcc_release.a(rail_power_manager.o)
                0x00000000200034e8                sli_rail_54d89e3959a4bbc543e302fea6710f95
 .bss.sli_rail_07aed9c96fdcaccc2e6f95e40d8fb12c
                0x00000000200034ec        0x4 /home/repo/SimplicityStudio/zigbee_end_device/simplicity_sdk_2025.6.1/platform/radio/rail_lib/autogen/librail_release/librail_module_efr32xg21_gcc_release.a(rail_power_manager.o)
 .bss.sli_rail_e869e9276015a189cecac6019fc3c018
                0x00000000200034f0        0x4 /home/repo/SimplicityStudio/zigbee_end_device/simplicity_sdk_2025.6.1/platform/radio/rail_lib/autogen/librail_release/librail_module_efr32xg21_gcc_release.a(rail_power_manager.o)
 .bss.sli_rail_4b8dfbaedea31d7cbf1e1ce30323b341
                0x00000000200034f4        0x4 /home/repo/SimplicityStudio/zigbee_end_device/simplicity_sdk_2025.6.1/platform/radio/rail_lib/autogen/librail_release/librail_module_efr32xg21_gcc_release.a(rail_power_manager.o)
 .bss.sli_rail_ff5397f38ac9ffe78ebd137a9facd21f
                0x00000000200034f8        0x4 /home/repo/SimplicityStudio/zigbee_end_device/simplicity_sdk_2025.6.1/platform/radio/rail_lib/autogen/librail_release/librail_module_efr32xg21_gcc_release.a(rail_rf_hal.o)
 .bss.sli_rail_93f64758baf60907f96fa3736d8c95be
                0x00000000200034fc        0x4 /home/repo/SimplicityStudio/zigbee_end_device/simplicity_sdk_2025.6.1/platform/radio/rail_lib/autogen/librail_release/librail_module_efr32xg21_gcc_release.a(rail_rf_hal.o)
 .bss.sli_rail_2c64439bef0520ed6b99a1cb60a3db45
                0x0000000020003500        0x4 /home/repo/SimplicityStudio/zigbee_end_device/simplicity_sdk_2025.6.1/platform/radio/rail_lib/autogen/librail_release/librail_module_efr32xg21_gcc_release.a(rail_rf_hal.o)
 .bss.sli_rail_f220d21fdb41383218da79e92497d6e0
                0x0000000020003504        0x4 /home/repo/SimplicityStudio/zigbee_end_device/simplicity_sdk_2025.6.1/platform/radio/rail_lib/autogen/librail_release/librail_module_efr32xg21_gcc_release.a(rail_rf_hal.o)
 .bss.sli_rail_e547315ea5b6d0aaa7cc739ff29cd150
                0x0000000020003508        0x4 /home/repo/SimplicityStudio/zigbee_end_device/simplicity_sdk_2025.6.1/platform/radio/rail_lib/autogen/librail_release/librail_module_efr32xg21_gcc_release.a(rail_rf_hal.o)
 .bss.sli_rail_ed16766c587fa63e77da03f1b51ef62a
                0x000000002000350c        0x4 /home/repo/SimplicityStudio/zigbee_end_device/simplicity_sdk_2025.6.1/platform/radio/rail_lib/autogen/librail_release/librail_module_efr32xg21_gcc_release.a(rail_rf_hal.o)
 .bss.sli_rail_8b603bfacbd416d9fed4157d0fe5952f
                0x0000000020003510        0x4 /home/repo/SimplicityStudio/zigbee_end_device/simplicity_sdk_2025.6.1/platform/radio/rail_lib/autogen/librail_release/librail_module_efr32xg21_gcc_release.a(rail_rf_hal.o)
 .bss.sli_rail_e596de4f8292ec5a59bf4d802ccf94ce
                0x0000000020003514        0x4 /home/repo/SimplicityStudio/zigbee_end_device/simplicity_sdk_2025.6.1/platform/radio/rail_lib/autogen/librail_release/librail_module_efr32xg21_gcc_release.a(rail_rf_hal.o)
 .bss.sli_rail_a38a6265fbc5cbe2cc3228410b65ace5
                0x0000000020003518        0x4 /home/repo/SimplicityStudio/zigbee_end_device/simplicity_sdk_2025.6.1/platform/radio/rail_lib/autogen/librail_release/librail_module_efr32xg21_gcc_release.a(rail_rf_hal.o)
                0x0000000020003518                sli_rail_a38a6265fbc5cbe2cc3228410b65ace5
 .bss.sli_rail_dcde16df7cedd595b97bd2a7aa082524
                0x000000002000351c        0x4 /home/repo/SimplicityStudio/zigbee_end_device/simplicity_sdk_2025.6.1/platform/radio/rail_lib/autogen/librail_release/librail_module_efr32xg21_gcc_release.a(rail_ieee802154_rf_hal.o)
                0x000000002000351c                sli_rail_dcde16df7cedd595b97bd2a7aa082524
 .bss.sli_rail_2c83a429df0ac09a485d2660685c629a
                0x0000000020003520        0x4 /home/repo/SimplicityStudio/zigbee_end_device/simplicity_sdk_2025.6.1/platform/radio/rail_lib/autogen/librail_release/librail_module_efr32xg21_gcc_release.a(rail_ieee802154_rf_hal.o)
                0x0000000020003520                sli_rail_2c83a429df0ac09a485d2660685c629a
 .bss.sli_rail_8e5f92557b02add76aa494081820c844
                0x0000000020003524        0x4 /home/repo/SimplicityStudio/zigbee_end_device/simplicity_sdk_2025.6.1/platform/radio/rail_lib/autogen/librail_release/librail_module_efr32xg21_gcc_release.a(rail_ieee802154_rf_hal.o)
                0x0000000020003524                sli_rail_8e5f92557b02add76aa494081820c844
 .bss.sli_rail_416b8bd069a196e46ab21a61f0b8399d
                0x0000000020003528        0x4 /home/repo/SimplicityStudio/zigbee_end_device/simplicity_sdk_2025.6.1/platform/radio/rail_lib/autogen/librail_release/librail_module_efr32xg21_gcc_release.a(rail_ieee802154_rf_hal.o)
 .bss.sli_rail_1f4b458cd70474e6143b1726fe373f2d
                0x000000002000352c        0x4 /home/repo/SimplicityStudio/zigbee_end_device/simplicity_sdk_2025.6.1/platform/radio/rail_lib/autogen/librail_release/librail_module_efr32xg21_gcc_release.a(rail_ieee802154_rf_hal.o)
 .bss.sli_rail_101f4b3f7ec22758e9c3af4867b037bf
                0x0000000020003530        0x4 /home/repo/SimplicityStudio/zigbee_end_device/simplicity_sdk_2025.6.1/platform/radio/rail_lib/autogen/librail_release/librail_module_efr32xg21_gcc_release.a(rfhal_bufc.o)
 .bss.sli_rail_e119b6e8991410a924ce1e2fa666a230
                0x0000000020003534        0x4 /home/repo/SimplicityStudio/zigbee_end_device/simplicity_sdk_2025.6.1/platform/radio/rail_lib/autogen/librail_release/librail_module_efr32xg21_gcc_release.a(rfhal_pa.o)
 .bss.sli_rail_4ceed477bbf6903223af2cc67199ad53
                0x0000000020003538       0x2c /home/repo/SimplicityStudio/zigbee_end_device/simplicity_sdk_2025.6.1/platform/radio/rail_lib/autogen/librail_release/librail_module_efr32xg21_gcc_release.a(rfhal_pa.o)
 .bss.sli_rail_8bcb7082e48e6ff370e12cbf831416d4
                0x0000000020003564        0x4 /home/repo/SimplicityStudio/zigbee_end_device/simplicity_sdk_2025.6.1/platform/radio/rail_lib/autogen/librail_release/librail_module_efr32xg21_gcc_release.a(rfhal_pa.o)
 .bss.sli_rail_a6f5c273b65932798e9fe42a4135c816
                0x0000000020003568        0x4 /home/repo/SimplicityStudio/zigbee_end_device/simplicity_sdk_2025.6.1/platform/radio/rail_lib/autogen/librail_release/librail_module_efr32xg21_gcc_release.a(rfhal_pa.o)
 .bss.sli_rail_a7ecbdc9460bec98d7781dd81a879a8b
                0x000000002000356c       0x14 /home/repo/SimplicityStudio/zigbee_end_device/simplicity_sdk_2025.6.1/platform/radio/rail_lib/autogen/librail_release/librail_module_efr32xg21_gcc_release.a(rfhal_pti.o)
 .bss.sli_rail_77815a23ee974b1b058991f6802f3a27
                0x0000000020003580        0x4 /home/repo/SimplicityStudio/zigbee_end_device/simplicity_sdk_2025.6.1/platform/radio/rail_lib/autogen/librail_release/librail_module_efr32xg21_gcc_release.a(rfhal_protimer.o)
                0x0000000020003580                sli_rail_77815a23ee974b1b058991f6802f3a27
 .bss.sli_rail_ba76bc65df776304e41de87b98615d59
                0x0000000020003584        0x4 /home/repo/SimplicityStudio/zigbee_end_device/simplicity_sdk_2025.6.1/platform/radio/rail_lib/autogen/librail_release/librail_module_efr32xg21_gcc_release.a(rfhal_protimer.o)
                0x0000000020003584                sli_rail_ba76bc65df776304e41de87b98615d59
 .bss.sli_rail_b12f64a1631cb80aaba93bc7e62c5401
                0x0000000020003588        0x4 /home/repo/SimplicityStudio/zigbee_end_device/simplicity_sdk_2025.6.1/platform/radio/rail_lib/autogen/librail_release/librail_module_efr32xg21_gcc_release.a(rfhal_protimer.o)
                0x0000000020003588                sli_rail_b12f64a1631cb80aaba93bc7e62c5401
 .bss.sli_rail_cd01ef0a536530215319ced12540ac0b
                0x000000002000358c        0x4 /home/repo/SimplicityStudio/zigbee_end_device/simplicity_sdk_2025.6.1/platform/radio/rail_lib/autogen/librail_release/librail_module_efr32xg21_gcc_release.a(rfhal_protimer.o)
                0x000000002000358c                sli_rail_cd01ef0a536530215319ced12540ac0b
 .bss.sli_rail_28b654493fd84ce3d4a1eafa51d2de06
                0x0000000020003590        0x4 /home/repo/SimplicityStudio/zigbee_end_device/simplicity_sdk_2025.6.1/platform/radio/rail_lib/autogen/librail_release/librail_module_efr32xg21_gcc_release.a(rfhal_protimer.o)
                0x0000000020003590                sli_rail_28b654493fd84ce3d4a1eafa51d2de06
 .bss.sli_rail_053617c4332bb6c7cf6732ee3488f196
                0x0000000020003594       0x30 /home/repo/SimplicityStudio/zigbee_end_device/simplicity_sdk_2025.6.1/platform/radio/rail_lib/autogen/librail_release/librail_module_efr32xg21_gcc_release.a(rfhal_radio.o)
 .bss.sli_rail_246b433d92658e50defa7861b317139f
                0x00000000200035c4       0x18 /home/repo/SimplicityStudio/zigbee_end_device/simplicity_sdk_2025.6.1/platform/radio/rail_lib/autogen/librail_release/librail_module_efr32xg21_gcc_release.a(rfhal_signing.o)
 .bss.sli_rail_46885ee79bb18df54fe729cfba8e607b
                0x00000000200035dc        0x4 /home/repo/SimplicityStudio/zigbee_end_device/simplicity_sdk_2025.6.1/platform/radio/rail_lib/autogen/librail_release/librail_module_efr32xg21_gcc_release.a(rfhal_synth.o)
                0x00000000200035dc                sli_rail_46885ee79bb18df54fe729cfba8e607b
 .bss.sli_rail_d2c542bf069f46066a28f843ca3ff78f
                0x00000000200035e0        0x4 /home/repo/SimplicityStudio/zigbee_end_device/simplicity_sdk_2025.6.1/platform/radio/rail_lib/autogen/librail_release/librail_module_efr32xg21_gcc_release.a(rfhal_synth.o)
                0x00000000200035e0                sli_rail_d2c542bf069f46066a28f843ca3ff78f
 .bss.sli_rail_e0ef4487ab4804a5fea3180e903f26d5
                0x00000000200035e4        0x4 /home/repo/SimplicityStudio/zigbee_end_device/simplicity_sdk_2025.6.1/platform/radio/rail_lib/autogen/librail_release/librail_module_efr32xg21_gcc_release.a(rfhal_synth.o)
 .bss.sli_rail_1735c4d38e84f6ce03a9829499886986
                0x00000000200035e8        0x4 /home/repo/SimplicityStudio/zigbee_end_device/simplicity_sdk_2025.6.1/platform/radio/rail_lib/autogen/librail_release/librail_module_efr32xg21_gcc_release.a(rfhal_timings.o)
 .bss.sli_rail_f9bca167b18e7011edfdb6d3ce9531c6
                0x00000000200035ec       0x10 /home/repo/SimplicityStudio/zigbee_end_device/simplicity_sdk_2025.6.1/platform/radio/rail_lib/autogen/librail_release/librail_module_efr32xg21_gcc_release.a(rfhal_timings.o)
 .bss.sli_rail_9c2a5a1193e307c22559a2580488663c
                0x00000000200035fc        0x4 /home/repo/SimplicityStudio/zigbee_end_device/simplicity_sdk_2025.6.1/platform/radio/rail_lib/autogen/librail_release/librail_module_efr32xg21_gcc_release.a(rfhal_timings.o)
 .bss.sli_rail_e313b55611f42bb8fd6c98edfa75cd8f
                0x0000000020003600        0x4 /home/repo/SimplicityStudio/zigbee_end_device/simplicity_sdk_2025.6.1/platform/radio/rail_lib/autogen/librail_release/librail_module_efr32xg21_gcc_release.a(generic_phy.o)
                0x0000000020003600                sli_rail_e313b55611f42bb8fd6c98edfa75cd8f
 .bss.sli_rail_42987b2d051e27bbd12feb66e8f8ca45
                0x0000000020003604        0x4 /home/repo/SimplicityStudio/zigbee_end_device/simplicity_sdk_2025.6.1/platform/radio/rail_lib/autogen/librail_release/librail_module_efr32xg21_gcc_release.a(generic_phy.o)
 .bss.sli_rail_b1a34801bf30cc1514fb2857dcf77060
                0x0000000020003608       0x18 /home/repo/SimplicityStudio/zigbee_end_device/simplicity_sdk_2025.6.1/platform/radio/rail_lib/autogen/librail_release/librail_module_efr32xg21_gcc_release.a(generic_phy.o)
                0x0000000020003608                sli_rail_b1a34801bf30cc1514fb2857dcf77060
 .bss.sli_rail_af3c6973dddd532ce508e3f9924571a4
                0x0000000020003620        0x4 /home/repo/SimplicityStudio/zigbee_end_device/simplicity_sdk_2025.6.1/platform/radio/rail_lib/autogen/librail_release/librail_module_efr32xg21_gcc_release.a(rail_singleprotocol.o)
 .bss.RAIL_ActiveHandle
                0x0000000020003624        0x4 /home/repo/SimplicityStudio/zigbee_end_device/simplicity_sdk_2025.6.1/platform/radio/rail_lib/autogen/librail_release/librail_module_efr32xg21_gcc_release.a(rail_singleprotocol.o)
                0x0000000020003624                RAIL_ActiveHandle
 .bss.__sf      0x0000000020003628      0x138 /opt/ss/SimplicityStudio_v5/developer/toolchains/gnu_arm/12.2.rel1_2023.7/bin/../lib/gcc/arm-none-eabi/12.2.1/../../../../arm-none-eabi/lib/thumb/v8-m.main+fp/hard/libc_nano.a(libc_a-findfp.o)
                0x0000000020003628                __sf
 .bss.__stdio_exit_handler
                0x0000000020003760        0x4 /opt/ss/SimplicityStudio_v5/developer/toolchains/gnu_arm/12.2.rel1_2023.7/bin/../lib/gcc/arm-none-eabi/12.2.1/../../../../arm-none-eabi/lib/thumb/v8-m.main+fp/hard/libc_nano.a(libc_a-findfp.o)
                0x0000000020003760                __stdio_exit_handler
 .bss.sli_rail_f79cb613c0d804d5b844145d8d088130
                0x0000000020003764        0x2 /home/repo/SimplicityStudio/zigbee_end_device/simplicity_sdk_2025.6.1/platform/radio/rail_lib/autogen/librail_release/librail_module_efr32xg21_gcc_release.a(rfhal_module.o)
 .bss.sli_rail_984a073d072f71c72895558117076777
                0x0000000020003766       0x18 /home/repo/SimplicityStudio/zigbee_end_device/simplicity_sdk_2025.6.1/platform/radio/rail_lib/autogen/librail_release/librail_module_efr32xg21_gcc_release.a(rfhal_radio.o)
 .bss.completed.1
                0x000000002000377e        0x1 /opt/ss/SimplicityStudio_v5/developer/toolchains/gnu_arm/12.2.rel1_2023.7/bin/../lib/gcc/arm-none-eabi/12.2.1/thumb/v8-m.main+fp/hard/crtbegin.o
 .bss.sli_rail_d65d23c2b23fdd806a6e8f3e64b0323d
                0x000000002000377f        0x1 /home/repo/SimplicityStudio/zigbee_end_device/simplicity_sdk_2025.6.1/platform/radio/rail_lib/autogen/librail_release/librail_module_efr32xg21_gcc_release.a(rail_power_manager.o)
 .bss.sli_rail_61af0a7c75316b90cbcd8fa25d8ab561
                0x0000000020003780        0x1 /home/repo/SimplicityStudio/zigbee_end_device/simplicity_sdk_2025.6.1/platform/radio/rail_lib/autogen/librail_release/librail_module_efr32xg21_gcc_release.a(rail_power_manager.o)
 .bss.sli_rail_aa6a27b2d33ee099d3bcb8c9cc528c7f
                0x0000000020003781        0x1 /home/repo/SimplicityStudio/zigbee_end_device/simplicity_sdk_2025.6.1/platform/radio/rail_lib/autogen/librail_release/librail_module_efr32xg21_gcc_release.a(rail_power_manager.o)
 .bss.sli_rail_b8fbc7affa20b169b7320e9641707b1c
                0x0000000020003782        0x1 /home/repo/SimplicityStudio/zigbee_end_device/simplicity_sdk_2025.6.1/platform/radio/rail_lib/autogen/librail_release/librail_module_efr32xg21_gcc_release.a(rail_rf_hal.o)
 .bss.sli_rail_08d1a986c4d60bf6ed7ab6ba0f7c8b79
                0x0000000020003783        0x1 /home/repo/SimplicityStudio/zigbee_end_device/simplicity_sdk_2025.6.1/platform/radio/rail_lib/autogen/librail_release/librail_module_efr32xg21_gcc_release.a(rail_rf_hal.o)
 .bss.sli_rail_aa9871042d83d383c8f35ed1d86b8c36
                0x0000000020003784        0x1 /home/repo/SimplicityStudio/zigbee_end_device/simplicity_sdk_2025.6.1/platform/radio/rail_lib/autogen/librail_release/librail_module_efr32xg21_gcc_release.a(rail_rf_hal.o)
 .bss.sli_rail_788a850e8c59ec185d8b5df36a1937cc
                0x0000000020003785        0x1 /home/repo/SimplicityStudio/zigbee_end_device/simplicity_sdk_2025.6.1/platform/radio/rail_lib/autogen/librail_release/librail_module_efr32xg21_gcc_release.a(rail_rf_hal.o)
 .bss.sli_rail_4f035f7b636407302a73e486ed07742f
                0x0000000020003786        0x1 /home/repo/SimplicityStudio/zigbee_end_device/simplicity_sdk_2025.6.1/platform/radio/rail_lib/autogen/librail_release/librail_module_efr32xg21_gcc_release.a(rfhal_pa.o)
                0x0000000020003786                sli_rail_4f035f7b636407302a73e486ed07742f
 .bss.sli_rail_4faa7d5d81fd9c1006f9e5e2bda93984
                0x0000000020003787        0x1 /home/repo/SimplicityStudio/zigbee_end_device/simplicity_sdk_2025.6.1/platform/radio/rail_lib/autogen/librail_release/librail_module_efr32xg21_gcc_release.a(rfhal_pa.o)
 .bss.sli_rail_ca93d10fbac202c6d87c88a8ed8c25d9
                0x0000000020003788        0x1 /home/repo/SimplicityStudio/zigbee_end_device/simplicity_sdk_2025.6.1/platform/radio/rail_lib/autogen/librail_release/librail_module_efr32xg21_gcc_release.a(rfhal_pti.o)
 .bss.sli_rail_d44ce05629f0f82a46113aea09cf992c
                0x0000000020003789        0x1 /home/repo/SimplicityStudio/zigbee_end_device/simplicity_sdk_2025.6.1/platform/radio/rail_lib/autogen/librail_release/librail_module_efr32xg21_gcc_release.a(rfhal_pti.o)
 .bss.sli_rail_e557063ab17d1848a26f3a64413bbbf6
                0x000000002000378a        0x8 /home/repo/SimplicityStudio/zigbee_end_device/simplicity_sdk_2025.6.1/platform/radio/rail_lib/autogen/librail_release/librail_module_efr32xg21_gcc_release.a(rfhal_protimer.o)
                0x000000002000378a                sli_rail_e557063ab17d1848a26f3a64413bbbf6
 .bss.sli_rail_0d06f1ee4ad18ea63440e3dab85db2cd
                0x0000000020003792        0x1 /home/repo/SimplicityStudio/zigbee_end_device/simplicity_sdk_2025.6.1/platform/radio/rail_lib/autogen/librail_release/librail_module_efr32xg21_gcc_release.a(rfhal_protimer.o)
 .bss.sli_rail_d25f20e5b6d9231049127162f5e67fbc
                0x0000000020003793        0x1 /home/repo/SimplicityStudio/zigbee_end_device/simplicity_sdk_2025.6.1/platform/radio/rail_lib/autogen/librail_release/librail_module_efr32xg21_gcc_release.a(rfhal_signing.o)
 .bss.sli_rail_ad6c515376a389eda8c30c522717e072
                0x0000000020003794        0x1 /home/repo/SimplicityStudio/zigbee_end_device/simplicity_sdk_2025.6.1/platform/radio/rail_lib/autogen/librail_release/librail_module_efr32xg21_gcc_release.a(rfhal_synth.o)
 .bss.sli_rail_12069b73fc4ad22f7e0efeeaf4d72db1
                0x0000000020003795        0x2 /home/repo/SimplicityStudio/zigbee_end_device/simplicity_sdk_2025.6.1/platform/radio/rail_lib/autogen/librail_release/librail_module_efr32xg21_gcc_release.a(generic_phy.o)
 .bss.sli_rail_e6aee15ae7814f2f54e328c05aba128b
                0x0000000020003797        0x1 /home/repo/SimplicityStudio/zigbee_end_device/simplicity_sdk_2025.6.1/platform/radio/rail_lib/autogen/librail_release/librail_module_efr32xg21_gcc_release.a(generic_phy.o)
 .bss.sli_rail_040353de6a60303cbe8462a9a7e732b2
                0x0000000020003798        0x1 /home/repo/SimplicityStudio/zigbee_end_device/simplicity_sdk_2025.6.1/platform/radio/rail_lib/autogen/librail_release/librail_module_efr32xg21_gcc_release.a(generic_phy.o)
                0x0000000020003798                sli_rail_040353de6a60303cbe8462a9a7e732b2
 .bss.sli_rail_83734be183caaa01d42e459088f1f91f
                0x0000000020003799        0x1 /home/repo/SimplicityStudio/zigbee_end_device/simplicity_sdk_2025.6.1/platform/radio/rail_lib/autogen/librail_release/librail_module_efr32xg21_gcc_release.a(generic_phy.o)
 .bss.sli_rail_0c722850fa703c7396a762b97dcdc47e
                0x000000002000379a        0x1 /home/repo/SimplicityStudio/zigbee_end_device/simplicity_sdk_2025.6.1/platform/radio/rail_lib/autogen/librail_release/librail_module_efr32xg21_gcc_release.a(generic_phy.o)
 .bss.sli_rail_0c38576adf8db7eb0672207aa84c11cf
                0x000000002000379b        0x1 /home/repo/SimplicityStudio/zigbee_end_device/simplicity_sdk_2025.6.1/platform/radio/rail_lib/autogen/librail_release/librail_module_efr32xg21_gcc_release.a(generic_phy.o)
 .bss.sli_rail_ecb9f3f5a3454d17e04468f1ac1c0956
                0x000000002000379c        0x1 /home/repo/SimplicityStudio/zigbee_end_device/simplicity_sdk_2025.6.1/platform/radio/rail_lib/autogen/librail_release/librail_module_efr32xg21_gcc_release.a(generic_phy.o)
 .bss.sli_rail_4b72faa85e26b531f083bbbb46531f17
                0x000000002000379d        0x1 /home/repo/SimplicityStudio/zigbee_end_device/simplicity_sdk_2025.6.1/platform/radio/rail_lib/autogen/librail_release/librail_module_efr32xg21_gcc_release.a(generic_phy.o)
 *(COMMON)
                0x00000000200037a0                . = ALIGN (0x4)
 *fill*         0x000000002000379e        0x2 
                0x00000000200037a0                __bss_end__ = .

.noinit         0x00000000200037a0       0x9c
 *(.noinit*)
 .noinit        0x00000000200037a0       0x9c /tmp/ccx9CA2Z.ltrans0.ltrans.o
                0x00000000200037a4                halCrashInfo
                0x000000002000383c                . = ALIGN (0x4)

text_application_ram
                0x000000002000383c      0x104 load address 0x0000000000004134
                0x000000002000383c                . = ALIGN (0x4)
                0x000000002000383c                __vma_ramfuncs_start__ = .
                0x000000002000383c                __text_application_ram_start__ = .
 *(text_application_ram)
 text_application_ram
                0x000000002000383c      0x104 /tmp/ccx9CA2Z.ltrans0.ltrans.o
                0x0000000020003890                MSC_WriteWord
                0x0000000020003940                . = ALIGN (0x4)
                0x0000000020003940                __vma_ramfuncs_end__ = .
                0x0000000020003940                __text_application_ram_end__ = .

.rodata         0x0000000000004238        0x0
                0x0000000000004238                __lma_ramfuncs_end__ = .
                0x0000000000004238                __rodata_start__ = .
                0x0000000000004238                __rodata_end__ = .

.text           0x0000000000004238    0x32cfc
                0x0000000000004238                linker_code_begin = .
 *(SORT_BY_ALIGNMENT(.text*))
 .text          0x0000000000004238     0x70f8 /tmp/ccx9CA2Z.ltrans0.ltrans.o
                0x0000000000004238                sli_driver_permanent_allocation
                0x0000000000004260                sl_interrupt_manager_clear_irq_pending
                0x000000000000427c                sl_zigbee_af_identify_cluster_server_tick_cb
                0x000000000000427e                sli_zigbee_af_remote_delete_binding
                0x0000000000004280                sli_zigbee_af_switch_network_key
                0x0000000000004282                sli_zigbee_af_mac_passthrough_filter
                0x00000000000043d8                sl_simple_led_toggle
                0x0000000000004424                sl_simple_led_get_state
                0x000000000000464c                enumScanCacheCallback.lto_priv.0
                0x00000000000046d8                eraseFirstPageScanCacheCallback.lto_priv.0
                0x0000000000004728                eraseFirstPageCallback.lto_priv.0
                0x00000000000050a6                sli_simple_button_on_change.lto_priv.0
                0x0000000000005d04                __uart_async_rx_dma_callback.lto_priv.0
                0x0000000000005fa4                sl_zigbee_af_find_and_bind_initiator_complete_cb
                0x0000000000005ffc                sl_strnlen
                0x0000000000006010                _close
                0x0000000000006016                _exit
                0x0000000000006018                _lseek
                0x000000000000601c                _read
                0x0000000000006020                _write
                0x0000000000006024                sl_gpio_set_pin
                0x0000000000006080                sl_gpio_clear_pin
                0x00000000000060dc                sl_simple_led_turn_on
                0x0000000000006100                sl_simple_led_turn_off
                0x0000000000006124                counterIncFldGet.lto_priv.0
                0x0000000000006168                workBegin.lto_priv.0
                0x0000000000006184                nvm3_cacheScan
                0x00000000000061c8                nvm3_objHdrGetDatLen
                0x00000000000061e6                nvm3_utilsComputeBergerCode
                0x0000000000006222                readCounter.lto_priv.0
                0x0000000000006406                nvm3_pageGetState
                0x000000000000648e                getFirstObjAdrInNextGoodPage.lto_priv.0
                0x00000000000067b4                fifoScan.lto_priv.0
                0x000000000000683c                getFreeSize.lto_priv.0
                0x00000000000068a2                findObj.lto_priv.0
                0x0000000000006a68                enumScanFifoCallback.lto_priv.0
                0x0000000000007014                fifoWriteWrapper.lto_priv.0
                0x0000000000007120                nvm3_writeData
                0x0000000000007240                nvm3_writeCounter
                0x0000000000007330                repackFirstPageScanCacheCallback.lto_priv.0
                0x00000000000073ec                repackFirstPageCallback.lto_priv.0
                0x0000000000007470                findCurrentEraseCnt.lto_priv.0
                0x00000000000075d0                erasePage.lto_priv.0
                0x0000000000007a8c                sl_hal_bus_reg_write_mask.lto_priv.0
                0x0000000000007a8c                BUS_RegMaskedWrite.lto_priv.0.lto_priv.0
                0x0000000000007b40                sl_gpio_set_pin_mode
                0x0000000000007d1c                sl_simple_led_init
                0x0000000000007f1c                CMU_ClockFreqGet
                0x00000000000080bc                CMU_HFXOCTuneSet
                0x0000000000008130                CMU_HFXOCTuneGet
                0x000000000000817c                CMU_HFXOCTuneDeltaSet
                0x0000000000008188                CMU_HFXOCTuneDeltaGet
                0x0000000000008194                CMU_HFXOCoreBiasCurrentCalibrate
                0x00000000000081f0                LDMA_StartTransfer
                0x0000000000008280                LDMA_StopTransfer
                0x00000000000082ac                LDMA_TransferDone
                0x0000000000008310                PRS_SourceAsyncSignalSet
                0x000000000000832c                PRS_GetFreeChannel
                0x0000000000008364                PRS_ConnectConsumer
                0x000000000000837c                RTCC_SyncWait.lto_priv.0
                0x000000000000838c                SYSTEM_ChipRevisionGet
                0x00000000000083dc                sl_railcb_convert_ddbm_to_power_setting_entry
                0x00000000000083e0                RAIL_ConvertDbmToRaw
                0x00000000000084ec                RAIL_ConvertRawToDbm
                0x00000000000085d8                sli_se_mailbox_command_add_input
                0x00000000000085ec                sl_cli_get_argument_hex
                0x00000000000085fe                enable_interrupt.lto_priv.0
                0x0000000000008618                Reset_Handler
                0x00000000000086e8                sl_iostream_get_default
                0x0000000000008808                sl_iostream_putchar
                0x0000000000008830                stream_putchar.lto_priv.0
                0x0000000000008838                halInternalSysReset
                0x0000000000008858                halInternalCrashHandler
                0x0000000000008a30                halCommonGetRandom
                0x0000000000008a64                sli_zigbee_af_stack_status
                0x0000000000008d3c                _sbrk
                0x0000000000008d3e                __wrap__malloc_r
                0x0000000000008d54                __wrap__free_r
                0x0000000000008d60                __wrap__calloc_r
                0x0000000000008d8a                sli_memory_metadata_init
                0x0000000000008d92                sli_update_free_list_heads
                0x0000000000008e12                __wrap__realloc_r
                0x0000000000009054                sl_power_manager_subscribe_em_transition_event
                0x00000000000090c4                sl_power_manager_unsubscribe_em_transition_event
                0x00000000000090f4                sli_power_manager_debug_log_em_requirement
                0x00000000000090f6                sli_power_manager_set_high_accuracy_hf_clock_as_used
 .text          0x000000000000b330     0x5998 /tmp/ccx9CA2Z.ltrans1.ltrans.o
                0x000000000000b330                optionRegisterCommand
                0x000000000000b332                optionDiscoveryTargetCommand
                0x000000000000b348                optionApsRetryCommand
                0x000000000000b37c                optionApsSecurityCommand
                0x000000000000b39c                optionSecuritySetKeyRequestPolicy
                0x000000000000b39e                keysClearCommand
                0x000000000000b3a0                sli_zigbee_cli_zcl_time_command
                0x000000000000b3a2                sli_zigbee_cli_zcl_test_response_off_command
                0x000000000000b3b4                sli_zigbee_cli_zcl_global_direction_command
                0x000000000000b3d0                sli_zigbee_af_cli_send_using_multicast_binding_command
                0x000000000000b3ee                sl_zigbee_af_idle_sleep_awake_when_not_joined_command
                0x000000000000b408                sl_zigbee_mark_buffers_handler
                0x000000000000b40c                sl_zigbee_af_counters_send_request_command
                0x000000000000b40e                sl_zigbee_af_identify_cluster_client_command_parse
                0x000000000000b474                sl_zigbee_af_set_tc_link_key_update_timer_command
                0x000000000000b4ec                sli_zigbee_cli_zcl_test_response_on_command
                0x000000000000b4fc                sli_zigbee_cli_version_command
                0x000000000000b520                optionBindingTableClearCommand
                0x000000000000b624                sli_zigbee_cli_zcl_identify_on_command
                0x000000000000b638                sli_zigbee_cli_zcl_identify_off_command
                0x000000000000b63c                sl_zigbee_af_network_steering_set_preconfigured_key_command
                0x000000000000b6d6                zdoClearClusterCommand
                0x000000000000b708                energy_mode_transition_callback.lto_priv.0
                0x000000000000b78c                RTCC_CounterGet.lto_priv.0
                0x000000000000b79a                halFlashWriteSE.lto_priv.0
                0x000000000000b88c                sli_token_manager_decode_token_type
                0x000000000000b8be                zclBufferSetup.lto_priv.0
                0x000000000000b92c                zcl_buffer_add_byte.lto_priv.0
                0x000000000000b944                zcl_buffer_add_word.lto_priv.0
                0x000000000000b99c                sl_zigbee_af_find_and_bind_initiator_start
                0x000000000000ba20                sl_zigbee_af_find_and_bind_initiator_start_command
                0x000000000000ba2c                sli_zigbee_af_reporting_set_entry
                0x000000000000ba3c                maybeCallNextHandler.lto_priv.0
                0x000000000000ba84                scanNetworkEventHandler.lto_priv.0
                0x000000000000bb04                sl_zigbee_af_network_state
                0x000000000000bb24                sl_zigbee_af_get_node_id
                0x000000000000bb40                sli_zigbee_af_get_endpoint
                0x000000000000bb60                sl_zigbee_af_get_data_size
                0x000000000000bb8c                sli_zigbee_af_get_manufacturer_code_for_attribute
                0x000000000000bb9a                sli_zigbee_af_match_cluster
                0x000000000000bbc8                sli_retrieve_cluster_attribute_metadata_and_storage_location
                0x000000000000bcf0                sl_zigbee_af_locate_attribute_metadata
                0x000000000000bd20                sl_zigbee_af_index_from_endpoint
                0x000000000000bd50                sli_zigbee_af_get_endpoint_description
                0x000000000000bde4                sl_zigbee_af_find_cluster_with_mfg_code
                0x000000000000c0c0                sli_zigbee_af_get_endpoint_cluster